../Drivers/STM32L0xx_HAL_Driver/Src/stm32l0xx_hal_uart.c:291:19:HAL_UART_Init	16	static
../Drivers/STM32L0xx_HAL_Driver/Src/stm32l0xx_hal_uart.c:366:19:HAL_HalfDuplex_Init	16	static
../Drivers/STM32L0xx_HAL_Driver/Src/stm32l0xx_hal_uart.c:441:19:HAL_LIN_Init	16	static
../Drivers/STM32L0xx_HAL_Driver/Src/stm32l0xx_hal_uart.c:540:19:HAL_MultiProcessor_Init	24	static
../Drivers/STM32L0xx_HAL_Driver/Src/stm32l0xx_hal_uart.c:616:19:HAL_UART_DeInit	16	static
../Drivers/STM32L0xx_HAL_Driver/Src/stm32l0xx_hal_uart.c:663:13:HAL_UART_MspInit	16	static
../Drivers/STM32L0xx_HAL_Driver/Src/stm32l0xx_hal_uart.c:678:13:HAL_UART_MspDeInit	16	static
../Drivers/STM32L0xx_HAL_Driver/Src/stm32l0xx_hal_uart.c:1087:19:HAL_UART_Transmit	48	static
../Drivers/STM32L0xx_HAL_Driver/Src/stm32l0xx_hal_uart.c:1189:19:HAL_UART_Receive	48	static
../Drivers/STM32L0xx_HAL_Driver/Src/stm32l0xx_hal_uart.c:1289:19:HAL_UART_Transmit_IT	40	static,ignoring_inline_asm
../Drivers/STM32L0xx_HAL_Driver/Src/stm32l0xx_hal_uart.c:1354:19:HAL_UART_Receive_IT	40	static,ignoring_inline_asm
../Drivers/STM32L0xx_HAL_Driver/Src/stm32l0xx_hal_uart.c:1411:19:HAL_UART_Transmit_DMA	40	static,ignoring_inline_asm
../Drivers/STM32L0xx_HAL_Driver/Src/stm32l0xx_hal_uart.c:1497:19:HAL_UART_Receive_DMA	40	static,ignoring_inline_asm
../Drivers/STM32L0xx_HAL_Driver/Src/stm32l0xx_hal_uart.c:1544:19:HAL_UART_DMAPause	88	static,ignoring_inline_asm
../Drivers/STM32L0xx_HAL_Driver/Src/stm32l0xx_hal_uart.c:1574:19:HAL_UART_DMAResume	80	static,ignoring_inline_asm
../Drivers/STM32L0xx_HAL_Driver/Src/stm32l0xx_hal_uart.c:1605:19:HAL_UART_DMAStop	56	static,ignoring_inline_asm
../Drivers/STM32L0xx_HAL_Driver/Src/stm32l0xx_hal_uart.c:1680:19:HAL_UART_Abort	96	static,ignoring_inline_asm
../Drivers/STM32L0xx_HAL_Driver/Src/stm32l0xx_hal_uart.c:1777:19:HAL_UART_AbortTransmit	48	static,ignoring_inline_asm
../Drivers/STM32L0xx_HAL_Driver/Src/stm32l0xx_hal_uart.c:1830:19:HAL_UART_AbortReceive	80	static,ignoring_inline_asm
../Drivers/STM32L0xx_HAL_Driver/Src/stm32l0xx_hal_uart.c:1898:19:HAL_UART_Abort_IT	104	static,ignoring_inline_asm
../Drivers/STM32L0xx_HAL_Driver/Src/stm32l0xx_hal_uart.c:2045:19:HAL_UART_AbortTransmit_IT	48	static,ignoring_inline_asm
../Drivers/STM32L0xx_HAL_Driver/Src/stm32l0xx_hal_uart.c:2130:19:HAL_UART_AbortReceive_IT	80	static,ignoring_inline_asm
../Drivers/STM32L0xx_HAL_Driver/Src/stm32l0xx_hal_uart.c:2223:6:HAL_UART_IRQHandler	184	static,ignoring_inline_asm
../Drivers/STM32L0xx_HAL_Driver/Src/stm32l0xx_hal_uart.c:2547:13:HAL_UART_TxCpltCallback	16	static
../Drivers/STM32L0xx_HAL_Driver/Src/stm32l0xx_hal_uart.c:2562:13:HAL_UART_TxHalfCpltCallback	16	static
../Drivers/STM32L0xx_HAL_Driver/Src/stm32l0xx_hal_uart.c:2577:13:HAL_UART_RxCpltCallback	16	static
../Drivers/STM32L0xx_HAL_Driver/Src/stm32l0xx_hal_uart.c:2592:13:HAL_UART_RxHalfCpltCallback	16	static
../Drivers/STM32L0xx_HAL_Driver/Src/stm32l0xx_hal_uart.c:2607:13:HAL_UART_ErrorCallback	16	static
../Drivers/STM32L0xx_HAL_Driver/Src/stm32l0xx_hal_uart.c:2622:13:HAL_UART_AbortCpltCallback	16	static
../Drivers/STM32L0xx_HAL_Driver/Src/stm32l0xx_hal_uart.c:2637:13:HAL_UART_AbortTransmitCpltCallback	16	static
../Drivers/STM32L0xx_HAL_Driver/Src/stm32l0xx_hal_uart.c:2652:13:HAL_UART_AbortReceiveCpltCallback	16	static
../Drivers/STM32L0xx_HAL_Driver/Src/stm32l0xx_hal_uart.c:2669:13:HAL_UARTEx_RxEventCallback	16	static
../Drivers/STM32L0xx_HAL_Driver/Src/stm32l0xx_hal_uart.c:2717:6:HAL_UART_ReceiverTimeout_Config	16	static
../Drivers/STM32L0xx_HAL_Driver/Src/stm32l0xx_hal_uart.c:2732:19:HAL_UART_EnableReceiverTimeout	16	static
../Drivers/STM32L0xx_HAL_Driver/Src/stm32l0xx_hal_uart.c:2770:19:HAL_UART_DisableReceiverTimeout	16	static
../Drivers/STM32L0xx_HAL_Driver/Src/stm32l0xx_hal_uart.c:2808:19:HAL_MultiProcessor_EnableMuteMode	32	static,ignoring_inline_asm
../Drivers/STM32L0xx_HAL_Driver/Src/stm32l0xx_hal_uart.c:2828:19:HAL_MultiProcessor_DisableMuteMode	32	static,ignoring_inline_asm
../Drivers/STM32L0xx_HAL_Driver/Src/stm32l0xx_hal_uart.c:2848:6:HAL_MultiProcessor_EnterMuteMode	16	static
../Drivers/STM32L0xx_HAL_Driver/Src/stm32l0xx_hal_uart.c:2858:19:HAL_HalfDuplex_EnableTransmitter	48	static,ignoring_inline_asm
../Drivers/STM32L0xx_HAL_Driver/Src/stm32l0xx_hal_uart.c:2881:19:HAL_HalfDuplex_EnableReceiver	48	static,ignoring_inline_asm
../Drivers/STM32L0xx_HAL_Driver/Src/stm32l0xx_hal_uart.c:2905:19:HAL_LIN_SendBreak	16	static
../Drivers/STM32L0xx_HAL_Driver/Src/stm32l0xx_hal_uart.c:2950:23:HAL_UART_GetState	24	static
../Drivers/STM32L0xx_HAL_Driver/Src/stm32l0xx_hal_uart.c:2966:10:HAL_UART_GetError	16	static
../Drivers/STM32L0xx_HAL_Driver/Src/stm32l0xx_hal_uart.c:3010:19:UART_SetConfig	72	static
../Drivers/STM32L0xx_HAL_Driver/Src/stm32l0xx_hal_uart.c:3234:6:UART_AdvFeatureConfig	16	static
../Drivers/STM32L0xx_HAL_Driver/Src/stm32l0xx_hal_uart.c:3308:19:UART_CheckIdleState	80	static,ignoring_inline_asm
../Drivers/STM32L0xx_HAL_Driver/Src/stm32l0xx_hal_uart.c:3377:19:UART_WaitOnFlagUntilTimeout	24	static
../Drivers/STM32L0xx_HAL_Driver/Src/stm32l0xx_hal_uart.c:3445:19:UART_Start_Receive_IT	72	static,ignoring_inline_asm
../Drivers/STM32L0xx_HAL_Driver/Src/stm32l0xx_hal_uart.c:3494:19:UART_Start_Receive_DMA	72	static,ignoring_inline_asm
../Drivers/STM32L0xx_HAL_Driver/Src/stm32l0xx_hal_uart.c:3551:13:UART_EndTxTransfer	32	static,ignoring_inline_asm
../Drivers/STM32L0xx_HAL_Driver/Src/stm32l0xx_hal_uart.c:3566:13:UART_EndRxTransfer	64	static,ignoring_inline_asm
../Drivers/STM32L0xx_HAL_Driver/Src/stm32l0xx_hal_uart.c:3592:13:UART_DMATransmitCplt	56	static,ignoring_inline_asm
../Drivers/STM32L0xx_HAL_Driver/Src/stm32l0xx_hal_uart.c:3626:13:UART_DMATxHalfCplt	24	static
../Drivers/STM32L0xx_HAL_Driver/Src/stm32l0xx_hal_uart.c:3644:13:UART_DMAReceiveCplt	88	static,ignoring_inline_asm
../Drivers/STM32L0xx_HAL_Driver/Src/stm32l0xx_hal_uart.c:3717:13:UART_DMARxHalfCplt	24	static
../Drivers/STM32L0xx_HAL_Driver/Src/stm32l0xx_hal_uart.c:3765:13:UART_DMAError	32	static
../Drivers/STM32L0xx_HAL_Driver/Src/stm32l0xx_hal_uart.c:3805:13:UART_DMAAbortOnError	24	static
../Drivers/STM32L0xx_HAL_Driver/Src/stm32l0xx_hal_uart.c:3827:13:UART_DMATxAbortCallback	24	static
../Drivers/STM32L0xx_HAL_Driver/Src/stm32l0xx_hal_uart.c:3877:13:UART_DMARxAbortCallback	24	static
../Drivers/STM32L0xx_HAL_Driver/Src/stm32l0xx_hal_uart.c:3929:13:UART_DMATxOnlyAbortCallback	24	static
../Drivers/STM32L0xx_HAL_Driver/Src/stm32l0xx_hal_uart.c:3957:13:UART_DMARxOnlyAbortCallback	24	static
../Drivers/STM32L0xx_HAL_Driver/Src/stm32l0xx_hal_uart.c:3990:13:UART_TxISR_8BIT	48	static,ignoring_inline_asm
../Drivers/STM32L0xx_HAL_Driver/Src/stm32l0xx_hal_uart.c:4019:13:UART_TxISR_16BIT	56	static,ignoring_inline_asm
../Drivers/STM32L0xx_HAL_Driver/Src/stm32l0xx_hal_uart.c:4051:13:UART_EndTransmit_IT	32	static,ignoring_inline_asm
../Drivers/STM32L0xx_HAL_Driver/Src/stm32l0xx_hal_uart.c:4076:13:UART_RxISR_8BIT	88	static,ignoring_inline_asm
../Drivers/STM32L0xx_HAL_Driver/Src/stm32l0xx_hal_uart.c:4167:13:UART_RxISR_16BIT	88	static,ignoring_inline_asm
