Archive member included to satisfy reference by file (symbol)

D:/ST/STM32CubeIDE_1.18.1/STM32CubeIDE/plugins/com.st.stm32cube.ide.mcu.externaltools.gnu-tools-for-stm32.13.3.rel1.win32_1.0.0.202411081344/tools/bin/../lib/gcc/arm-none-eabi/13.3.1/../../../../arm-none-eabi/lib/thumb/v6-m/nofp\libc_nano.a(libc_a-atoi.o)
                              ./Modules/ExtFlash/ntn_config.o (atoi)
D:/ST/STM32CubeIDE_1.18.1/STM32CubeIDE/plugins/com.st.stm32cube.ide.mcu.externaltools.gnu-tools-for-stm32.13.3.rel1.win32_1.0.0.202411081344/tools/bin/../lib/gcc/arm-none-eabi/13.3.1/../../../../arm-none-eabi/lib/thumb/v6-m/nofp\libc_nano.a(libc_a-exit.o)
                              D:/ST/STM32CubeIDE_1.18.1/STM32CubeIDE/plugins/com.st.stm32cube.ide.mcu.externaltools.gnu-tools-for-stm32.13.3.rel1.win32_1.0.0.202411081344/tools/bin/../lib/gcc/arm-none-eabi/13.3.1/../../../../arm-none-eabi/lib/thumb/v6-m/nofp/crt0.o (exit)
D:/ST/STM32CubeIDE_1.18.1/STM32CubeIDE/plugins/com.st.stm32cube.ide.mcu.externaltools.gnu-tools-for-stm32.13.3.rel1.win32_1.0.0.202411081344/tools/bin/../lib/gcc/arm-none-eabi/13.3.1/../../../../arm-none-eabi/lib/thumb/v6-m/nofp\libc_nano.a(libc_a-strtol.o)
                              D:/ST/STM32CubeIDE_1.18.1/STM32CubeIDE/plugins/com.st.stm32cube.ide.mcu.externaltools.gnu-tools-for-stm32.13.3.rel1.win32_1.0.0.202411081344/tools/bin/../lib/gcc/arm-none-eabi/13.3.1/../../../../arm-none-eabi/lib/thumb/v6-m/nofp\libc_nano.a(libc_a-atoi.o) (_strtol_r)
D:/ST/STM32CubeIDE_1.18.1/STM32CubeIDE/plugins/com.st.stm32cube.ide.mcu.externaltools.gnu-tools-for-stm32.13.3.rel1.win32_1.0.0.202411081344/tools/bin/../lib/gcc/arm-none-eabi/13.3.1/../../../../arm-none-eabi/lib/thumb/v6-m/nofp\libc_nano.a(libc_a-strtoul.o)
                              ./Modules/ExtFlash/ntn_config.o (strtoul)
D:/ST/STM32CubeIDE_1.18.1/STM32CubeIDE/plugins/com.st.stm32cube.ide.mcu.externaltools.gnu-tools-for-stm32.13.3.rel1.win32_1.0.0.202411081344/tools/bin/../lib/gcc/arm-none-eabi/13.3.1/../../../../arm-none-eabi/lib/thumb/v6-m/nofp\libc_nano.a(libc_a-ctype_.o)
                              ./Modules/ExtFlash/ntn_config.o (_ctype_)
D:/ST/STM32CubeIDE_1.18.1/STM32CubeIDE/plugins/com.st.stm32cube.ide.mcu.externaltools.gnu-tools-for-stm32.13.3.rel1.win32_1.0.0.202411081344/tools/bin/../lib/gcc/arm-none-eabi/13.3.1/../../../../arm-none-eabi/lib/thumb/v6-m/nofp\libc_nano.a(libc_a-findfp.o)
                              D:/ST/STM32CubeIDE_1.18.1/STM32CubeIDE/plugins/com.st.stm32cube.ide.mcu.externaltools.gnu-tools-for-stm32.13.3.rel1.win32_1.0.0.202411081344/tools/bin/../lib/gcc/arm-none-eabi/13.3.1/../../../../arm-none-eabi/lib/thumb/v6-m/nofp\libc_nano.a(libc_a-exit.o) (__stdio_exit_handler)
D:/ST/STM32CubeIDE_1.18.1/STM32CubeIDE/plugins/com.st.stm32cube.ide.mcu.externaltools.gnu-tools-for-stm32.13.3.rel1.win32_1.0.0.202411081344/tools/bin/../lib/gcc/arm-none-eabi/13.3.1/../../../../arm-none-eabi/lib/thumb/v6-m/nofp\libc_nano.a(libc_a-fwalk.o)
                              D:/ST/STM32CubeIDE_1.18.1/STM32CubeIDE/plugins/com.st.stm32cube.ide.mcu.externaltools.gnu-tools-for-stm32.13.3.rel1.win32_1.0.0.202411081344/tools/bin/../lib/gcc/arm-none-eabi/13.3.1/../../../../arm-none-eabi/lib/thumb/v6-m/nofp\libc_nano.a(libc_a-findfp.o) (_fwalk_sglue)
D:/ST/STM32CubeIDE_1.18.1/STM32CubeIDE/plugins/com.st.stm32cube.ide.mcu.externaltools.gnu-tools-for-stm32.13.3.rel1.win32_1.0.0.202411081344/tools/bin/../lib/gcc/arm-none-eabi/13.3.1/../../../../arm-none-eabi/lib/thumb/v6-m/nofp\libc_nano.a(libc_a-printf.o)
                              ./Core/Src/main.o (printf)
D:/ST/STM32CubeIDE_1.18.1/STM32CubeIDE/plugins/com.st.stm32cube.ide.mcu.externaltools.gnu-tools-for-stm32.13.3.rel1.win32_1.0.0.202411081344/tools/bin/../lib/gcc/arm-none-eabi/13.3.1/../../../../arm-none-eabi/lib/thumb/v6-m/nofp\libc_nano.a(libc_a-puts.o)
                              ./Core/Src/main.o (puts)
D:/ST/STM32CubeIDE_1.18.1/STM32CubeIDE/plugins/com.st.stm32cube.ide.mcu.externaltools.gnu-tools-for-stm32.13.3.rel1.win32_1.0.0.202411081344/tools/bin/../lib/gcc/arm-none-eabi/13.3.1/../../../../arm-none-eabi/lib/thumb/v6-m/nofp\libc_nano.a(libc_a-snprintf.o)
                              ./Core/Src/main.o (snprintf)
D:/ST/STM32CubeIDE_1.18.1/STM32CubeIDE/plugins/com.st.stm32cube.ide.mcu.externaltools.gnu-tools-for-stm32.13.3.rel1.win32_1.0.0.202411081344/tools/bin/../lib/gcc/arm-none-eabi/13.3.1/../../../../arm-none-eabi/lib/thumb/v6-m/nofp\libc_nano.a(libc_a-sscanf.o)
                              ./Modules/toNTN/toNTN.o (sscanf)
D:/ST/STM32CubeIDE_1.18.1/STM32CubeIDE/plugins/com.st.stm32cube.ide.mcu.externaltools.gnu-tools-for-stm32.13.3.rel1.win32_1.0.0.202411081344/tools/bin/../lib/gcc/arm-none-eabi/13.3.1/../../../../arm-none-eabi/lib/thumb/v6-m/nofp\libc_nano.a(libc_a-stdio.o)
[...]
Memory Configuration

Name             Origin             Length             Attributes
RAM              0x20000000         0x00002000         xrw
FLASH            0x08000000         0x00010000         xr
*default*        0x00000000         0xffffffff

Linker script and memory map

LOAD D:/ST/STM32CubeIDE_1.18.1/STM32CubeIDE/plugins/com.st.stm32cube.ide.mcu.externaltools.gnu-tools-for-stm32.13.3.rel1.win32_1.0.0.202411081344/tools/bin/../lib/gcc/arm-none-eabi/13.3.1/thumb/v6-m/nofp/crti.o
LOAD D:/ST/STM32CubeIDE_1.18.1/STM32CubeIDE/plugins/com.st.stm32cube.ide.mcu.externaltools.gnu-tools-for-stm32.13.3.rel1.win32_1.0.0.202411081344/tools/bin/../lib/gcc/arm-none-eabi/13.3.1/thumb/v6-m/nofp/crtbegin.o
LOAD D:/ST/STM32CubeIDE_1.18.1/STM32CubeIDE/plugins/com.st.stm32cube.ide.mcu.externaltools.gnu-tools-for-stm32.13.3.rel1.win32_1.0.0.202411081344/tools/bin/../lib/gcc/arm-none-eabi/13.3.1/../../../../arm-none-eabi/lib/thumb/v6-m/nofp/crt0.o
LOAD ./Core/LoraSDK/crc.o
LOAD ./Core/LoraSDK/radio.o
LOAD ./Core/LoraSDK/sx126x-board.o
LOAD ./Core/LoraSDK/sx126x.o
LOAD ./Core/Src/gpio.o
LOAD ./Core/Src/main.o
LOAD ./Core/Src/spi.o
LOAD ./Core/Src/stm32l0xx_hal_msp.o
LOAD ./Core/Src/stm32l0xx_it.o
LOAD ./Core/Src/syscalls.o
LOAD ./Core/Src/sysmem.o
LOAD ./Core/Src/system_stm32l0xx.o
LOAD ./Core/Src/usart.o
LOAD ./Core/Startup/startup_stm32l051c8tx.o
LOAD ./Drivers/STM32L0xx_HAL_Driver/Src/stm32l0xx_hal.o
LOAD ./Drivers/STM32L0xx_HAL_Driver/Src/stm32l0xx_hal_cortex.o
LOAD ./Drivers/STM32L0xx_HAL_Driver/Src/stm32l0xx_hal_dma.o
LOAD ./Drivers/STM32L0xx_HAL_Driver/Src/stm32l0xx_hal_exti.o
LOAD ./Drivers/STM32L0xx_HAL_Driver/Src/stm32l0xx_hal_flash.o
LOAD ./Drivers/STM32L0xx_HAL_Driver/Src/stm32l0xx_hal_flash_ex.o
LOAD ./Drivers/STM32L0xx_HAL_Driver/Src/stm32l0xx_hal_flash_ramfunc.o
LOAD ./Drivers/STM32L0xx_HAL_Driver/Src/stm32l0xx_hal_gpio.o
LOAD ./Drivers/STM32L0xx_HAL_Driver/Src/stm32l0xx_hal_i2c.o
LOAD ./Drivers/STM32L0xx_HAL_Driver/Src/stm32l0xx_hal_i2c_ex.o
LOAD ./Drivers/STM32L0xx_HAL_Driver/Src/stm32l0xx_hal_pwr.o
LOAD ./Drivers/STM32L0xx_HAL_Driver/Src/stm32l0xx_hal_pwr_ex.o
LOAD ./Drivers/STM32L0xx_HAL_Driver/Src/stm32l0xx_hal_rcc.o
LOAD ./Drivers/STM32L0xx_HAL_Driver/Src/stm32l0xx_hal_rcc_ex.o
LOAD ./Drivers/STM32L0xx_HAL_Driver/Src/stm32l0xx_hal_spi.o
LOAD ./Drivers/STM32L0xx_HAL_Driver/Src/stm32l0xx_hal_uart.o
LOAD ./Drivers/STM32L0xx_HAL_Driver/Src/stm32l0xx_hal_uart_ex.o
LOAD ./Modules/ExtFlash/crc16_ccitt.o
LOAD ./Modules/ExtFlash/extflash_w25q16.o
LOAD ./Modules/ExtFlash/lora_cfg.o
LOAD ./Modules/ExtFlash/ntn_config.o
LOAD ./Modules/Lora/lorarx.o
LOAD ./Modules/RS485/rs485.o
LOAD ./Modules/toNTN/debug.o
LOAD ./Modules/toNTN/toNTN.o
START GROUP
LOAD D:/ST/STM32CubeIDE_1.18.1/STM32CubeIDE/plugins/com.st.stm32cube.ide.mcu.externaltools.gnu-tools-for-stm32.13.3.rel1.win32_1.0.0.202411081344/tools/bin/../lib/gcc/arm-none-eabi/13.3.1/../../../../arm-none-eabi/lib/thumb/v6-m/nofp\libc_nano.a
LOAD D:/ST/STM32CubeIDE_1.18.1/STM32CubeIDE/plugins/com.st.stm32cube.ide.mcu.externaltools.gnu-tools-for-stm32.13.3.rel1.win32_1.0.0.202411081344/tools/bin/../lib/gcc/arm-none-eabi/13.3.1/../../../../arm-none-eabi/lib/thumb/v6-m/nofp\libm.a
END GROUP
START GROUP
LOAD D:/ST/STM32CubeIDE_1.18.1/STM32CubeIDE/plugins/com.st.stm32cube.ide.mcu.externaltools.gnu-tools-for-stm32.13.3.rel1.win32_1.0.0.202411081344/tools/bin/../lib/gcc/arm-none-eabi/13.3.1/thumb/v6-m/nofp\libgcc.a
LOAD D:/ST/STM32CubeIDE_1.18.1/STM32CubeIDE/plugins/com.st.stm32cube.ide.mcu.externaltools.gnu-tools-for-stm32.13.3.rel1.win32_1.0.0.202411081344/tools/bin/../lib/gcc/arm-none-eabi/13.3.1/../../../../arm-none-eabi/lib/thumb/v6-m/nofp\libc_nano.a
END GROUP
START GROUP
LOAD D:/ST/STM32CubeIDE_1.18.1/STM32CubeIDE/plugins/com.st.stm32cube.ide.mcu.externaltools.gnu-tools-for-stm32.13.3.rel1.win32_1.0.0.202411081344/tools/bin/../lib/gcc/arm-none-eabi/13.3.1/thumb/v6-m/nofp\libgcc.a
LOAD D:/ST/STM32CubeIDE_1.18.1/STM32CubeIDE/plugins/com.st.stm32cube.ide.mcu.externaltools.gnu-tools-for-stm32.13.3.rel1.win32_1.0.0.202411081344/tools/bin/../lib/gcc/arm-none-eabi/13.3.1/../../../../arm-none-eabi/lib/thumb/v6-m/nofp\libc_nano.a
LOAD D:/ST/STM32CubeIDE_1.18.1/STM32CubeIDE/plugins/com.st.stm32cube.ide.mcu.externaltools.gnu-tools-for-stm32.13.3.rel1.win32_1.0.0.202411081344/tools/bin/../lib/gcc/arm-none-eabi/13.3.1/../../../../arm-none-eabi/lib/thumb/v6-m/nofp\libnosys.a
END GROUP
START GROUP
LOAD D:/ST/STM32CubeIDE_1.18.1/STM32CubeIDE/plugins/com.st.stm32cube.ide.mcu.externaltools.gnu-tools-for-stm32.13.3.rel1.win32_1.0.0.202411081344/tools/bin/../lib/gcc/arm-none-eabi/13.3.1/thumb/v6-m/nofp\libgcc.a
LOAD D:/ST/STM32CubeIDE_1.18.1/STM32CubeIDE/plugins/com.st.stm32cube.ide.mcu.externaltools.gnu-tools-for-stm32.13.3.rel1.win32_1.0.0.202411081344/tools/bin/../lib/gcc/arm-none-eabi/13.3.1/../../../../arm-none-eabi/lib/thumb/v6-m/nofp\libc_nano.a
LOAD D:/ST/STM32CubeIDE_1.18.1/STM32CubeIDE/plugins/com.st.stm32cube.ide.mcu.externaltools.gnu-tools-for-stm32.13.3.rel1.win32_1.0.0.202411081344/tools/bin/../lib/gcc/arm-none-eabi/13.3.1/../../../../arm-none-eabi/lib/thumb/v6-m/nofp\libnosys.a
END GROUP
LOAD D:/ST/STM32CubeIDE_1.18.1/STM32CubeIDE/plugins/com.st.stm32cube.ide.mcu.externaltools.gnu-tools-for-stm32.13.3.rel1.win32_1.0.0.202411081344/tools/bin/../lib/gcc/arm-none-eabi/13.3.1/thumb/v6-m/nofp/crtend.o
LOAD D:/ST/STM32CubeIDE_1.18.1/STM32CubeIDE/plugins/com.st.stm32cube.ide.mcu.externaltools.gnu-tools-for-stm32.13.3.rel1.win32_1.0.0.202411081344/tools/bin/../lib/gcc/arm-none-eabi/13.3.1/thumb/v6-m/nofp/crtn.o
                0x20002000                        _estack = (ORIGIN (RAM) + LENGTH (RAM))
                0x00000200                        _Min_Heap_Size = 0x200
                0x00000400                        _Min_Stack_Size = 0x400

.isr_vector     0x08000000       0xc0
                0x08000000                        . = ALIGN (0x4)
 *(.isr_vector)
 .isr_vector    0x08000000       0xc0 ./Core/Startup/startup_stm32l051c8tx.o
                0x08000000                g_pfnVectors
                0x080000c0                        . = ALIGN (0x4)

.text           0x080000c0     0xe864
                0x080000c0                        . = ALIGN (0x4)
 *(.text)
 .text          0x080000c0       0x48 D:/ST/STM32CubeIDE_1.18.1/STM32CubeIDE/plugins/com.st.stm32cube.ide.mcu.externaltools.gnu-tools-for-stm32.13.3.rel1.win32_1.0.0.202411081344/tools/bin/../lib/gcc/arm-none-eabi/13.3.1/thumb/v6-m/nofp/crtbegin.o
 .text          0x08000108       0x14 D:/ST/STM32CubeIDE_1.18.1/STM32CubeIDE/plugins/com.st.stm32cube.ide.mcu.externaltools.gnu-tools-for-stm32.13.3.rel1.win32_1.0.0.202411081344/tools/bin/../lib/gcc/arm-none-eabi/13.3.1/../../../../arm-none-eabi/lib/thumb/v6-m/nofp\libc_nano.a(libc_a-strcmp.o)
                0x08000108                strcmp
 .text          0x0800011c        0xe D:/ST/STM32CubeIDE_1.18.1/STM32CubeIDE/plugins/com.st.stm32cube.ide.mcu.externaltools.gnu-tools-for-stm32.13.3.rel1.win32_1.0.0.202411081344/tools/bin/../lib/gcc/arm-none-eabi/13.3.1/../../../../arm-none-eabi/lib/thumb/v6-m/nofp\libc_nano.a(libc_a-strlen.o)
                0x0800011c                strlen
 *fill*         0x0800012a        0x2 
 .text          0x0800012c       0x14 D:/ST/STM32CubeIDE_1.18.1/STM32CubeIDE/plugins/com.st.stm32cube.ide.mcu.externaltools.gnu-tools-for-stm32.13.3.rel1.win32_1.0.0.202411081344/tools/bin/../lib/gcc/arm-none-eabi/13.3.1/thumb/v6-m/nofp\libgcc.a(_thumb1_case_shi.o)
                0x0800012c                __gnu_thumb1_case_shi
 .text          0x08000140      0x114 D:/ST/STM32CubeIDE_1.18.1/STM32CubeIDE/plugins/com.st.stm32cube.ide.mcu.externaltools.gnu-tools-for-stm32.13.3.rel1.win32_1.0.0.202411081344/tools/bin/../lib/gcc/arm-none-eabi/13.3.1/thumb/v6-m/nofp\libgcc.a(_udivsi3.o)
                0x08000140                __aeabi_uidiv
                0x08000140                __udivsi3
                0x0800024c                __aeabi_uidivmod
 .text          0x08000254      0x1d4 D:/ST/STM32CubeIDE_1.18.1/STM32CubeIDE/plugins/com.st.stm32cube.ide.mcu.externaltools.gnu-tools-for-stm32.13.3.rel1.win32_1.0.0.202411081344/tools/bin/../lib/gcc/arm-none-eabi/13.3.1/thumb/v6-m/nofp\libgcc.a(_divsi3.o)
                0x08000254                __divsi3
                0x08000254                __aeabi_idiv
                0x08000420                __aeabi_idivmod
 .text          0x08000428        0x4 D:/ST/STM32CubeIDE_1.18.1/STM32CubeIDE/plugins/com.st.stm32cube.ide.mcu.externaltools.gnu-tools-for-stm32.13.3.rel1.win32_1.0.0.202411081344/tools/bin/../lib/gcc/arm-none-eabi/13.3.1/thumb/v6-m/nofp\libgcc.a(_dvmd_tls.o)
                0x08000428                __aeabi_idiv0
                0x08000428                __aeabi_ldiv0
 .text          0x0800042c       0x7c D:/ST/STM32CubeIDE_1.18.1/STM32CubeIDE/plugins/com.st.stm32cube.ide.mcu.externaltools.gnu-tools-for-stm32.13.3.rel1.win32_1.0.0.202411081344/tools/bin/../lib/gcc/arm-none-eabi/13.3.1/thumb/v6-m/nofp\libgcc.a(_arm_cmpdf2.o)
                0x0800042c                __aeabi_cdrcmple
                0x0800043c                __aeabi_cdcmple
                0x0800043c                __aeabi_cdcmpeq
                0x0800044c                __aeabi_dcmpeq
                0x08000458                __aeabi_dcmplt
                0x0800046c                __aeabi_dcmple
                0x08000480                __aeabi_dcmpgt
                0x08000494                __aeabi_dcmpge
 .text          0x080004a8       0x40 D:/ST/STM32CubeIDE_1.18.1/STM32CubeIDE/plugins/com.st.stm32cube.ide.mcu.externaltools.gnu-tools-for-stm32.13.3.rel1.win32_1.0.0.202411081344/tools/bin/../lib/gcc/arm-none-eabi/13.3.1/thumb/v6-m/nofp\libgcc.a(_aeabi_uldivmod.o)
                0x080004a8                __aeabi_uldivmod
 .text          0x080004e8       0x3c D:/ST/STM32CubeIDE_1.18.1/STM32CubeIDE/plugins/com.st.stm32cube.ide.mcu.externaltools.gnu-tools-for-stm32.13.3.rel1.win32_1.0.0.202411081344/tools/bin/../lib/gcc/arm-none-eabi/13.3.1/thumb/v6-m/nofp\libgcc.a(_fixunsdfsi.o)
                0x080004e8                __aeabi_d2uiz
                0x080004e8                __fixunsdfsi
 .text          0x08000524      0x198 D:/ST/STM32CubeIDE_1.18.1/STM32CubeIDE/plugins/com.st.stm32cube.ide.mcu.externaltools.gnu-tools-for-stm32.13.3.rel1.win32_1.0.0.202411081344/tools/bin/../lib/gcc/arm-none-eabi/13.3.1/thumb/v6-m/nofp\libgcc.a(_udivmoddi4.o)
                0x08000524                __udivmoddi4
 .text          0x080006bc      0x78c D:/ST/STM32CubeIDE_1.18.1/STM32CubeIDE/plugins/com.st.stm32cube.ide.mcu.externaltools.gnu-tools-for-stm32.13.3.rel1.win32_1.0.0.202411081344/tools/bin/../lib/gcc/arm-none-eabi/13.3.1/thumb/v6-m/nofp\libgcc.a(adddf3.o)
                0x080006bc                __aeabi_dadd
 .text          0x08000e48      0x630 D:/ST/STM32CubeIDE_1.18.1/STM32CubeIDE/plugins/com.st.stm32cube.ide.mcu.externaltools.gnu-tools-for-stm32.13.3.rel1.win32_1.0.0.202411081344/tools/bin/../lib/gcc/arm-none-eabi/13.3.1/thumb/v6-m/nofp\libgcc.a(divdf3.o)
                0x08000e48                __aeabi_ddiv
 .text          0x08001478       0x88 D:/ST/STM32CubeIDE_1.18.1/STM32CubeIDE/plugins/com.st.stm32cube.ide.mcu.externaltools.gnu-tools-for-stm32.13.3.rel1.win32_1.0.0.202411081344/tools/bin/../lib/gcc/arm-none-eabi/13.3.1/thumb/v6-m/nofp\libgcc.a(eqdf2.o)
                0x08001478                __nedf2
                0x08001478                __eqdf2
 .text          0x08001500       0xe0 D:/ST/STM32CubeIDE_1.18.1/STM32CubeIDE/plugins/com.st.stm32cube.ide.mcu.externaltools.gnu-tools-for-stm32.13.3.rel1.win32_1.0.0.202411081344/tools/bin/../lib/gcc/arm-none-eabi/13.3.1/thumb/v6-m/nofp\libgcc.a(gedf2.o)
                0x08001500                __gedf2
                0x08001500                __gtdf2
 .text          0x080015e0       0xdc D:/ST/STM32CubeIDE_1.18.1/STM32CubeIDE/plugins/com.st.stm32cube.ide.mcu.externaltools.gnu-tools-for-stm32.13.3.rel1.win32_1.0.0.202411081344/tools/bin/../lib/gcc/arm-none-eabi/13.3.1/thumb/v6-m/nofp\libgcc.a(ledf2.o)
                0x080015e0                __ledf2
                0x080015e0                __ltdf2
 .text          0x080016bc      0x5cc D:/ST/STM32CubeIDE_1.18.1/STM32CubeIDE/plugins/com.st.stm32cube.ide.mcu.externaltools.gnu-tools-for-stm32.13.3.rel1.win32_1.0.0.202411081344/tools/bin/../lib/gcc/arm-none-eabi/13.3.1/thumb/v6-m/nofp\libgcc.a(muldf3.o)
                0x080016bc                __aeabi_dmul
 .text          0x08001c88      0x814 D:/ST/STM32CubeIDE_1.18.1/STM32CubeIDE/plugins/com.st.stm32cube.ide.mcu.externaltools.gnu-tools-for-stm32.13.3.rel1.win32_1.0.0.202411081344/tools/bin/../lib/gcc/arm-none-eabi/13.3.1/thumb/v6-m/nofp\libgcc.a(subdf3.o)
                0x08001c88                __aeabi_dsub
 .text          0x0800249c       0x78 D:/ST/STM32CubeIDE_1.18.1/STM32CubeIDE/plugins/com.st.stm32cube.ide.mcu.externaltools.gnu-tools-for-stm32.13.3.rel1.win32_1.0.0.202411081344/tools/bin/../lib/gcc/arm-none-eabi/13.3.1/thumb/v6-m/nofp\libgcc.a(fixdfsi.o)
                0x0800249c                __aeabi_d2iz
 .text          0x08002514       0x5c D:/ST/STM32CubeIDE_1.18.1/STM32CubeIDE/plugins/com.st.stm32cube.ide.mcu.externaltools.gnu-tools-for-stm32.13.3.rel1.win32_1.0.0.202411081344/tools/bin/../lib/gcc/arm-none-eabi/13.3.1/thumb/v6-m/nofp\libgcc.a(floatsidf.o)
                0x08002514                __aeabi_i2d
 .text          0x08002570       0x48 D:/ST/STM32CubeIDE_1.18.1/STM32CubeIDE/plugins/com.st.stm32cube.ide.mcu.externaltools.gnu-tools-for-stm32.13.3.rel1.win32_1.0.0.202411081344/tools/bin/../lib/gcc/arm-none-eabi/13.3.1/thumb/v6-m/nofp\libgcc.a(floatunsidf.o)
                0x08002570                __aeabi_ui2d
 .text          0x080025b8       0x3c D:/ST/STM32CubeIDE_1.18.1/STM32CubeIDE/plugins/com.st.stm32cube.ide.mcu.externaltools.gnu-tools-for-stm32.13.3.rel1.win32_1.0.0.202411081344/tools/bin/../lib/gcc/arm-none-eabi/13.3.1/thumb/v6-m/nofp\libgcc.a(_clzsi2.o)
                0x080025b8                __clzsi2
 .text          0x080025f4       0x18 D:/ST/STM32CubeIDE_1.18.1/STM32CubeIDE/plugins/com.st.stm32cube.ide.mcu.externaltools.gnu-tools-for-stm32.13.3.rel1.win32_1.0.0.202411081344/tools/bin/../lib/gcc/arm-none-eabi/13.3.1/thumb/v6-m/nofp\libgcc.a(_clzdi2.o)
                0x080025f4                __clzdi2
 *(.text*)
 .text.RadioGetFskBandwidthRegValue
                0x0800260c       0x78 ./Core/LoraSDK/radio.o
 .text.RadioInit
                0x08002684       0x60 ./Core/LoraSDK/radio.o
                0x08002684                RadioInit
 .text.RadioGetStatus
                0x080026e4       0x2c ./Core/LoraSDK/radio.o
                0x080026e4                RadioGetStatus
 .text.RadioSetModem
                0x08002710       0x54 ./Core/LoraSDK/radio.o
                0x08002710                RadioSetModem
 .text.RadioSetChannel
                0x08002764       0x18 ./Core/LoraSDK/radio.o
                0x08002764                RadioSetChannel
 .text.RadioIsChannelFree
                0x0800277c       0x5e ./Core/LoraSDK/radio.o
                0x0800277c                RadioIsChannelFree
 .text.RadioRandom
                0x080027da       0x60 ./Core/LoraSDK/radio.o
                0x080027da                RadioRandom
 *fill*         0x0800283a        0x2 
 .text.RadioSetRxConfig
                0x0800283c      0x2c4 ./Core/LoraSDK/radio.o
                0x0800283c                RadioSetRxConfig
 .text.RadioSetTxConfig
                0x08002b00      0x234 ./Core/LoraSDK/radio.o
                0x08002b00                RadioSetTxConfig
 .text.RadioCheckRfFrequency
                0x08002d34       0x12 ./Core/LoraSDK/radio.o
                0x08002d34                RadioCheckRfFrequency
 *fill*         0x08002d46        0x2 
 .text.RadioTimeOnAir
                0x08002d48      0x298 ./Core/LoraSDK/radio.o
                0x08002d48                RadioTimeOnAir
 .text.RadioSend
                0x08002fe0       0x5c ./Core/LoraSDK/radio.o
                0x08002fe0                RadioSend
 .text.RadioSleep
                0x0800303c       0x2e ./Core/LoraSDK/radio.o
                0x0800303c                RadioSleep
 .text.RadioStandby
                0x0800306a       0x10 ./Core/LoraSDK/radio.o
                0x0800306a                RadioStandby
 *fill*         0x0800307a        0x2 
 .text.RadioRx  0x0800307c       0x44 ./Core/LoraSDK/radio.o
                0x0800307c                RadioRx
 .text.RadioRxBoosted
                0x080030c0       0x44 ./Core/LoraSDK/radio.o
                0x080030c0                RadioRxBoosted
 .text.RadioSetRxDutyCycle
                0x08003104       0x1e ./Core/LoraSDK/radio.o
                0x08003104                RadioSetRxDutyCycle
 .text.RadioStartCad
                0x08003122        0xe ./Core/LoraSDK/radio.o
                0x08003122                RadioStartCad
 .text.RadioSetTxContinuousWave
                0x08003130       0x38 ./Core/LoraSDK/radio.o
                0x08003130                RadioSetTxContinuousWave
 .text.RadioRssi
                0x08003168       0x1a ./Core/LoraSDK/radio.o
                0x08003168                RadioRssi
 .text.RadioWrite
                0x08003182       0x2a ./Core/LoraSDK/radio.o
                0x08003182                RadioWrite
 .text.RadioRead
                0x080031ac       0x20 ./Core/LoraSDK/radio.o
                0x080031ac                RadioRead
 .text.RadioWriteBuffer
                0x080031cc       0x30 ./Core/LoraSDK/radio.o
                0x080031cc                RadioWriteBuffer
 .text.RadioReadBuffer
                0x080031fc       0x30 ./Core/LoraSDK/radio.o
                0x080031fc                RadioReadBuffer
 .text.RadioSetMaxPayloadLength
                0x0800322c       0x68 ./Core/LoraSDK/radio.o
                0x0800322c                RadioSetMaxPayloadLength
 .text.RadioSetPublicNetwork
                0x08003294       0x68 ./Core/LoraSDK/radio.o
                0x08003294                RadioSetPublicNetwork
 .text.RadioGetWakeupTime
                0x080032fc        0xc ./Core/LoraSDK/radio.o
                0x080032fc                RadioGetWakeupTime
 .text.RadioOnDioIrq
                0x08003308       0x14 ./Core/LoraSDK/radio.o
                0x08003308                RadioOnDioIrq
 .text.RadioIrqProcess
                0x0800331c      0x194 ./Core/LoraSDK/radio.o
                0x0800331c                RadioIrqProcess
 .text.NSS_L    0x080034b0       0x18 ./Core/LoraSDK/sx126x-board.o
 .text.NSS_H    0x080034c8       0x18 ./Core/LoraSDK/sx126x-board.o
 .text.HAL_Delay_nMS
                0x080034e0       0x18 ./Core/LoraSDK/sx126x-board.o
                0x080034e0                HAL_Delay_nMS
 .text.SpiReadWrite
                0x080034f8       0x38 ./Core/LoraSDK/sx126x-board.o
 .text.SpiWrite
                0x08003530       0x2c ./Core/LoraSDK/sx126x-board.o
 .text.SpiRead  0x0800355c       0x5c ./Core/LoraSDK/sx126x-board.o
 .text.SX126xReset
                0x080035b8       0x38 ./Core/LoraSDK/sx126x-board.o
                0x080035b8                SX126xReset
 .text.SX126xWaitOnBusy
                0x080035f0       0x44 ./Core/LoraSDK/sx126x-board.o
                0x080035f0                SX126xWaitOnBusy
 .text.SX126xWakeup
                0x08003634       0x22 ./Core/LoraSDK/sx126x-board.o
                0x08003634                SX126xWakeup
 .text.SX126xWriteCommand
                0x08003656       0x56 ./Core/LoraSDK/sx126x-board.o
                0x08003656                SX126xWriteCommand
 .text.SX126xReadCommand
                0x080036ac       0x54 ./Core/LoraSDK/sx126x-board.o
                0x080036ac                SX126xReadCommand
 .text.SX126xWriteRegisters
                0x08003700       0x5e ./Core/LoraSDK/sx126x-board.o
                0x08003700                SX126xWriteRegisters
 .text.SX126xWriteRegister
                0x0800375e       0x28 ./Core/LoraSDK/sx126x-board.o
                0x0800375e                SX126xWriteRegister
 .text.SX126xReadRegisters
                0x08003786       0x6c ./Core/LoraSDK/sx126x-board.o
                0x08003786                SX126xReadRegisters
 .text.SX126xReadRegister
                0x080037f2       0x2e ./Core/LoraSDK/sx126x-board.o
                0x080037f2                SX126xReadRegister
 .text.SX126xWriteBuffer
                0x08003820       0x4e ./Core/LoraSDK/sx126x-board.o
                0x08003820                SX126xWriteBuffer
 .text.SX126xReadBuffer
                0x0800386e       0x54 ./Core/LoraSDK/sx126x-board.o
                0x0800386e                SX126xReadBuffer
 .text.SX126xSetRfTxPower
                0x080038c2       0x22 ./Core/LoraSDK/sx126x-board.o
                0x080038c2                SX126xSetRfTxPower
 .text.SX126xGetPaSelect
                0x080038e4       0x12 ./Core/LoraSDK/sx126x-board.o
                0x080038e4                SX126xGetPaSelect
 .text.SX126xAntSwOn
                0x080038f6        0xa ./Core/LoraSDK/sx126x-board.o
                0x080038f6                SX126xAntSwOn
 .text.SX126xAntSwOff
                0x08003900        0xa ./Core/LoraSDK/sx126x-board.o
                0x08003900                SX126xAntSwOff
 *fill*         0x0800390a        0x2 
 .text.SX126xInit
                0x0800390c       0x60 ./Core/LoraSDK/sx126x.o
                0x0800390c                SX126xInit
 .text.SX126xGetOperatingMode
                0x0800396c       0x14 ./Core/LoraSDK/sx126x.o
                0x0800396c                SX126xGetOperatingMode
 .text.SX126xCheckDeviceReady
                0x08003980       0x28 ./Core/LoraSDK/sx126x.o
                0x08003980                SX126xCheckDeviceReady
 .text.SX126xSetPayload
                0x080039a8       0x24 ./Core/LoraSDK/sx126x.o
                0x080039a8                SX126xSetPayload
 .text.SX126xGetPayload
                0x080039cc       0x4e ./Core/LoraSDK/sx126x.o
                0x080039cc                SX126xGetPayload
 .text.SX126xSendPayload
                0x08003a1a       0x30 ./Core/LoraSDK/sx126x.o
                0x08003a1a                SX126xSendPayload
 .text.SX126xSetSyncWord
                0x08003a4a       0x20 ./Core/LoraSDK/sx126x.o
                0x08003a4a                SX126xSetSyncWord
 *fill*         0x08003a6a        0x2 
 .text.SX126xSetCrcSeed
                0x08003a6c       0x4c ./Core/LoraSDK/sx126x.o
                0x08003a6c                SX126xSetCrcSeed
 .text.SX126xSetCrcPolynomial
                0x08003ab8       0x4c ./Core/LoraSDK/sx126x.o
                0x08003ab8                SX126xSetCrcPolynomial
 .text.SX126xSetWhiteningSeed
                0x08003b04       0x84 ./Core/LoraSDK/sx126x.o
                0x08003b04                SX126xSetWhiteningSeed
 .text.SX126xSetSleep
                0x08003b88       0x2c ./Core/LoraSDK/sx126x.o
                0x08003b88                SX126xSetSleep
 .text.SX126xSetStandby
                0x08003bb4       0x3c ./Core/LoraSDK/sx126x.o
                0x08003bb4                SX126xSetStandby
 .text.SX126xSetTx
                0x08003bf0       0x44 ./Core/LoraSDK/sx126x.o
                0x08003bf0                SX126xSetTx
 .text.SX126xSetRx
                0x08003c34       0x44 ./Core/LoraSDK/sx126x.o
                0x08003c34                SX126xSetRx
 .text.SX126xSetRxBoosted
                0x08003c78       0x54 ./Core/LoraSDK/sx126x.o
                0x08003c78                SX126xSetRxBoosted
 .text.SX126xSetRxDutyCycle
                0x08003ccc       0x64 ./Core/LoraSDK/sx126x.o
                0x08003ccc                SX126xSetRxDutyCycle
 .text.SX126xSetCad
                0x08003d30       0x20 ./Core/LoraSDK/sx126x.o
                0x08003d30                SX126xSetCad
 .text.SX126xSetTxContinuousWave
                0x08003d50       0x14 ./Core/LoraSDK/sx126x.o
                0x08003d50                SX126xSetTxContinuousWave
 .text.SX126xSetStopRxTimerOnPreambleDetect
                0x08003d64       0x20 ./Core/LoraSDK/sx126x.o
                0x08003d64                SX126xSetStopRxTimerOnPreambleDetect
 .text.SX126xSetLoRaSymbNumTimeout
                0x08003d84       0x20 ./Core/LoraSDK/sx126x.o
                0x08003d84                SX126xSetLoRaSymbNumTimeout
 .text.SX126xSetRegulatorMode
                0x08003da4       0x20 ./Core/LoraSDK/sx126x.o
                0x08003da4                SX126xSetRegulatorMode
 .text.SX126xCalibrate
                0x08003dc4       0x1e ./Core/LoraSDK/sx126x.o
                0x08003dc4                SX126xCalibrate
 *fill*         0x08003de2        0x2 
 .text.SX126xCalibrateImage
                0x08003de4       0xb8 ./Core/LoraSDK/sx126x.o
                0x08003de4                SX126xCalibrateImage
 .text.SX126xSetPaConfig
                0x08003e9c       0x5c ./Core/LoraSDK/sx126x.o
                0x08003e9c                SX126xSetPaConfig
 .text.SX126xSetDioIrqParams
                0x08003ef8       0x9c ./Core/LoraSDK/sx126x.o
                0x08003ef8                SX126xSetDioIrqParams
 .text.SX126xGetIrqStatus
                0x08003f94       0x30 ./Core/LoraSDK/sx126x.o
                0x08003f94                SX126xGetIrqStatus
 .text.SX126xSetDio2AsRfSwitchCtrl
                0x08003fc4       0x20 ./Core/LoraSDK/sx126x.o
                0x08003fc4                SX126xSetDio2AsRfSwitchCtrl
 .text.SX126xSetDio3AsTcxoCtrl
                0x08003fe4       0x4e ./Core/LoraSDK/sx126x.o
                0x08003fe4                SX126xSetDio3AsTcxoCtrl
 *fill*         0x08004032        0x2 
 .text.SX126xSetRfFrequency
                0x08004034       0x8c ./Core/LoraSDK/sx126x.o
                0x08004034                SX126xSetRfFrequency
 .text.SX126xSetPacketType
                0x080040c0       0x2c ./Core/LoraSDK/sx126x.o
                0x080040c0                SX126xSetPacketType
 .text.SX126xGetPacketType
                0x080040ec       0x14 ./Core/LoraSDK/sx126x.o
                0x080040ec                SX126xGetPacketType
 .text.SX126xSetTxParams
                0x08004100       0xd4 ./Core/LoraSDK/sx126x.o
                0x08004100                SX126xSetTxParams
 .text.SX126xSetModulationParams
                0x080041d4      0x150 ./Core/LoraSDK/sx126x.o
                0x080041d4                SX126xSetModulationParams
 .text.SX126xSetPacketParams
                0x08004324      0x164 ./Core/LoraSDK/sx126x.o
                0x08004324                SX126xSetPacketParams
 .text.SX126xSetBufferBaseAddress
                0x08004488       0x38 ./Core/LoraSDK/sx126x.o
                0x08004488                SX126xSetBufferBaseAddress
 .text.SX126xGetRssiInst
                0x080044c0       0x32 ./Core/LoraSDK/sx126x.o
                0x080044c0                SX126xGetRssiInst
 *fill*         0x080044f2        0x2 
 .text.SX126xGetRxBufferStatus
                0x080044f4       0x6c ./Core/LoraSDK/sx126x.o
                0x080044f4                SX126xGetRxBufferStatus
 .text.SX126xGetPacketStatus
                0x08004560       0xd4 ./Core/LoraSDK/sx126x.o
                0x08004560                SX126xGetPacketStatus
 .text.SX126xClearIrqStatus
                0x08004634       0x3a ./Core/LoraSDK/sx126x.o
                0x08004634                SX126xClearIrqStatus
 *fill*         0x0800466e        0x2 
 .text.MX_GPIO_Init
                0x08004670      0x178 ./Core/Src/gpio.o
                0x08004670                MX_GPIO_Init
 .text.NTN_Config_OnSaved
                0x080047e8       0xc0 ./Core/Src/main.o
                0x080047e8                NTN_Config_OnSaved
 .text.main     0x080048a8      0x398 ./Core/Src/main.o
                0x080048a8                main
 .text.SystemClock_Config
                0x08004c40       0xdc ./Core/Src/main.o
                0x08004c40                SystemClock_Config
 .text.HAL_UART_RxCpltCallback
                0x08004d1c      0x1ac ./Core/Src/main.o
                0x08004d1c                HAL_UART_RxCpltCallback
 .text.HAL_GPIO_EXTI_Callback
                0x08004ec8       0x24 ./Core/Src/main.o
                0x08004ec8                HAL_GPIO_EXTI_Callback
 .text.Error_Handler
                0x08004eec        0xc ./Core/Src/main.o
                0x08004eec                Error_Handler
 .text.MX_SPI1_Init
                0x08004ef8       0x70 ./Core/Src/spi.o
                0x08004ef8                MX_SPI1_Init
 .text.MX_SPI2_Init
                0x08004f68       0x70 ./Core/Src/spi.o
                0x08004f68                MX_SPI2_Init
 .text.HAL_SPI_MspInit
                0x08004fd8      0x100 ./Core/Src/spi.o
                0x08004fd8                HAL_SPI_MspInit
 .text.HAL_MspInit
                0x080050d8       0x28 ./Core/Src/stm32l0xx_hal_msp.o
                0x080050d8                HAL_MspInit
 .text.NMI_Handler
                0x08005100        0x8 ./Core/Src/stm32l0xx_it.o
                0x08005100                NMI_Handler
 .text.HardFault_Handler
                0x08005108        0x8 ./Core/Src/stm32l0xx_it.o
                0x08005108                HardFault_Handler
 .text.SVC_Handler
                0x08005110        0xa ./Core/Src/stm32l0xx_it.o
                0x08005110                SVC_Handler
 .text.PendSV_Handler
                0x0800511a        0xa ./Core/Src/stm32l0xx_it.o
                0x0800511a                PendSV_Handler
 .text.SysTick_Handler
                0x08005124        0xe ./Core/Src/stm32l0xx_it.o
                0x08005124                SysTick_Handler
 .text.EXTI4_15_IRQHandler
                0x08005132       0x14 ./Core/Src/stm32l0xx_it.o
                0x08005132                EXTI4_15_IRQHandler
 *fill*         0x08005146        0x2 
 .text.SPI1_IRQHandler
                0x08005148       0x18 ./Core/Src/stm32l0xx_it.o
                0x08005148                SPI1_IRQHandler
 .text.USART1_IRQHandler
                0x08005160       0x18 ./Core/Src/stm32l0xx_it.o
                0x08005160                USART1_IRQHandler
 .text.USART2_IRQHandler
                0x08005178       0x18 ./Core/Src/stm32l0xx_it.o
                0x08005178                USART2_IRQHandler
 .text.LPUART1_IRQHandler
                0x08005190       0x18 ./Core/Src/stm32l0xx_it.o
                0x08005190                LPUART1_IRQHandler
 .text._read    0x080051a8       0x3a ./Core/Src/syscalls.o
                0x080051a8                _read
 .text._write   0x080051e2       0x38 ./Core/Src/syscalls.o
                0x080051e2                _write
 .text._close   0x0800521a       0x14 ./Core/Src/syscalls.o
                0x0800521a                _close
 .text._fstat   0x0800522e       0x1c ./Core/Src/syscalls.o
                0x0800522e                _fstat
 .text._isatty  0x0800524a       0x12 ./Core/Src/syscalls.o
                0x0800524a                _isatty
 .text._lseek   0x0800525c       0x16 ./Core/Src/syscalls.o
                0x0800525c                _lseek
 *fill*         0x08005272        0x2 
 .text._sbrk    0x08005274       0x6c ./Core/Src/sysmem.o
                0x08005274                _sbrk
 .text.SystemInit
                0x080052e0        0xa ./Core/Src/system_stm32l0xx.o
                0x080052e0                SystemInit
 *fill*         0x080052ea        0x2 
 .text.MX_LPUART1_UART_Init
                0x080052ec       0x5c ./Core/Src/usart.o
                0x080052ec                MX_LPUART1_UART_Init
 .text.MX_USART1_UART_Init
                0x08005348       0x60 ./Core/Src/usart.o
                0x08005348                MX_USART1_UART_Init
 .text.MX_USART2_UART_Init
                0x080053a8       0x60 ./Core/Src/usart.o
                0x080053a8                MX_USART2_UART_Init
 .text.HAL_UART_MspInit
                0x08005408      0x180 ./Core/Src/usart.o
                0x08005408                HAL_UART_MspInit
 .text.HAL_UART_MspDeInit
                0x08005588       0xac ./Core/Src/usart.o
                0x08005588                HAL_UART_MspDeInit
 .text.Reset_Handler
                0x08005634       0x50 ./Core/Startup/startup_stm32l051c8tx.o
                0x08005634                Reset_Handler
 .text.Default_Handler
                0x08005684        0x2 ./Core/Startup/startup_stm32l051c8tx.o
                0x08005684                ADC1_COMP_IRQHandler
                0x08005684                TIM6_IRQHandler
                0x08005684                PVD_IRQHandler
                0x08005684                I2C1_IRQHandler
                0x08005684                EXTI2_3_IRQHandler
                0x08005684                I2C2_IRQHandler
                0x08005684                RTC_IRQHandler
                0x08005684                DMA1_Channel4_5_6_7_IRQHandler
                0x08005684                RCC_IRQHandler
                0x08005684                DMA1_Channel1_IRQHandler
                0x08005684                Default_Handler
                0x08005684                TIM22_IRQHandler
                0x08005684                EXTI0_1_IRQHandler
                0x08005684                SPI2_IRQHandler
                0x08005684                TIM21_IRQHandler
                0x08005684                WWDG_IRQHandler
                0x08005684                TIM2_IRQHandler
                0x08005684                DMA1_Channel2_3_IRQHandler
                0x08005684                FLASH_IRQHandler
                0x08005684                LPTIM1_IRQHandler
 *fill*         0x08005686        0x2 
 .text.HAL_Init
                0x08005688       0x40 ./Drivers/STM32L0xx_HAL_Driver/Src/stm32l0xx_hal.o
                0x08005688                HAL_Init
 .text.HAL_InitTick
                0x080056c8       0x68 ./Drivers/STM32L0xx_HAL_Driver/Src/stm32l0xx_hal.o
                0x080056c8                HAL_InitTick
 .text.HAL_IncTick
                0x08005730       0x24 ./Drivers/STM32L0xx_HAL_Driver/Src/stm32l0xx_hal.o
                0x08005730                HAL_IncTick
 .text.HAL_GetTick
                0x08005754       0x14 ./Drivers/STM32L0xx_HAL_Driver/Src/stm32l0xx_hal.o
                0x08005754                HAL_GetTick
 .text.HAL_Delay
                0x08005768       0x48 ./Drivers/STM32L0xx_HAL_Driver/Src/stm32l0xx_hal.o
                0x08005768                HAL_Delay
 .text.__NVIC_EnableIRQ
                0x080057b0       0x34 ./Drivers/STM32L0xx_HAL_Driver/Src/stm32l0xx_hal_cortex.o
 .text.__NVIC_DisableIRQ
                0x080057e4       0x44 ./Drivers/STM32L0xx_HAL_Driver/Src/stm32l0xx_hal_cortex.o
 .text.__NVIC_SetPriority
                0x08005828       0xdc ./Drivers/STM32L0xx_HAL_Driver/Src/stm32l0xx_hal_cortex.o
 .text.SysTick_Config
                0x08005904       0x48 ./Drivers/STM32L0xx_HAL_Driver/Src/stm32l0xx_hal_cortex.o
 .text.HAL_NVIC_SetPriority
                0x0800594c       0x2a ./Drivers/STM32L0xx_HAL_Driver/Src/stm32l0xx_hal_cortex.o
                0x0800594c                HAL_NVIC_SetPriority
 .text.HAL_NVIC_EnableIRQ
                0x08005976       0x20 ./Drivers/STM32L0xx_HAL_Driver/Src/stm32l0xx_hal_cortex.o
                0x08005976                HAL_NVIC_EnableIRQ
 .text.HAL_NVIC_DisableIRQ
                0x08005996       0x20 ./Drivers/STM32L0xx_HAL_Driver/Src/stm32l0xx_hal_cortex.o
                0x08005996                HAL_NVIC_DisableIRQ
 .text.HAL_SYSTICK_Config
                0x080059b6       0x1a ./Drivers/STM32L0xx_HAL_Driver/Src/stm32l0xx_hal_cortex.o
                0x080059b6                HAL_SYSTICK_Config
 .text.HAL_DMA_Abort
                0x080059d0       0x80 ./Drivers/STM32L0xx_HAL_Driver/Src/stm32l0xx_hal_dma.o
                0x080059d0                HAL_DMA_Abort
 .text.HAL_DMA_Abort_IT
                0x08005a50       0x8e ./Drivers/STM32L0xx_HAL_Driver/Src/stm32l0xx_hal_dma.o
                0x08005a50                HAL_DMA_Abort_IT
 .text.HAL_DMA_GetError
                0x08005ade       0x14 ./Drivers/STM32L0xx_HAL_Driver/Src/stm32l0xx_hal_dma.o
                0x08005ade                HAL_DMA_GetError
 *fill*         0x08005af2        0x2 
 .text.HAL_GPIO_Init
                0x08005af4      0x2ec ./Drivers/STM32L0xx_HAL_Driver/Src/stm32l0xx_hal_gpio.o
                0x08005af4                HAL_GPIO_Init
 .text.HAL_GPIO_DeInit
                0x08005de0      0x1b4 ./Drivers/STM32L0xx_HAL_Driver/Src/stm32l0xx_hal_gpio.o
                0x08005de0                HAL_GPIO_DeInit
 .text.HAL_GPIO_ReadPin
                0x08005f94       0x3a ./Drivers/STM32L0xx_HAL_Driver/Src/stm32l0xx_hal_gpio.o
                0x08005f94                HAL_GPIO_ReadPin
 .text.HAL_GPIO_WritePin
                0x08005fce       0x3a ./Drivers/STM32L0xx_HAL_Driver/Src/stm32l0xx_hal_gpio.o
                0x08005fce                HAL_GPIO_WritePin
 .text.HAL_GPIO_EXTI_IRQHandler
                0x08006008       0x38 ./Drivers/STM32L0xx_HAL_Driver/Src/stm32l0xx_hal_gpio.o
                0x08006008                HAL_GPIO_EXTI_IRQHandler
 .text.HAL_RCC_OscConfig
                0x08006040      0x6d4 ./Drivers/STM32L0xx_HAL_Driver/Src/stm32l0xx_hal_rcc.o
                0x08006040                HAL_RCC_OscConfig
 .text.HAL_RCC_ClockConfig
                0x08006714      0x290 ./Drivers/STM32L0xx_HAL_Driver/Src/stm32l0xx_hal_rcc.o
                0x08006714                HAL_RCC_ClockConfig
 .text.HAL_RCC_GetSysClockFreq
                0x080069a4      0x10c ./Drivers/STM32L0xx_HAL_Driver/Src/stm32l0xx_hal_rcc.o
                0x080069a4                HAL_RCC_GetSysClockFreq
 .text.HAL_RCC_GetHCLKFreq
                0x08006ab0       0x14 ./Drivers/STM32L0xx_HAL_Driver/Src/stm32l0xx_hal_rcc.o
                0x08006ab0                HAL_RCC_GetHCLKFreq
 .text.HAL_RCC_GetPCLK1Freq
                0x08006ac4       0x2c ./Drivers/STM32L0xx_HAL_Driver/Src/stm32l0xx_hal_rcc.o
                0x08006ac4                HAL_RCC_GetPCLK1Freq
 .text.HAL_RCC_GetPCLK2Freq
                0x08006af0       0x2c ./Drivers/STM32L0xx_HAL_Driver/Src/stm32l0xx_hal_rcc.o
                0x08006af0                HAL_RCC_GetPCLK2Freq
 .text.HAL_RCCEx_PeriphCLKConfig
                0x08006b1c      0x274 ./Drivers/STM32L0xx_HAL_Driver/Src/stm32l0xx_hal_rcc_ex.o
                0x08006b1c                HAL_RCCEx_PeriphCLKConfig
 .text.HAL_SPI_Init
                0x08006d90      0x128 ./Drivers/STM32L0xx_HAL_Driver/Src/stm32l0xx_hal_spi.o
                0x08006d90                HAL_SPI_Init
 .text.HAL_SPI_Transmit
                0x08006eb8      0x2a0 ./Drivers/STM32L0xx_HAL_Driver/Src/stm32l0xx_hal_spi.o
                0x08006eb8                HAL_SPI_Transmit
 .text.HAL_SPI_Receive
                0x08007158      0x244 ./Drivers/STM32L0xx_HAL_Driver/Src/stm32l0xx_hal_spi.o
                0x08007158                HAL_SPI_Receive
 .text.HAL_SPI_TransmitReceive
                0x0800739c      0x37e ./Drivers/STM32L0xx_HAL_Driver/Src/stm32l0xx_hal_spi.o
                0x0800739c                HAL_SPI_TransmitReceive
 *fill*         0x0800771a        0x2 
 .text.HAL_SPI_IRQHandler
                0x0800771c      0x1fc ./Drivers/STM32L0xx_HAL_Driver/Src/stm32l0xx_hal_spi.o
                0x0800771c                HAL_SPI_IRQHandler
 .text.HAL_SPI_ErrorCallback
                0x08007918       0x10 ./Drivers/STM32L0xx_HAL_Driver/Src/stm32l0xx_hal_spi.o
                0x08007918                HAL_SPI_ErrorCallback
 .text.SPI_DMAAbortOnError
                0x08007928       0x2a ./Drivers/STM32L0xx_HAL_Driver/Src/stm32l0xx_hal_spi.o
 *fill*         0x08007952        0x2 
 .text.SPI_WaitFlagStateUntilTimeout
                0x08007954      0x11c ./Drivers/STM32L0xx_HAL_Driver/Src/stm32l0xx_hal_spi.o
 .text.SPI_EndRxTransaction
                0x08007a70       0xd4 ./Drivers/STM32L0xx_HAL_Driver/Src/stm32l0xx_hal_spi.o
 .text.SPI_EndRxTxTransaction
                0x08007b44       0xb4 ./Drivers/STM32L0xx_HAL_Driver/Src/stm32l0xx_hal_spi.o
 .text.HAL_UART_Init
                0x08007bf8       0xa8 ./Drivers/STM32L0xx_HAL_Driver/Src/stm32l0xx_hal_uart.o
                0x08007bf8                HAL_UART_Init
 .text.HAL_UART_DeInit
                0x08007ca0       0x7c ./Drivers/STM32L0xx_HAL_Driver/Src/stm32l0xx_hal_uart.o
                0x08007ca0                HAL_UART_DeInit
 .text.HAL_UART_Transmit
                0x08007d1c      0x13e ./Drivers/STM32L0xx_HAL_Driver/Src/stm32l0xx_hal_uart.o
                0x08007d1c                HAL_UART_Transmit
 *fill*         0x08007e5a        0x2 
 .text.HAL_UART_Receive_IT
                0x08007e5c       0xbc ./Drivers/STM32L0xx_HAL_Driver/Src/stm32l0xx_hal_uart.o
                0x08007e5c                HAL_UART_Receive_IT
 .text.HAL_UART_AbortReceive
                0x08007f18      0x15c ./Drivers/STM32L0xx_HAL_Driver/Src/stm32l0xx_hal_uart.o
                0x08007f18                HAL_UART_AbortReceive
 .text.HAL_UART_IRQHandler
                0x08008074      0x600 ./Drivers/STM32L0xx_HAL_Driver/Src/stm32l0xx_hal_uart.o
                0x08008074                HAL_UART_IRQHandler
 .text.HAL_UART_TxCpltCallback
                0x08008674       0x10 ./Drivers/STM32L0xx_HAL_Driver/Src/stm32l0xx_hal_uart.o
                0x08008674                HAL_UART_TxCpltCallback
 .text.HAL_UART_ErrorCallback
                0x08008684       0x10 ./Drivers/STM32L0xx_HAL_Driver/Src/stm32l0xx_hal_uart.o
                0x08008684                HAL_UART_ErrorCallback
 .text.HAL_UARTEx_RxEventCallback
                0x08008694       0x16 ./Drivers/STM32L0xx_HAL_Driver/Src/stm32l0xx_hal_uart.o
                0x08008694                HAL_UARTEx_RxEventCallback
 *fill*         0x080086aa        0x2 
 .text.UART_SetConfig
                0x080086ac      0x508 ./Drivers/STM32L0xx_HAL_Driver/Src/stm32l0xx_hal_uart.o
                0x080086ac                UART_SetConfig
 .text.UART_AdvFeatureConfig
                0x08008bb4      0x168 ./Drivers/STM32L0xx_HAL_Driver/Src/stm32l0xx_hal_uart.o
                0x08008bb4                UART_AdvFeatureConfig
 .text.UART_CheckIdleState
                0x08008d1c      0x150 ./Drivers/STM32L0xx_HAL_Driver/Src/stm32l0xx_hal_uart.o
                0x08008d1c                UART_CheckIdleState
 .text.UART_WaitOnFlagUntilTimeout
                0x08008e6c       0xde ./Drivers/STM32L0xx_HAL_Driver/Src/stm32l0xx_hal_uart.o
                0x08008e6c                UART_WaitOnFlagUntilTimeout
 *fill*         0x08008f4a        0x2 
 .text.UART_Start_Receive_IT
                0x08008f4c      0x194 ./Drivers/STM32L0xx_HAL_Driver/Src/stm32l0xx_hal_uart.o
                0x08008f4c                UART_Start_Receive_IT
 .text.UART_EndRxTransfer
                0x080090e0       0xc8 ./Drivers/STM32L0xx_HAL_Driver/Src/stm32l0xx_hal_uart.o
 .text.UART_DMAAbortOnError
                0x080091a8       0x26 ./Drivers/STM32L0xx_HAL_Driver/Src/stm32l0xx_hal_uart.o
 .text.UART_EndTransmit_IT
                0x080091ce       0x56 ./Drivers/STM32L0xx_HAL_Driver/Src/stm32l0xx_hal_uart.o
 .text.UART_RxISR_8BIT
                0x08009224      0x1c4 ./Drivers/STM32L0xx_HAL_Driver/Src/stm32l0xx_hal_uart.o
 .text.UART_RxISR_16BIT
                0x080093e8      0x1c4 ./Drivers/STM32L0xx_HAL_Driver/Src/stm32l0xx_hal_uart.o
 .text.HAL_UARTEx_WakeupCallback
                0x080095ac       0x10 ./Drivers/STM32L0xx_HAL_Driver/Src/stm32l0xx_hal_uart_ex.o
                0x080095ac                HAL_UARTEx_WakeupCallback
 .text.crc16_ccitt
                0x080095bc       0xac ./Modules/ExtFlash/crc16_ccitt.o
                0x080095bc                crc16_ccitt
 .text.CS_L     0x08009668       0x20 ./Modules/ExtFlash/extflash_w25q16.o
 .text.CS_H     0x08009688       0x20 ./Modules/ExtFlash/extflash_w25q16.o
 .text.ExtFlash_Init
                0x080096a8       0x62 ./Modules/ExtFlash/extflash_w25q16.o
                0x080096a8                ExtFlash_Init
 .text.ExtFlash_ReadSR1
                0x0800970a       0x50 ./Modules/ExtFlash/extflash_w25q16.o
                0x0800970a                ExtFlash_ReadSR1
 .text.WriteEnable
                0x0800975a       0x62 ./Modules/ExtFlash/extflash_w25q16.o
 .text.ExtFlash_WaitReady
                0x080097bc       0x52 ./Modules/ExtFlash/extflash_w25q16.o
                0x080097bc                ExtFlash_WaitReady
 .text.ExtFlash_Read
                0x0800980e       0x8c ./Modules/ExtFlash/extflash_w25q16.o
                0x0800980e                ExtFlash_Read
 .text.ExtFlash_Erase4K
                0x0800989a       0xa6 ./Modules/ExtFlash/extflash_w25q16.o
                0x0800989a                ExtFlash_Erase4K
 .text.PageProgram
                0x08009940       0xd2 ./Modules/ExtFlash/extflash_w25q16.o
 .text.ExtFlash_Write
                0x08009a12       0x7a ./Modules/ExtFlash/extflash_w25q16.o
                0x08009a12                ExtFlash_Write
 .text.LoraCfg_SetDefault
                0x08009a8c       0xfc ./Modules/ExtFlash/lora_cfg.o
                0x08009a8c                LoraCfg_SetDefault
 .text.LoraCfg_Load
                0x08009b88       0x48 ./Modules/ExtFlash/lora_cfg.o
                0x08009b88                LoraCfg_Load
 .text.LoraCfg_Validate
                0x08009bd0       0x90 ./Modules/ExtFlash/lora_cfg.o
                0x08009bd0                LoraCfg_Validate
 .text.LoraCfg_Save
                0x08009c60       0x8c ./Modules/ExtFlash/lora_cfg.o
                0x08009c60                LoraCfg_Save
 .text.default_cfg
                0x08009cec      0x11c ./Modules/ExtFlash/ntn_config.o
 .text.calc_crc
                0x08009e08       0x24 ./Modules/ExtFlash/ntn_config.o
 .text.cfg_valid
                0x08009e2c       0x8c ./Modules/ExtFlash/ntn_config.o
 .text.NTN_Config_Init
                0x08009eb8       0xac ./Modules/ExtFlash/ntn_config.o
                0x08009eb8                NTN_Config_Init
 .text.NTN_Config_ResetDefault
                0x08009f64       0x28 ./Modules/ExtFlash/ntn_config.o
                0x08009f64                NTN_Config_ResetDefault
 .text.NTN_Config_Save
                0x08009f8c       0xdc ./Modules/ExtFlash/ntn_config.o
                0x08009f8c                NTN_Config_Save
 .text.strieq   0x0800a068       0xc0 ./Modules/ExtFlash/ntn_config.o
 .text.trim_space
                0x0800a128       0x98 ./Modules/ExtFlash/ntn_config.o
 .text.skip_word
                0x0800a1c0       0x60 ./Modules/ExtFlash/ntn_config.o
 .text.bw_to_khz
                0x0800a220       0x38 ./Modules/ExtFlash/ntn_config.o
 .text.cr_to_str
                0x0800a258       0x54 ./Modules/ExtFlash/ntn_config.o
 .text.onoff    0x0800a2ac       0x2c ./Modules/ExtFlash/ntn_config.o
 .text.pubnet_str
                0x0800a2d8       0x2c ./Modules/ExtFlash/ntn_config.o
 .text.NTN_Config_ProcessLine
                0x0800a304      0x868 ./Modules/ExtFlash/ntn_config.o
                0x0800a304                NTN_Config_ProcessLine
 .text.LoraRx_IrqNotify
                0x0800ab6c       0x14 ./Modules/Lora/lorarx.o
                0x0800ab6c                LoraRx_IrqNotify
 .text.OnRxDone
                0x0800ab80       0xb8 ./Modules/Lora/lorarx.o
 .text.OnRxTimeout
                0x0800ac38       0x24 ./Modules/Lora/lorarx.o
 .text.OnRxError
                0x0800ac5c       0x24 ./Modules/Lora/lorarx.o
 .text.LoraRx_Init
                0x0800ac80       0xa8 ./Modules/Lora/lorarx.o
                0x0800ac80                LoraRx_Init
 .text.LoraRx_Process
                0x0800ad28       0x2c ./Modules/Lora/lorarx.o
                0x0800ad28                LoraRx_Process
 .text.Radio_ApplyLoraConfig
                0x0800ad54       0xa4 ./Modules/Lora/lorarx.o
                0x0800ad54                Radio_ApplyLoraConfig
 .text.RS485_UART_Init
                0x0800adf8       0x34 ./Modules/RS485/rs485.o
                0x0800adf8                RS485_UART_Init
 .text.RS485_WindQuery_Start
                0x0800ae2c       0x50 ./Modules/RS485/rs485.o
                0x0800ae2c                RS485_WindQuery_Start
 .text.RS485_UART_RxHandler
                0x0800ae7c       0x50 ./Modules/RS485/rs485.o
                0x0800ae7c                RS485_UART_RxHandler
 .text.RS485_WindQuery_Poll
                0x0800aecc      0x1d4 ./Modules/RS485/rs485.o
                0x0800aecc                RS485_WindQuery_Poll
 .text.Simple_Print
                0x0800b0a0       0x34 ./Modules/toNTN/debug.o
                0x0800b0a0                Simple_Print
 .text.__io_putchar
                0x0800b0d4       0x2c ./Modules/toNTN/debug.o
                0x0800b0d4                __io_putchar
 .text.NTN_Invalidate_UserSock_AndCfg
                0x0800b100       0x6c ./Modules/toNTN/toNTN.o
                0x0800b100                NTN_Invalidate_UserSock_AndCfg
 .text.JsonStream_Reset
                0x0800b16c       0x2c ./Modules/toNTN/toNTN.o
 .text.hex_val  0x0800b198       0x4a ./Modules/toNTN/toNTN.o
 *fill*         0x0800b1e2        0x2 
 .text.JsonStream_FeedHex
                0x0800b1e4      0x120 ./Modules/toNTN/toNTN.o
 .text.NTN_SnapshotRxLen
                0x0800b304       0x40 ./Modules/toNTN/toNTN.o
 .text.NTN_RxTerminateSafe
                0x0800b344       0x24 ./Modules/toNTN/toNTN.o
 .text.NTN_BytesToHex_Into
                0x0800b368       0x94 ./Modules/toNTN/toNTN.o
 .text.NTN_CloseSocket
                0x0800b3fc       0x50 ./Modules/toNTN/toNTN.o
 .text.NTN_LoraQ_IsFull
                0x0800b44c       0x40 ./Modules/toNTN/toNTN.o
 .text.NTN_LoraQ_IsEmpty
                0x0800b48c       0x28 ./Modules/toNTN/toNTN.o
 .text.NTN_EnqueueLoRa
                0x0800b4b4       0xe4 ./Modules/toNTN/toNTN.o
                0x0800b4b4                NTN_EnqueueLoRa
 .text.NTN_FlushLoRaQueue
                0x0800b598       0x90 ./Modules/toNTN/toNTN.o
                0x0800b598                NTN_FlushLoRaQueue
 .text.NTN_ParseConfigJson
                0x0800b628      0x138 ./Modules/toNTN/toNTN.o
                0x0800b628                NTN_ParseConfigJson
 .text.NTN_CommitCfgFromJson
                0x0800b760       0xc4 ./Modules/toNTN/toNTN.o
 .text.NTN_EnsureConfigReady
                0x0800b824       0x7c ./Modules/toNTN/toNTN.o
                0x0800b824                NTN_EnsureConfigReady
 .text.NTN_SendPayloadUsingCfg
                0x0800b8a0      0x72c ./Modules/toNTN/toNTN.o
                0x0800b8a0                NTN_SendPayloadUsingCfg
 .text.NTN_Send_Payload_WithSrc
                0x0800bfcc       0xa8 ./Modules/toNTN/toNTN.o
                0x0800bfcc                NTN_Send_Payload_WithSrc
 .text.NTN_SendHelloUsingCfg
                0x0800c074       0x2c ./Modules/toNTN/toNTN.o
                0x0800c074                NTN_SendHelloUsingCfg
 .text.NTN_SendHttpGet
                0x0800c0a0       0xec ./Modules/toNTN/toNTN.o
                0x0800c0a0                NTN_SendHttpGet
 .text.NTN_ParseNsorfLine
                0x0800c18c       0xf0 ./Modules/toNTN/toNTN.o
 .text.NTN_SendTest
                0x0800c27c      0x554 ./Modules/toNTN/toNTN.o
                0x0800c27c                NTN_SendTest
 .text.NTN_TryFetchConfigOnce
                0x0800c7d0       0x18 ./Modules/toNTN/toNTN.o
 .text.atoi     0x0800c7e8        0xc D:/ST/STM32CubeIDE_1.18.1/STM32CubeIDE/plugins/com.st.stm32cube.ide.mcu.externaltools.gnu-tools-for-stm32.13.3.rel1.win32_1.0.0.202411081344/tools/bin/../lib/gcc/arm-none-eabi/13.3.1/../../../../arm-none-eabi/lib/thumb/v6-m/nofp\libc_nano.a(libc_a-atoi.o)
                0x0800c7e8                atoi
 .text._strtol_l.isra.0
                0x0800c7f4      0x114 D:/ST/STM32CubeIDE_1.18.1/STM32CubeIDE/plugins/com.st.stm32cube.ide.mcu.externaltools.gnu-tools-for-stm32.13.3.rel1.win32_1.0.0.202411081344/tools/bin/../lib/gcc/arm-none-eabi/13.3.1/../../../../arm-none-eabi/lib/thumb/v6-m/nofp\libc_nano.a(libc_a-strtol.o)
 .text._strtol_r
                0x0800c908        0x8 D:/ST/STM32CubeIDE_1.18.1/STM32CubeIDE/plugins/com.st.stm32cube.ide.mcu.externaltools.gnu-tools-for-stm32.13.3.rel1.win32_1.0.0.202411081344/tools/bin/../lib/gcc/arm-none-eabi/13.3.1/../../../../arm-none-eabi/lib/thumb/v6-m/nofp\libc_nano.a(libc_a-strtol.o)
                0x0800c908                _strtol_r
 .text.strtol   0x0800c910       0x18 D:/ST/STM32CubeIDE_1.18.1/STM32CubeIDE/plugins/com.st.stm32cube.ide.mcu.externaltools.gnu-tools-for-stm32.13.3.rel1.win32_1.0.0.202411081344/tools/bin/../lib/gcc/arm-none-eabi/13.3.1/../../../../arm-none-eabi/lib/thumb/v6-m/nofp\libc_nano.a(libc_a-strtol.o)
                0x0800c910                strtol
 .text._strtoul_l.isra.0
                0x0800c928      0x104 D:/ST/STM32CubeIDE_1.18.1/STM32CubeIDE/plugins/com.st.stm32cube.ide.mcu.externaltools.gnu-tools-for-stm32.13.3.rel1.win32_1.0.0.202411081344/tools/bin/../lib/gcc/arm-none-eabi/13.3.1/../../../../arm-none-eabi/lib/thumb/v6-m/nofp\libc_nano.a(libc_a-strtoul.o)
 .text._strtoul_r
                0x0800ca2c        0x8 D:/ST/STM32CubeIDE_1.18.1/STM32CubeIDE/plugins/com.st.stm32cube.ide.mcu.externaltools.gnu-tools-for-stm32.13.3.rel1.win32_1.0.0.202411081344/tools/bin/../lib/gcc/arm-none-eabi/13.3.1/../../../../arm-none-eabi/lib/thumb/v6-m/nofp\libc_nano.a(libc_a-strtoul.o)
                0x0800ca2c                _strtoul_r
 .text.strtoul  0x0800ca34       0x18 D:/ST/STM32CubeIDE_1.18.1/STM32CubeIDE/plugins/com.st.stm32cube.ide.mcu.externaltools.gnu-tools-for-stm32.13.3.rel1.win32_1.0.0.202411081344/tools/bin/../lib/gcc/arm-none-eabi/13.3.1/../../../../arm-none-eabi/lib/thumb/v6-m/nofp\libc_nano.a(libc_a-strtoul.o)
                0x0800ca34                strtoul
 .text.std      0x0800ca4c       0x6c D:/ST/STM32CubeIDE_1.18.1/STM32CubeIDE/plugins/com.st.stm32cube.ide.mcu.externaltools.gnu-tools-for-stm32.13.3.rel1.win32_1.0.0.202411081344/tools/bin/../lib/gcc/arm-none-eabi/13.3.1/../../../../arm-none-eabi/lib/thumb/v6-m/nofp\libc_nano.a(libc_a-findfp.o)
 .text.stdio_exit_handler
                0x0800cab8       0x1c D:/ST/STM32CubeIDE_1.18.1/STM32CubeIDE/plugins/com.st.stm32cube.ide.mcu.externaltools.gnu-tools-for-stm32.13.3.rel1.win32_1.0.0.202411081344/tools/bin/../lib/gcc/arm-none-eabi/13.3.1/../../../../arm-none-eabi/lib/thumb/v6-m/nofp\libc_nano.a(libc_a-findfp.o)
 .text.cleanup_stdio
                0x0800cad4       0x3c D:/ST/STM32CubeIDE_1.18.1/STM32CubeIDE/plugins/com.st.stm32cube.ide.mcu.externaltools.gnu-tools-for-stm32.13.3.rel1.win32_1.0.0.202411081344/tools/bin/../lib/gcc/arm-none-eabi/13.3.1/../../../../arm-none-eabi/lib/thumb/v6-m/nofp\libc_nano.a(libc_a-findfp.o)
 .text.global_stdio_init.part.0
                0x0800cb10       0x3c D:/ST/STM32CubeIDE_1.18.1/STM32CubeIDE/plugins/com.st.stm32cube.ide.mcu.externaltools.gnu-tools-for-stm32.13.3.rel1.win32_1.0.0.202411081344/tools/bin/../lib/gcc/arm-none-eabi/13.3.1/../../../../arm-none-eabi/lib/thumb/v6-m/nofp\libc_nano.a(libc_a-findfp.o)
 .text.__sfp_lock_acquire
                0x0800cb4c       0x10 D:/ST/STM32CubeIDE_1.18.1/STM32CubeIDE/plugins/com.st.stm32cube.ide.mcu.externaltools.gnu-tools-for-stm32.13.3.rel1.win32_1.0.0.202411081344/tools/bin/../lib/gcc/arm-none-eabi/13.3.1/../../../../arm-none-eabi/lib/thumb/v6-m/nofp\libc_nano.a(libc_a-findfp.o)
                0x0800cb4c                __sfp_lock_acquire
 .text.__sfp_lock_release
                0x0800cb5c       0x10 D:/ST/STM32CubeIDE_1.18.1/STM32CubeIDE/plugins/com.st.stm32cube.ide.mcu.externaltools.gnu-tools-for-stm32.13.3.rel1.win32_1.0.0.202411081344/tools/bin/../lib/gcc/arm-none-eabi/13.3.1/../../../../arm-none-eabi/lib/thumb/v6-m/nofp\libc_nano.a(libc_a-findfp.o)
                0x0800cb5c                __sfp_lock_release
 .text.__sinit  0x0800cb6c       0x30 D:/ST/STM32CubeIDE_1.18.1/STM32CubeIDE/plugins/com.st.stm32cube.ide.mcu.externaltools.gnu-tools-for-stm32.13.3.rel1.win32_1.0.0.202411081344/tools/bin/../lib/gcc/arm-none-eabi/13.3.1/../../../../arm-none-eabi/lib/thumb/v6-m/nofp\libc_nano.a(libc_a-findfp.o)
                0x0800cb6c                __sinit
 .text._fwalk_sglue
                0x0800cb9c       0x38 D:/ST/STM32CubeIDE_1.18.1/STM32CubeIDE/plugins/com.st.stm32cube.ide.mcu.externaltools.gnu-tools-for-stm32.13.3.rel1.win32_1.0.0.202411081344/tools/bin/../lib/gcc/arm-none-eabi/13.3.1/../../../../arm-none-eabi/lib/thumb/v6-m/nofp\libc_nano.a(libc_a-fwalk.o)
                0x0800cb9c                _fwalk_sglue
 .text.printf   0x0800cbd4       0x20 D:/ST/STM32CubeIDE_1.18.1/STM32CubeIDE/plugins/com.st.stm32cube.ide.mcu.externaltools.gnu-tools-for-stm32.13.3.rel1.win32_1.0.0.202411081344/tools/bin/../lib/gcc/arm-none-eabi/13.3.1/../../../../arm-none-eabi/lib/thumb/v6-m/nofp\libc_nano.a(libc_a-printf.o)
                0x0800cbd4                iprintf
                0x0800cbd4                printf
 .text._puts_r  0x0800cbf4       0xac D:/ST/STM32CubeIDE_1.18.1/STM32CubeIDE/plugins/com.st.stm32cube.ide.mcu.externaltools.gnu-tools-for-stm32.13.3.rel1.win32_1.0.0.202411081344/tools/bin/../lib/gcc/arm-none-eabi/13.3.1/../../../../arm-none-eabi/lib/thumb/v6-m/nofp\libc_nano.a(libc_a-puts.o)
                0x0800cbf4                _puts_r
 .text.puts     0x0800cca0       0x14 D:/ST/STM32CubeIDE_1.18.1/STM32CubeIDE/plugins/com.st.stm32cube.ide.mcu.externaltools.gnu-tools-for-stm32.13.3.rel1.win32_1.0.0.202411081344/tools/bin/../lib/gcc/arm-none-eabi/13.3.1/../../../../arm-none-eabi/lib/thumb/v6-m/nofp\libc_nano.a(libc_a-puts.o)
                0x0800cca0                puts
 .text.snprintf
                0x0800ccb4       0x6c D:/ST/STM32CubeIDE_1.18.1/STM32CubeIDE/plugins/com.st.stm32cube.ide.mcu.externaltools.gnu-tools-for-stm32.13.3.rel1.win32_1.0.0.202411081344/tools/bin/../lib/gcc/arm-none-eabi/13.3.1/../../../../arm-none-eabi/lib/thumb/v6-m/nofp\libc_nano.a(libc_a-snprintf.o)
                0x0800ccb4                sniprintf
                0x0800ccb4                snprintf
 .text.sscanf   0x0800cd20       0x54 D:/ST/STM32CubeIDE_1.18.1/STM32CubeIDE/plugins/com.st.stm32cube.ide.mcu.externaltools.gnu-tools-for-stm32.13.3.rel1.win32_1.0.0.202411081344/tools/bin/../lib/gcc/arm-none-eabi/13.3.1/../../../../arm-none-eabi/lib/thumb/v6-m/nofp\libc_nano.a(libc_a-sscanf.o)
                0x0800cd20                siscanf
                0x0800cd20                sscanf
 .text.__sread  0x0800cd74       0x28 D:/ST/STM32CubeIDE_1.18.1/STM32CubeIDE/plugins/com.st.stm32cube.ide.mcu.externaltools.gnu-tools-for-stm32.13.3.rel1.win32_1.0.0.202411081344/tools/bin/../lib/gcc/arm-none-eabi/13.3.1/../../../../arm-none-eabi/lib/thumb/v6-m/nofp\libc_nano.a(libc_a-stdio.o)
                0x0800cd74                __sread
 .text.__seofread
                0x0800cd9c        0x4 D:/ST/STM32CubeIDE_1.18.1/STM32CubeIDE/plugins/com.st.stm32cube.ide.mcu.externaltools.gnu-tools-for-stm32.13.3.rel1.win32_1.0.0.202411081344/tools/bin/../lib/gcc/arm-none-eabi/13.3.1/../../../../arm-none-eabi/lib/thumb/v6-m/nofp\libc_nano.a(libc_a-stdio.o)
                0x0800cd9c                __seofread
 .text.__swrite
                0x0800cda0       0x38 D:/ST/STM32CubeIDE_1.18.1/STM32CubeIDE/plugins/com.st.stm32cube.ide.mcu.externaltools.gnu-tools-for-stm32.13.3.rel1.win32_1.0.0.202411081344/tools/bin/../lib/gcc/arm-none-eabi/13.3.1/../../../../arm-none-eabi/lib/thumb/v6-m/nofp\libc_nano.a(libc_a-stdio.o)
                0x0800cda0                __swrite
 .text.__sseek  0x0800cdd8       0x2c D:/ST/STM32CubeIDE_1.18.1/STM32CubeIDE/plugins/com.st.stm32cube.ide.mcu.externaltools.gnu-tools-for-stm32.13.3.rel1.win32_1.0.0.202411081344/tools/bin/../lib/gcc/arm-none-eabi/13.3.1/../../../../arm-none-eabi/lib/thumb/v6-m/nofp\libc_nano.a(libc_a-stdio.o)
                0x0800cdd8                __sseek
 .text.__sclose
                0x0800ce04        0xc D:/ST/STM32CubeIDE_1.18.1/STM32CubeIDE/plugins/com.st.stm32cube.ide.mcu.externaltools.gnu-tools-for-stm32.13.3.rel1.win32_1.0.0.202411081344/tools/bin/../lib/gcc/arm-none-eabi/13.3.1/../../../../arm-none-eabi/lib/thumb/v6-m/nofp\libc_nano.a(libc_a-stdio.o)
                0x0800ce04                __sclose
 .text.__swbuf_r
                0x0800ce10       0x84 D:/ST/STM32CubeIDE_1.18.1/STM32CubeIDE/plugins/com.st.stm32cube.ide.mcu.externaltools.gnu-tools-for-stm32.13.3.rel1.win32_1.0.0.202411081344/tools/bin/../lib/gcc/arm-none-eabi/13.3.1/../../../../arm-none-eabi/lib/thumb/v6-m/nofp\libc_nano.a(libc_a-wbuf.o)
                0x0800ce10                __swbuf_r
 .text.__swsetup_r
                0x0800ce94       0xbc D:/ST/STM32CubeIDE_1.18.1/STM32CubeIDE/plugins/com.st.stm32cube.ide.mcu.externaltools.gnu-tools-for-stm32.13.3.rel1.win32_1.0.0.202411081344/tools/bin/../lib/gcc/arm-none-eabi/13.3.1/../../../../arm-none-eabi/lib/thumb/v6-m/nofp\libc_nano.a(libc_a-wsetup.o)
                0x0800ce94                __swsetup_r
 .text.memcmp   0x0800cf50       0x1c D:/ST/STM32CubeIDE_1.18.1/STM32CubeIDE/plugins/com.st.stm32cube.ide.mcu.externaltools.gnu-tools-for-stm32.13.3.rel1.win32_1.0.0.202411081344/tools/bin/../lib/gcc/arm-none-eabi/13.3.1/../../../../arm-none-eabi/lib/thumb/v6-m/nofp\libc_nano.a(libc_a-memcmp.o)
                0x0800cf50                memcmp
 .text.memmove  0x0800cf6c       0x24 D:/ST/STM32CubeIDE_1.18.1/STM32CubeIDE/plugins/com.st.stm32cube.ide.mcu.externaltools.gnu-tools-for-stm32.13.3.rel1.win32_1.0.0.202411081344/tools/bin/../lib/gcc/arm-none-eabi/13.3.1/../../../../arm-none-eabi/lib/thumb/v6-m/nofp\libc_nano.a(libc_a-memmove.o)
                0x0800cf6c                memmove
 .text.memset   0x0800cf90       0x10 D:/ST/STM32CubeIDE_1.18.1/STM32CubeIDE/plugins/com.st.stm32cube.ide.mcu.externaltools.gnu-tools-for-stm32.13.3.rel1.win32_1.0.0.202411081344/tools/bin/../lib/gcc/arm-none-eabi/13.3.1/../../../../arm-none-eabi/lib/thumb/v6-m/nofp\libc_nano.a(libc_a-memset.o)
                0x0800cf90                memset
 .text.strchr   0x0800cfa0       0x1c D:/ST/STM32CubeIDE_1.18.1/STM32CubeIDE/plugins/com.st.stm32cube.ide.mcu.externaltools.gnu-tools-for-stm32.13.3.rel1.win32_1.0.0.202411081344/tools/bin/../lib/gcc/arm-none-eabi/13.3.1/../../../../arm-none-eabi/lib/thumb/v6-m/nofp\libc_nano.a(libc_a-strchr.o)
                0x0800cfa0                strchr
 .text.strncasecmp
                0x0800cfbc       0x48 D:/ST/STM32CubeIDE_1.18.1/STM32CubeIDE/plugins/com.st.stm32cube.ide.mcu.externaltools.gnu-tools-for-stm32.13.3.rel1.win32_1.0.0.202411081344/tools/bin/../lib/gcc/arm-none-eabi/13.3.1/../../../../arm-none-eabi/lib/thumb/v6-m/nofp\libc_nano.a(libc_a-strncasecmp.o)
                0x0800cfbc                strncasecmp
 .text.strncpy  0x0800d004       0x28 D:/ST/STM32CubeIDE_1.18.1/STM32CubeIDE/plugins/com.st.stm32cube.ide.mcu.externaltools.gnu-tools-for-stm32.13.3.rel1.win32_1.0.0.202411081344/tools/bin/../lib/gcc/arm-none-eabi/13.3.1/../../../../arm-none-eabi/lib/thumb/v6-m/nofp\libc_nano.a(libc_a-strncpy.o)
                0x0800d004                strncpy
 .text.strpbrk  0x0800d02c       0x20 D:/ST/STM32CubeIDE_1.18.1/STM32CubeIDE/plugins/com.st.stm32cube.ide.mcu.externaltools.gnu-tools-for-stm32.13.3.rel1.win32_1.0.0.202411081344/tools/bin/../lib/gcc/arm-none-eabi/13.3.1/../../../../arm-none-eabi/lib/thumb/v6-m/nofp\libc_nano.a(libc_a-strpbrk.o)
                0x0800d02c                strpbrk
 .text.strstr   0x0800d04c       0x2c D:/ST/STM32CubeIDE_1.18.1/STM32CubeIDE/plugins/com.st.stm32cube.ide.mcu.externaltools.gnu-tools-for-stm32.13.3.rel1.win32_1.0.0.202411081344/tools/bin/../lib/gcc/arm-none-eabi/13.3.1/../../../../arm-none-eabi/lib/thumb/v6-m/nofp\libc_nano.a(libc_a-strstr.o)
                0x0800d04c                strstr
 .text._close_r
                0x0800d078       0x24 D:/ST/STM32CubeIDE_1.18.1/STM32CubeIDE/plugins/com.st.stm32cube.ide.mcu.externaltools.gnu-tools-for-stm32.13.3.rel1.win32_1.0.0.202411081344/tools/bin/../lib/gcc/arm-none-eabi/13.3.1/../../../../arm-none-eabi/lib/thumb/v6-m/nofp\libc_nano.a(libc_a-closer.o)
                0x0800d078                _close_r
 .text._lseek_r
                0x0800d09c       0x28 D:/ST/STM32CubeIDE_1.18.1/STM32CubeIDE/plugins/com.st.stm32cube.ide.mcu.externaltools.gnu-tools-for-stm32.13.3.rel1.win32_1.0.0.202411081344/tools/bin/../lib/gcc/arm-none-eabi/13.3.1/../../../../arm-none-eabi/lib/thumb/v6-m/nofp\libc_nano.a(libc_a-lseekr.o)
                0x0800d09c                _lseek_r
 .text._read_r  0x0800d0c4       0x28 D:/ST/STM32CubeIDE_1.18.1/STM32CubeIDE/plugins/com.st.stm32cube.ide.mcu.externaltools.gnu-tools-for-stm32.13.3.rel1.win32_1.0.0.202411081344/tools/bin/../lib/gcc/arm-none-eabi/13.3.1/../../../../arm-none-eabi/lib/thumb/v6-m/nofp\libc_nano.a(libc_a-readr.o)
                0x0800d0c4                _read_r
 .text._write_r
                0x0800d0ec       0x28 D:/ST/STM32CubeIDE_1.18.1/STM32CubeIDE/plugins/com.st.stm32cube.ide.mcu.externaltools.gnu-tools-for-stm32.13.3.rel1.win32_1.0.0.202411081344/tools/bin/../lib/gcc/arm-none-eabi/13.3.1/../../../../arm-none-eabi/lib/thumb/v6-m/nofp\libc_nano.a(libc_a-writer.o)
                0x0800d0ec                _write_r
 .text.__errno  0x0800d114        0xc D:/ST/STM32CubeIDE_1.18.1/STM32CubeIDE/plugins/com.st.stm32cube.ide.mcu.externaltools.gnu-tools-for-stm32.13.3.rel1.win32_1.0.0.202411081344/tools/bin/../lib/gcc/arm-none-eabi/13.3.1/../../../../arm-none-eabi/lib/thumb/v6-m/nofp\libc_nano.a(libc_a-errno.o)
                0x0800d114                __errno
 .text.__libc_init_array
                0x0800d120       0x48 D:/ST/STM32CubeIDE_1.18.1/STM32CubeIDE/plugins/com.st.stm32cube.ide.mcu.externaltools.gnu-tools-for-stm32.13.3.rel1.win32_1.0.0.202411081344/tools/bin/../lib/gcc/arm-none-eabi/13.3.1/../../../../arm-none-eabi/lib/thumb/v6-m/nofp\libc_nano.a(libc_a-init.o)
                0x0800d120                __libc_init_array
 .text.__retarget_lock_init_recursive
                0x0800d168        0x2 D:/ST/STM32CubeIDE_1.18.1/STM32CubeIDE/plugins/com.st.stm32cube.ide.mcu.externaltools.gnu-tools-for-stm32.13.3.rel1.win32_1.0.0.202411081344/tools/bin/../lib/gcc/arm-none-eabi/13.3.1/../../../../arm-none-eabi/lib/thumb/v6-m/nofp\libc_nano.a(libc_a-lock.o)
                0x0800d168                __retarget_lock_init_recursive
 .text.__retarget_lock_acquire_recursive
                0x0800d16a        0x2 D:/ST/STM32CubeIDE_1.18.1/STM32CubeIDE/plugins/com.st.stm32cube.ide.mcu.externaltools.gnu-tools-for-stm32.13.3.rel1.win32_1.0.0.202411081344/tools/bin/../lib/gcc/arm-none-eabi/13.3.1/../../../../arm-none-eabi/lib/thumb/v6-m/nofp\libc_nano.a(libc_a-lock.o)
                0x0800d16a                __retarget_lock_acquire_recursive
 .text.__retarget_lock_release_recursive
                0x0800d16c        0x2 D:/ST/STM32CubeIDE_1.18.1/STM32CubeIDE/plugins/com.st.stm32cube.ide.mcu.externaltools.gnu-tools-for-stm32.13.3.rel1.win32_1.0.0.202411081344/tools/bin/../lib/gcc/arm-none-eabi/13.3.1/../../../../arm-none-eabi/lib/thumb/v6-m/nofp\libc_nano.a(libc_a-lock.o)
                0x0800d16c                __retarget_lock_release_recursive
 .text.memcpy   0x0800d16e       0x12 D:/ST/STM32CubeIDE_1.18.1/STM32CubeIDE/plugins/com.st.stm32cube.ide.mcu.externaltools.gnu-tools-for-stm32.13.3.rel1.win32_1.0.0.202411081344/tools/bin/../lib/gcc/arm-none-eabi/13.3.1/../../../../arm-none-eabi/lib/thumb/v6-m/nofp\libc_nano.a(libc_a-memcpy-stub.o)
                0x0800d16e                memcpy
 .text._free_r  0x0800d180       0x94 D:/ST/STM32CubeIDE_1.18.1/STM32CubeIDE/plugins/com.st.stm32cube.ide.mcu.externaltools.gnu-tools-for-stm32.13.3.rel1.win32_1.0.0.202411081344/tools/bin/../lib/gcc/arm-none-eabi/13.3.1/../../../../arm-none-eabi/lib/thumb/v6-m/nofp\libc_nano.a(libc_a-freer.o)
                0x0800d180                _free_r
 .text.sbrk_aligned
                0x0800d214       0x44 D:/ST/STM32CubeIDE_1.18.1/STM32CubeIDE/plugins/com.st.stm32cube.ide.mcu.externaltools.gnu-tools-for-stm32.13.3.rel1.win32_1.0.0.202411081344/tools/bin/../lib/gcc/arm-none-eabi/13.3.1/../../../../arm-none-eabi/lib/thumb/v6-m/nofp\libc_nano.a(libc_a-mallocr.o)
 .text._malloc_r
                0x0800d258      0x100 D:/ST/STM32CubeIDE_1.18.1/STM32CubeIDE/plugins/com.st.stm32cube.ide.mcu.externaltools.gnu-tools-for-stm32.13.3.rel1.win32_1.0.0.202411081344/tools/bin/../lib/gcc/arm-none-eabi/13.3.1/../../../../arm-none-eabi/lib/thumb/v6-m/nofp\libc_nano.a(libc_a-mallocr.o)
                0x0800d258                _malloc_r
 .text.__malloc_lock
                0x0800d358       0x10 D:/ST/STM32CubeIDE_1.18.1/STM32CubeIDE/plugins/com.st.stm32cube.ide.mcu.externaltools.gnu-tools-for-stm32.13.3.rel1.win32_1.0.0.202411081344/tools/bin/../lib/gcc/arm-none-eabi/13.3.1/../../../../arm-none-eabi/lib/thumb/v6-m/nofp\libc_nano.a(libc_a-mlock.o)
                0x0800d358                __malloc_lock
 .text.__malloc_unlock
                0x0800d368       0x10 D:/ST/STM32CubeIDE_1.18.1/STM32CubeIDE/plugins/com.st.stm32cube.ide.mcu.externaltools.gnu-tools-for-stm32.13.3.rel1.win32_1.0.0.202411081344/tools/bin/../lib/gcc/arm-none-eabi/13.3.1/../../../../arm-none-eabi/lib/thumb/v6-m/nofp\libc_nano.a(libc_a-mlock.o)
                0x0800d368                __malloc_unlock
 .text.__ssputs_r
                0x0800d378       0xc0 D:/ST/STM32CubeIDE_1.18.1/STM32CubeIDE/plugins/com.st.stm32cube.ide.mcu.externaltools.gnu-tools-for-stm32.13.3.rel1.win32_1.0.0.202411081344/tools/bin/../lib/gcc/arm-none-eabi/13.3.1/../../../../arm-none-eabi/lib/thumb/v6-m/nofp\libc_nano.a(libc_a-nano-svfprintf.o)
                0x0800d378                __ssputs_r
 .text._svfprintf_r
                0x0800d438      0x1fc D:/ST/STM32CubeIDE_1.18.1/STM32CubeIDE/plugins/com.st.stm32cube.ide.mcu.externaltools.gnu-tools-for-stm32.13.3.rel1.win32_1.0.0.202411081344/tools/bin/../lib/gcc/arm-none-eabi/13.3.1/../../../../arm-none-eabi/lib/thumb/v6-m/nofp\libc_nano.a(libc_a-nano-svfprintf.o)
                0x0800d438                _svfiprintf_r
                0x0800d438                _svfprintf_r
 .text._sungetc_r
                0x0800d634       0x78 D:/ST/STM32CubeIDE_1.18.1/STM32CubeIDE/plugins/com.st.stm32cube.ide.mcu.externaltools.gnu-tools-for-stm32.13.3.rel1.win32_1.0.0.202411081344/tools/bin/../lib/gcc/arm-none-eabi/13.3.1/../../../../arm-none-eabi/lib/thumb/v6-m/nofp\libc_nano.a(libc_a-nano-svfscanf.o)
                0x0800d634                _sungetc_r
 .text.__ssrefill_r
                0x0800d6ac       0x3e D:/ST/STM32CubeIDE_1.18.1/STM32CubeIDE/plugins/com.st.stm32cube.ide.mcu.externaltools.gnu-tools-for-stm32.13.3.rel1.win32_1.0.0.202411081344/tools/bin/../lib/gcc/arm-none-eabi/13.3.1/../../../../arm-none-eabi/lib/thumb/v6-m/nofp\libc_nano.a(libc_a-nano-svfscanf.o)
                0x0800d6ac                __ssrefill_r
 *fill*         0x0800d6ea        0x2 
 .text.__ssvfscanf_r
                0x0800d6ec      0x2c8 D:/ST/STM32CubeIDE_1.18.1/STM32CubeIDE/plugins/com.st.stm32cube.ide.mcu.externaltools.gnu-tools-for-stm32.13.3.rel1.win32_1.0.0.202411081344/tools/bin/../lib/gcc/arm-none-eabi/13.3.1/../../../../arm-none-eabi/lib/thumb/v6-m/nofp\libc_nano.a(libc_a-nano-svfscanf.o)
                0x0800d6ec                __ssvfiscanf_r
                0x0800d6ec                __ssvfscanf_r
 .text.__sfputc_r
                0x0800d9b4       0x2a D:/ST/STM32CubeIDE_1.18.1/STM32CubeIDE/plugins/com.st.stm32cube.ide.mcu.externaltools.gnu-tools-for-stm32.13.3.rel1.win32_1.0.0.202411081344/tools/bin/../lib/gcc/arm-none-eabi/13.3.1/../../../../arm-none-eabi/lib/thumb/v6-m/nofp\libc_nano.a(libc_a-nano-vfprintf.o)
 .text.__sfputs_r
                0x0800d9de       0x24 D:/ST/STM32CubeIDE_1.18.1/STM32CubeIDE/plugins/com.st.stm32cube.ide.mcu.externaltools.gnu-tools-for-stm32.13.3.rel1.win32_1.0.0.202411081344/tools/bin/../lib/gcc/arm-none-eabi/13.3.1/../../../../arm-none-eabi/lib/thumb/v6-m/nofp\libc_nano.a(libc_a-nano-vfprintf.o)
                0x0800d9de                __sfputs_r
 *fill*         0x0800da02        0x2 
 .text._vfprintf_r
                0x0800da04      0x238 D:/ST/STM32CubeIDE_1.18.1/STM32CubeIDE/plugins/com.st.stm32cube.ide.mcu.externaltools.gnu-tools-for-stm32.13.3.rel1.win32_1.0.0.202411081344/tools/bin/../lib/gcc/arm-none-eabi/13.3.1/../../../../arm-none-eabi/lib/thumb/v6-m/nofp\libc_nano.a(libc_a-nano-vfprintf.o)
                0x0800da04                _vfprintf_r
                0x0800da04                _vfiprintf_r
 .text._printf_common
                0x0800dc3c       0xde D:/ST/STM32CubeIDE_1.18.1/STM32CubeIDE/plugins/com.st.stm32cube.ide.mcu.externaltools.gnu-tools-for-stm32.13.3.rel1.win32_1.0.0.202411081344/tools/bin/../lib/gcc/arm-none-eabi/13.3.1/../../../../arm-none-eabi/lib/thumb/v6-m/nofp\libc_nano.a(libc_a-nano-vfprintf_i.o)
                0x0800dc3c                _printf_common
 *fill*         0x0800dd1a        0x2 
 .text._printf_i
                0x0800dd1c      0x218 D:/ST/STM32CubeIDE_1.18.1/STM32CubeIDE/plugins/com.st.stm32cube.ide.mcu.externaltools.gnu-tools-for-stm32.13.3.rel1.win32_1.0.0.202411081344/tools/bin/../lib/gcc/arm-none-eabi/13.3.1/../../../../arm-none-eabi/lib/thumb/v6-m/nofp\libc_nano.a(libc_a-nano-vfprintf_i.o)
                0x0800dd1c                _printf_i
 .text._scanf_chars
                0x0800df34       0xc0 D:/ST/STM32CubeIDE_1.18.1/STM32CubeIDE/plugins/com.st.stm32cube.ide.mcu.externaltools.gnu-tools-for-stm32.13.3.rel1.win32_1.0.0.202411081344/tools/bin/../lib/gcc/arm-none-eabi/13.3.1/../../../../arm-none-eabi/lib/thumb/v6-m/nofp\libc_nano.a(libc_a-nano-vfscanf_i.o)
                0x0800df34                _scanf_chars
 .text._scanf_i
                0x0800dff4      0x200 D:/ST/STM32CubeIDE_1.18.1/STM32CubeIDE/plugins/com.st.stm32cube.ide.mcu.externaltools.gnu-tools-for-stm32.13.3.rel1.win32_1.0.0.202411081344/tools/bin/../lib/gcc/arm-none-eabi/13.3.1/../../../../arm-none-eabi/lib/thumb/v6-m/nofp\libc_nano.a(libc_a-nano-vfscanf_i.o)
                0x0800dff4                _scanf_i
 .text.__sflush_r
                0x0800e1f4      0x10c D:/ST/STM32CubeIDE_1.18.1/STM32CubeIDE/plugins/com.st.stm32cube.ide.mcu.externaltools.gnu-tools-for-stm32.13.3.rel1.win32_1.0.0.202411081344/tools/bin/../lib/gcc/arm-none-eabi/13.3.1/../../../../arm-none-eabi/lib/thumb/v6-m/nofp\libc_nano.a(libc_a-fflush.o)
                0x0800e1f4                __sflush_r
 .text._fflush_r
                0x0800e300       0x56 D:/ST/STM32CubeIDE_1.18.1/STM32CubeIDE/plugins/com.st.stm32cube.ide.mcu.externaltools.gnu-tools-for-stm32.13.3.rel1.win32_1.0.0.202411081344/tools/bin/../lib/gcc/arm-none-eabi/13.3.1/../../../../arm-none-eabi/lib/thumb/v6-m/nofp\libc_nano.a(libc_a-fflush.o)
                0x0800e300                _fflush_r
 *fill*         0x0800e356        0x2 
 .text.__swhatbuf_r
                0x0800e358       0x54 D:/ST/STM32CubeIDE_1.18.1/STM32CubeIDE/plugins/com.st.stm32cube.ide.mcu.externaltools.gnu-tools-for-stm32.13.3.rel1.win32_1.0.0.202411081344/tools/bin/../lib/gcc/arm-none-eabi/13.3.1/../../../../arm-none-eabi/lib/thumb/v6-m/nofp\libc_nano.a(libc_a-makebuf.o)
                0x0800e358                __swhatbuf_r
 .text.__smakebuf_r
                0x0800e3ac       0x82 D:/ST/STM32CubeIDE_1.18.1/STM32CubeIDE/plugins/com.st.stm32cube.ide.mcu.externaltools.gnu-tools-for-stm32.13.3.rel1.win32_1.0.0.202411081344/tools/bin/../lib/gcc/arm-none-eabi/13.3.1/../../../../arm-none-eabi/lib/thumb/v6-m/nofp\libc_nano.a(libc_a-makebuf.o)
                0x0800e3ac                __smakebuf_r
 .text.__sccl   0x0800e42e       0x72 D:/ST/STM32CubeIDE_1.18.1/STM32CubeIDE/plugins/com.st.stm32cube.ide.mcu.externaltools.gnu-tools-for-stm32.13.3.rel1.win32_1.0.0.202411081344/tools/bin/../lib/gcc/arm-none-eabi/13.3.1/../../../../arm-none-eabi/lib/thumb/v6-m/nofp\libc_nano.a(libc_a-sccl.o)
                0x0800e42e                __sccl
 .text.__submore
                0x0800e4a0       0x7c D:/ST/STM32CubeIDE_1.18.1/STM32CubeIDE/plugins/com.st.stm32cube.ide.mcu.externaltools.gnu-tools-for-stm32.13.3.rel1.win32_1.0.0.202411081344/tools/bin/../lib/gcc/arm-none-eabi/13.3.1/../../../../arm-none-eabi/lib/thumb/v6-m/nofp\libc_nano.a(libc_a-ungetc.o)
                0x0800e4a0                __submore
 .text._fstat_r
                0x0800e51c       0x24 D:/ST/STM32CubeIDE_1.18.1/STM32CubeIDE/plugins/com.st.stm32cube.ide.mcu.externaltools.gnu-tools-for-stm32.13.3.rel1.win32_1.0.0.202411081344/tools/bin/../lib/gcc/arm-none-eabi/13.3.1/../../../../arm-none-eabi/lib/thumb/v6-m/nofp\libc_nano.a(libc_a-fstatr.o)
                0x0800e51c                _fstat_r
 .text._isatty_r
                0x0800e540       0x24 D:/ST/STM32CubeIDE_1.18.1/STM32CubeIDE/plugins/com.st.stm32cube.ide.mcu.externaltools.gnu-tools-for-stm32.13.3.rel1.win32_1.0.0.202411081344/tools/bin/../lib/gcc/arm-none-eabi/13.3.1/../../../../arm-none-eabi/lib/thumb/v6-m/nofp\libc_nano.a(libc_a-isattyr.o)
                0x0800e540                _isatty_r
 .text._sbrk_r  0x0800e564       0x24 D:/ST/STM32CubeIDE_1.18.1/STM32CubeIDE/plugins/com.st.stm32cube.ide.mcu.externaltools.gnu-tools-for-stm32.13.3.rel1.win32_1.0.0.202411081344/tools/bin/../lib/gcc/arm-none-eabi/13.3.1/../../../../arm-none-eabi/lib/thumb/v6-m/nofp\libc_nano.a(libc_a-sbrkr.o)
                0x0800e564                _sbrk_r
 .text.memchr   0x0800e588       0x16 D:/ST/STM32CubeIDE_1.18.1/STM32CubeIDE/plugins/com.st.stm32cube.ide.mcu.externaltools.gnu-tools-for-stm32.13.3.rel1.win32_1.0.0.202411081344/tools/bin/../lib/gcc/arm-none-eabi/13.3.1/../../../../arm-none-eabi/lib/thumb/v6-m/nofp\libc_nano.a(libc_a-memchr-stub.o)
                0x0800e588                memchr
 .text._realloc_r
                0x0800e59e       0x60 D:/ST/STM32CubeIDE_1.18.1/STM32CubeIDE/plugins/com.st.stm32cube.ide.mcu.externaltools.gnu-tools-for-stm32.13.3.rel1.win32_1.0.0.202411081344/tools/bin/../lib/gcc/arm-none-eabi/13.3.1/../../../../arm-none-eabi/lib/thumb/v6-m/nofp\libc_nano.a(libc_a-reallocr.o)
                0x0800e59e                _realloc_r
 .text._malloc_usable_size_r
                0x0800e5fe       0x10 D:/ST/STM32CubeIDE_1.18.1/STM32CubeIDE/plugins/com.st.stm32cube.ide.mcu.externaltools.gnu-tools-for-stm32.13.3.rel1.win32_1.0.0.202411081344/tools/bin/../lib/gcc/arm-none-eabi/13.3.1/../../../../arm-none-eabi/lib/thumb/v6-m/nofp\libc_nano.a(libc_a-msizer.o)
                0x0800e5fe                _malloc_usable_size_r
 *fill*         0x0800e60e        0x2 
 .text.ceil     0x0800e610       0xf0 D:/ST/STM32CubeIDE_1.18.1/STM32CubeIDE/plugins/com.st.stm32cube.ide.mcu.externaltools.gnu-tools-for-stm32.13.3.rel1.win32_1.0.0.202411081344/tools/bin/../lib/gcc/arm-none-eabi/13.3.1/../../../../arm-none-eabi/lib/thumb/v6-m/nofp\libm.a(libm_a-s_ceil.o)
                0x0800e610                ceil
 .text.floor    0x0800e700       0xf8 D:/ST/STM32CubeIDE_1.18.1/STM32CubeIDE/plugins/com.st.stm32cube.ide.mcu.externaltools.gnu-tools-for-stm32.13.3.rel1.win32_1.0.0.202411081344/tools/bin/../lib/gcc/arm-none-eabi/13.3.1/../../../../arm-none-eabi/lib/thumb/v6-m/nofp\libm.a(libm_a-s_floor.o)
                0x0800e700                floor
 .text.rint     0x0800e7f8      0x114 D:/ST/STM32CubeIDE_1.18.1/STM32CubeIDE/plugins/com.st.stm32cube.ide.mcu.externaltools.gnu-tools-for-stm32.13.3.rel1.win32_1.0.0.202411081344/tools/bin/../lib/gcc/arm-none-eabi/13.3.1/../../../../arm-none-eabi/lib/thumb/v6-m/nofp\libm.a(libm_a-s_rint.o)
                0x0800e7f8                rint
 *(.glue_7)
 .glue_7        0x0800e90c        0x0 linker stubs
 *(.glue_7t)
 .glue_7t       0x0800e90c        0x0 linker stubs
 *(.eh_frame)
 .eh_frame      0x0800e90c        0x0 D:/ST/STM32CubeIDE_1.18.1/STM32CubeIDE/plugins/com.st.stm32cube.ide.mcu.externaltools.gnu-tools-for-stm32.13.3.rel1.win32_1.0.0.202411081344/tools/bin/../lib/gcc/arm-none-eabi/13.3.1/thumb/v6-m/nofp/crtbegin.o
 *(.init)
 .init          0x0800e90c        0x4 D:/ST/STM32CubeIDE_1.18.1/STM32CubeIDE/plugins/com.st.stm32cube.ide.mcu.externaltools.gnu-tools-for-stm32.13.3.rel1.win32_1.0.0.202411081344/tools/bin/../lib/gcc/arm-none-eabi/13.3.1/thumb/v6-m/nofp/crti.o
                0x0800e90c                _init
 .init          0x0800e910        0x8 D:/ST/STM32CubeIDE_1.18.1/STM32CubeIDE/plugins/com.st.stm32cube.ide.mcu.externaltools.gnu-tools-for-stm32.13.3.rel1.win32_1.0.0.202411081344/tools/bin/../lib/gcc/arm-none-eabi/13.3.1/thumb/v6-m/nofp/crtn.o
 *(.fini)
 .fini          0x0800e918        0x4 D:/ST/STM32CubeIDE_1.18.1/STM32CubeIDE/plugins/com.st.stm32cube.ide.mcu.externaltools.gnu-tools-for-stm32.13.3.rel1.win32_1.0.0.202411081344/tools/bin/../lib/gcc/arm-none-eabi/13.3.1/thumb/v6-m/nofp/crti.o
                0x0800e918                _fini
 .fini          0x0800e91c        0x8 D:/ST/STM32CubeIDE_1.18.1/STM32CubeIDE/plugins/com.st.stm32cube.ide.mcu.externaltools.gnu-tools-for-stm32.13.3.rel1.win32_1.0.0.202411081344/tools/bin/../lib/gcc/arm-none-eabi/13.3.1/thumb/v6-m/nofp/crtn.o
                0x0800e924                        . = ALIGN (0x4)
                0x0800e924                        _etext = .

.vfp11_veneer   0x0800e924        0x0
 .vfp11_veneer  0x0800e924        0x0 linker stubs

.v4_bx          0x0800e924        0x0
 .v4_bx         0x0800e924        0x0 linker stubs

.iplt           0x0800e924        0x0
 .iplt          0x0800e924        0x0 D:/ST/STM32CubeIDE_1.18.1/STM32CubeIDE/plugins/com.st.stm32cube.ide.mcu.externaltools.gnu-tools-for-stm32.13.3.rel1.win32_1.0.0.202411081344/tools/bin/../lib/gcc/arm-none-eabi/13.3.1/thumb/v6-m/nofp/crtbegin.o

.rodata         0x0800e928      0xd28
                0x0800e928                        . = ALIGN (0x4)
 *(.rodata)
 .rodata        0x0800e928      0x159 ./Core/Src/main.o
 *fill*         0x0800ea81        0x3 
 .rodata        0x0800ea84      0x1e9 ./Modules/ExtFlash/ntn_config.o
 *fill*         0x0800ec6d        0x3 
 .rodata        0x0800ec70       0x80 ./Modules/Lora/lorarx.o
 .rodata        0x0800ecf0      0x11c ./Modules/RS485/rs485.o
 .rodata        0x0800ee0c      0x4dd ./Modules/toNTN/toNTN.o
 *fill*         0x0800f2e9        0x3 
 .rodata        0x0800f2ec        0xc D:/ST/STM32CubeIDE_1.18.1/STM32CubeIDE/plugins/com.st.stm32cube.ide.mcu.externaltools.gnu-tools-for-stm32.13.3.rel1.win32_1.0.0.202411081344/tools/bin/../lib/gcc/arm-none-eabi/13.3.1/../../../../arm-none-eabi/lib/thumb/v6-m/nofp\libc_nano.a(libc_a-nano-vfscanf_i.o)
 .rodata        0x0800f2f8       0x40 D:/ST/STM32CubeIDE_1.18.1/STM32CubeIDE/plugins/com.st.stm32cube.ide.mcu.externaltools.gnu-tools-for-stm32.13.3.rel1.win32_1.0.0.202411081344/tools/bin/../lib/gcc/arm-none-eabi/13.3.1/thumb/v6-m/nofp\libgcc.a(divdf3.o)
 *(.rodata*)
 .rodata.Radio  0x0800f338       0x6c ./Core/LoraSDK/radio.o
                0x0800f338                Radio
 .rodata.FskBandwidths
                0x0800f3a4       0xb0 ./Core/LoraSDK/radio.o
                0x0800f3a4                FskBandwidths
 .rodata.Bandwidths
                0x0800f454        0x4 ./Core/LoraSDK/radio.o
                0x0800f454                Bandwidths
 .rodata.AHBPrescTable
                0x0800f458       0x10 ./Core/Src/system_stm32l0xx.o
                0x0800f458                AHBPrescTable
 .rodata.APBPrescTable
                0x0800f468        0x8 ./Core/Src/system_stm32l0xx.o
                0x0800f468                APBPrescTable
 .rodata.PLLMulTable
                0x0800f470        0x9 ./Core/Src/system_stm32l0xx.o
                0x0800f470                PLLMulTable
 *fill*         0x0800f479        0x3 
 .rodata.UART_SetConfig
                0x0800f47c       0x48 ./Drivers/STM32L0xx_HAL_Driver/Src/stm32l0xx_hal_uart.o
 .rodata.CMD_WIND_SPEED
                0x0800f4c4        0x8 ./Modules/RS485/rs485.o
 .rodata.hex_tab.1
                0x0800f4cc       0x11 ./Modules/toNTN/toNTN.o
 *fill*         0x0800f4dd        0x3 
 .rodata.hex_tab.0
                0x0800f4e0       0x11 ./Modules/toNTN/toNTN.o
 .rodata._ctype_
                0x0800f4f1      0x101 D:/ST/STM32CubeIDE_1.18.1/STM32CubeIDE/plugins/com.st.stm32cube.ide.mcu.externaltools.gnu-tools-for-stm32.13.3.rel1.win32_1.0.0.202411081344/tools/bin/../lib/gcc/arm-none-eabi/13.3.1/../../../../arm-none-eabi/lib/thumb/v6-m/nofp\libc_nano.a(libc_a-ctype_.o)
                0x0800f4f1                _ctype_
 .rodata._svfprintf_r.str1.1
                0x0800f5f2       0x4e D:/ST/STM32CubeIDE_1.18.1/STM32CubeIDE/plugins/com.st.stm32cube.ide.mcu.externaltools.gnu-tools-for-stm32.13.3.rel1.win32_1.0.0.202411081344/tools/bin/../lib/gcc/arm-none-eabi/13.3.1/../../../../arm-none-eabi/lib/thumb/v6-m/nofp\libc_nano.a(libc_a-nano-svfprintf.o)
                                 0x11 (size before relaxing)
 .rodata.__ssvfscanf_r.str1.1
                0x0800f640        0x4 D:/ST/STM32CubeIDE_1.18.1/STM32CubeIDE/plugins/com.st.stm32cube.ide.mcu.externaltools.gnu-tools-for-stm32.13.3.rel1.win32_1.0.0.202411081344/tools/bin/../lib/gcc/arm-none-eabi/13.3.1/../../../../arm-none-eabi/lib/thumb/v6-m/nofp\libc_nano.a(libc_a-nano-svfscanf.o)
 .rodata._vfprintf_r.str1.1
                0x0800f640       0x11 D:/ST/STM32CubeIDE_1.18.1/STM32CubeIDE/plugins/com.st.stm32cube.ide.mcu.externaltools.gnu-tools-for-stm32.13.3.rel1.win32_1.0.0.202411081344/tools/bin/../lib/gcc/arm-none-eabi/13.3.1/../../../../arm-none-eabi/lib/thumb/v6-m/nofp\libc_nano.a(libc_a-nano-vfprintf.o)
 .rodata._printf_i.str1.1
                0x0800f640       0x22 D:/ST/STM32CubeIDE_1.18.1/STM32CubeIDE/plugins/com.st.stm32cube.ide.mcu.externaltools.gnu-tools-for-stm32.13.3.rel1.win32_1.0.0.202411081344/tools/bin/../lib/gcc/arm-none-eabi/13.3.1/../../../../arm-none-eabi/lib/thumb/v6-m/nofp\libc_nano.a(libc_a-nano-vfprintf_i.o)
 .rodata._scanf_i.str1.1
                0x0800f640       0x12 D:/ST/STM32CubeIDE_1.18.1/STM32CubeIDE/plugins/com.st.stm32cube.ide.mcu.externaltools.gnu-tools-for-stm32.13.3.rel1.win32_1.0.0.202411081344/tools/bin/../lib/gcc/arm-none-eabi/13.3.1/../../../../arm-none-eabi/lib/thumb/v6-m/nofp\libc_nano.a(libc_a-nano-vfscanf_i.o)
 .rodata.str1.1
                0x0800f640        0x9 D:/ST/STM32CubeIDE_1.18.1/STM32CubeIDE/plugins/com.st.stm32cube.ide.mcu.externaltools.gnu-tools-for-stm32.13.3.rel1.win32_1.0.0.202411081344/tools/bin/../lib/gcc/arm-none-eabi/13.3.1/../../../../arm-none-eabi/lib/thumb/v6-m/nofp\libc_nano.a(libc_a-nano-vfscanf_i.o)
 .rodata.TWO52  0x0800f640       0x10 D:/ST/STM32CubeIDE_1.18.1/STM32CubeIDE/plugins/com.st.stm32cube.ide.mcu.externaltools.gnu-tools-for-stm32.13.3.rel1.win32_1.0.0.202411081344/tools/bin/../lib/gcc/arm-none-eabi/13.3.1/../../../../arm-none-eabi/lib/thumb/v6-m/nofp\libm.a(libm_a-s_rint.o)
                0x0800f664                        . = ALIGN (0x4)

.ARM.extab      0x0800f650        0x0
                0x0800f650                        . = ALIGN (0x4)
 *(.ARM.extab* .gnu.linkonce.armextab.*)
                0x0800f650                        . = ALIGN (0x4)

.ARM            0x0800f650        0x8
                0x0800f650                        . = ALIGN (0x4)
                0x0800f650                        __exidx_start = .
 *(.ARM.exidx*)
 .ARM.exidx     0x0800f650        0x8 D:/ST/STM32CubeIDE_1.18.1/STM32CubeIDE/plugins/com.st.stm32cube.ide.mcu.externaltools.gnu-tools-for-stm32.13.3.rel1.win32_1.0.0.202411081344/tools/bin/../lib/gcc/arm-none-eabi/13.3.1/thumb/v6-m/nofp\libgcc.a(_udivmoddi4.o)
                0x0800f658                        __exidx_end = .
                0x0800f658                        . = ALIGN (0x4)

.preinit_array  0x0800f658        0x0
                0x0800f658                        . = ALIGN (0x4)
                0x0800f658                        PROVIDE (__preinit_array_start = .)
 *(.preinit_array*)
                0x0800f658                        PROVIDE (__preinit_array_end = .)
                0x0800f658                        . = ALIGN (0x4)

.init_array     0x0800f658        0x4
                0x0800f658                        . = ALIGN (0x4)
                0x0800f658                        PROVIDE (__init_array_start = .)
 *(SORT_BY_NAME(.init_array.*))
 *(.init_array*)
 .init_array    0x0800f658        0x4 D:/ST/STM32CubeIDE_1.18.1/STM32CubeIDE/plugins/com.st.stm32cube.ide.mcu.externaltools.gnu-tools-for-stm32.13.3.rel1.win32_1.0.0.202411081344/tools/bin/../lib/gcc/arm-none-eabi/13.3.1/thumb/v6-m/nofp/crtbegin.o
                0x0800f65c                        PROVIDE (__init_array_end = .)
                0x0800f65c                        . = ALIGN (0x4)

.fini_array     0x0800f65c        0x4
                0x0800f65c                        . = ALIGN (0x4)
                [!provide]                        PROVIDE (__fini_array_start = .)
 *(SORT_BY_NAME(.fini_array.*))
 *(.fini_array*)
 .fini_array    0x0800f65c        0x4 D:/ST/STM32CubeIDE_1.18.1/STM32CubeIDE/plugins/com.st.stm32cube.ide.mcu.externaltools.gnu-tools-for-stm32.13.3.rel1.win32_1.0.0.202411081344/tools/bin/../lib/gcc/arm-none-eabi/13.3.1/thumb/v6-m/nofp/crtbegin.o
                [!provide]                        PROVIDE (__fini_array_end = .)
                0x0800f660                        . = ALIGN (0x4)
                0x0800f660                        _sidata = LOADADDR (.data)

.rel.dyn        0x0800f660        0x0
 .rel.iplt      0x0800f660        0x0 D:/ST/STM32CubeIDE_1.18.1/STM32CubeIDE/plugins/com.st.stm32cube.ide.mcu.externaltools.gnu-tools-for-stm32.13.3.rel1.win32_1.0.0.202411081344/tools/bin/../lib/gcc/arm-none-eabi/13.3.1/thumb/v6-m/nofp/crtbegin.o

.data           0x20000000      0x144 load address 0x0800f660
                0x20000000                        . = ALIGN (0x4)
                0x20000000                        _sdata = .
 *(.data)
 *(.data*)
 .data.regulatorMode
                0x20000000        0x1 ./Core/LoraSDK/radio.o
                0x20000000                regulatorMode
 *fill*         0x20000001        0x7 
 .data.RadioLoRaSymbTime
                0x20000008       0xc0 ./Core/LoraSDK/radio.o
 .data.MaxPayloadLength
                0x200000c8        0x1 ./Core/LoraSDK/radio.o
                0x200000c8                MaxPayloadLength
 *fill*         0x200000c9        0x3 
 .data.syncWord
                0x200000cc        0x8 ./Core/LoraSDK/radio.o
                0x200000cc                syncWord
 .data.SystemCoreClock
                0x200000d4        0x4 ./Core/Src/system_stm32l0xx.o
                0x200000d4                SystemCoreClock
 .data.uwTickPrio
                0x200000d8        0x4 ./Drivers/STM32L0xx_HAL_Driver/Src/stm32l0xx_hal.o
                0x200000d8                uwTickPrio
 .data.uwTickFreq
                0x200000dc        0x1 ./Drivers/STM32L0xx_HAL_Driver/Src/stm32l0xx_hal.o
                0x200000dc                uwTickFreq
 *fill*         0x200000dd        0x3 
 .data.g_user_sock
                0x200000e0        0x4 ./Modules/toNTN/toNTN.o
                0x200000e0                g_user_sock
 .data.ntn_socket_id
                0x200000e4        0x4 ./Modules/toNTN/toNTN.o
                0x200000e4                ntn_socket_id
 .data.__sglue  0x200000e8        0xc D:/ST/STM32CubeIDE_1.18.1/STM32CubeIDE/plugins/com.st.stm32cube.ide.mcu.externaltools.gnu-tools-for-stm32.13.3.rel1.win32_1.0.0.202411081344/tools/bin/../lib/gcc/arm-none-eabi/13.3.1/../../../../arm-none-eabi/lib/thumb/v6-m/nofp\libc_nano.a(libc_a-findfp.o)
                0x200000e8                __sglue
 .data._impure_ptr
                0x200000f4        0x4 D:/ST/STM32CubeIDE_1.18.1/STM32CubeIDE/plugins/com.st.stm32cube.ide.mcu.externaltools.gnu-tools-for-stm32.13.3.rel1.win32_1.0.0.202411081344/tools/bin/../lib/gcc/arm-none-eabi/13.3.1/../../../../arm-none-eabi/lib/thumb/v6-m/nofp\libc_nano.a(libc_a-impure.o)
                0x200000f4                _impure_ptr
 .data._impure_data
                0x200000f8       0x4c D:/ST/STM32CubeIDE_1.18.1/STM32CubeIDE/plugins/com.st.stm32cube.ide.mcu.externaltools.gnu-tools-for-stm32.13.3.rel1.win32_1.0.0.202411081344/tools/bin/../lib/gcc/arm-none-eabi/13.3.1/../../../../arm-none-eabi/lib/thumb/v6-m/nofp\libc_nano.a(libc_a-impure.o)
                0x200000f8                _impure_data
 *(.RamFunc)
 *(.RamFunc*)
                0x20000144                        . = ALIGN (0x4)
                0x20000144                        _edata = .

.igot.plt       0x20000144        0x0 load address 0x0800f7a4
 .igot.plt      0x20000144        0x0 D:/ST/STM32CubeIDE_1.18.1/STM32CubeIDE/plugins/com.st.stm32cube.ide.mcu.externaltools.gnu-tools-for-stm32.13.3.rel1.win32_1.0.0.202411081344/tools/bin/../lib/gcc/arm-none-eabi/13.3.1/thumb/v6-m/nofp/crtbegin.o
                0x20000144                        . = ALIGN (0x4)

.bss            0x20000144     0x16dc load address 0x0800f7a4
                0x20000144                        _sbss = .
                0x20000144                        __bss_start__ = _sbss
 *(.bss)
 .bss           0x20000144       0x1c D:/ST/STM32CubeIDE_1.18.1/STM32CubeIDE/plugins/com.st.stm32cube.ide.mcu.externaltools.gnu-tools-for-stm32.13.3.rel1.win32_1.0.0.202411081344/tools/bin/../lib/gcc/arm-none-eabi/13.3.1/thumb/v6-m/nofp/crtbegin.o
 *(.bss*)
 .bss.TxTimeout
                0x20000160        0x4 ./Core/LoraSDK/radio.o
                0x20000160                TxTimeout
 .bss.RxTimeout
                0x20000164        0x4 ./Core/LoraSDK/radio.o
                0x20000164                RxTimeout
 .bss.RxContinuous
                0x20000168        0x1 ./Core/LoraSDK/radio.o
                0x20000168                RxContinuous
 *fill*         0x20000169        0x3 
 .bss.RadioPktStatus
                0x2000016c       0x14 ./Core/LoraSDK/radio.o
                0x2000016c                RadioPktStatus
 .bss.RadioRxPayload
                0x20000180       0xff ./Core/LoraSDK/radio.o
                0x20000180                RadioRxPayload
 .bss.IrqFired  0x2000027f        0x1 ./Core/LoraSDK/radio.o
                0x2000027f                IrqFired
 .bss.RadioPublicNetwork
                0x20000280        0x2 ./Core/LoraSDK/radio.o
 *fill*         0x20000282        0x2 
 .bss.RadioEvents
                0x20000284        0x4 ./Core/LoraSDK/radio.o
 .bss.SX126x    0x20000288       0x3c ./Core/LoraSDK/radio.o
                0x20000288                SX126x
 .bss.OperatingMode
                0x200002c4        0x1 ./Core/LoraSDK/sx126x.o
 .bss.PacketType
                0x200002c5        0x1 ./Core/LoraSDK/sx126x.o
 *fill*         0x200002c6        0x2 
 .bss.FrequencyError
                0x200002c8        0x4 ./Core/LoraSDK/sx126x.o
                0x200002c8                FrequencyError
 .bss.ImageCalibrated
                0x200002cc        0x1 ./Core/LoraSDK/sx126x.o
 .bss.isTxcoModule
                0x200002cd        0x1 ./Core/LoraSDK/sx126x.o
 .bss.lpuart_rx
                0x200002ce        0x1 ./Core/Src/main.o
                0x200002ce                lpuart_rx
 .bss.ntn_rx    0x200002cf        0x1 ./Core/Src/main.o
                0x200002cf                ntn_rx
 .bss.pc_cmd_buf
                0x200002d0       0x80 ./Core/Src/main.o