Archive member included to satisfy reference by file (symbol)

D:/ST/STM32CubeIDE_1.18.1/STM32CubeIDE/plugins/com.st.stm32cube.ide.mcu.externaltools.gnu-tools-for-stm32.13.3.rel1.win32_1.0.0.202411081344/tools/bin/../lib/gcc/arm-none-eabi/13.3.1/../../../../arm-none-eabi/lib/thumb/v6-m/nofp\libc_nano.a(libc_a-atoi.o)
                              ./Modules/ExtFlash/ntn_config.o (atoi)
D:/ST/STM32CubeIDE_1.18.1/STM32CubeIDE/plugins/com.st.stm32cube.ide.mcu.externaltools.gnu-tools-for-stm32.13.3.rel1.win32_1.0.0.202411081344/tools/bin/../lib/gcc/arm-none-eabi/13.3.1/../../../../arm-none-eabi/lib/thumb/v6-m/nofp\libc_nano.a(libc_a-exit.o)
                              D:/ST/STM32CubeIDE_1.18.1/STM32CubeIDE/plugins/com.st.stm32cube.ide.mcu.externaltools.gnu-tools-for-stm32.13.3.rel1.win32_1.0.0.202411081344/tools/bin/../lib/gcc/arm-none-eabi/13.3.1/../../../../arm-none-eabi/lib/thumb/v6-m/nofp/crt0.o (exit)
D:/ST/STM32CubeIDE_1.18.1/STM32CubeIDE/plugins/com.st.stm32cube.ide.mcu.externaltools.gnu-tools-for-stm32.13.3.rel1.win32_1.0.0.202411081344/tools/bin/../lib/gcc/arm-none-eabi/13.3.1/../../../../arm-none-eabi/lib/thumb/v6-m/nofp\libc_nano.a(libc_a-strtol.o)
                              D:/ST/STM32CubeIDE_1.18.1/STM32CubeIDE/plugins/com.st.stm32cube.ide.mcu.externaltools.gnu-tools-for-stm32.13.3.rel1.win32_1.0.0.202411081344/tools/bin/../lib/gcc/arm-none-eabi/13.3.1/../../../../arm-none-eabi/lib/thumb/v6-m/nofp\libc_nano.a(libc_a-atoi.o) (_strtol_r)
D:/ST/STM32CubeIDE_1.18.1/STM32CubeIDE/plugins/com.st.stm32cube.ide.mcu.externaltools.gnu-tools-for-stm32.13.3.rel1.win32_1.0.0.202411081344/tools/bin/../lib/gcc/arm-none-eabi/13.3.1/../../../../arm-none-eabi/lib/thumb/v6-m/nofp\libc_nano.a(libc_a-strtoul.o)
                              ./Modules/ExtFlash/ntn_config.o (strtoul)
D:/ST/STM32CubeIDE_1.18.1/STM32CubeIDE/plugins/com.st.stm32cube.ide.mcu.externaltools.gnu-tools-for-stm32.13.3.rel1.win32_1.0.0.202411081344/tools/bin/../lib/gcc/arm-none-eabi/13.3.1/../../../../arm-none-eabi/lib/thumb/v6-m/nofp\libc_nano.a(libc_a-ctype_.o)
                              ./Modules/ExtFlash/ntn_config.o (_ctype_)
D:/ST/STM32CubeIDE_1.18.1/STM32CubeIDE/plugins/com.st.stm32cube.ide.mcu.externaltools.gnu-tools-for-stm32.13.3.rel1.win32_1.0.0.202411081344/tools/bin/../lib/gcc/arm-none-eabi/13.3.1/../../../../arm-none-eabi/lib/thumb/v6-m/nofp\libc_nano.a(libc_a-findfp.o)
                              D:/ST/STM32CubeIDE_1.18.1/STM32CubeIDE/plugins/com.st.stm32cube.ide.mcu.externaltools.gnu-tools-for-stm32.13.3.rel1.win32_1.0.0.202411081344/tools/bin/../lib/gcc/arm-none-eabi/13.3.1/../../../../arm-none-eabi/lib/thumb/v6-m/nofp\libc_nano.a(libc_a-exit.o) (__stdio_exit_handler)
D:/ST/STM32CubeIDE_1.18.1/STM32CubeIDE/plugins/com.st.stm32cube.ide.mcu.externaltools.gnu-tools-for-stm32.13.3.rel1.win32_1.0.0.202411081344/tools/bin/../lib/gcc/arm-none-eabi/13.3.1/../../../../arm-none-eabi/lib/thumb/v6-m/nofp\libc_nano.a(libc_a-fwalk.o)
                              D:/ST/STM32CubeIDE_1.18.1/STM32CubeIDE/plugins/com.st.stm32cube.ide.mcu.externaltools.gnu-tools-for-stm32.13.3.rel1.win32_1.0.0.202411081344/tools/bin/../lib/gcc/arm-none-eabi/13.3.1/../../../../arm-none-eabi/lib/thumb/v6-m/nofp\libc_nano.a(libc_a-findfp.o) (_fwalk_sglue)
D:/ST/STM32CubeIDE_1.18.1/STM32CubeIDE/plugins/com.st.stm32cube.ide.mcu.externaltools.gnu-tools-for-stm32.13.3.rel1.win32_1.0.0.202411081344/tools/bin/../lib/gcc/arm-none-eabi/13.3.1/../../../../arm-none-eabi/lib/thumb/v6-m/nofp\libc_nano.a(libc_a-printf.o)
                              ./Core/Src/main.o (printf)
D:/ST/STM32CubeIDE_1.18.1/STM32CubeIDE/plugins/com.st.stm32cube.ide.mcu.externaltools.gnu-tools-for-stm32.13.3.rel1.win32_1.0.0.202411081344/tools/bin/../lib/gcc/arm-none-eabi/13.3.1/../../../../arm-none-eabi/lib/thumb/v6-m/nofp\libc_nano.a(libc_a-puts.o)
                              ./Core/Src/main.o (puts)
D:/ST/STM32CubeIDE_1.18.1/STM32CubeIDE/plugins/com.st.stm32cube.ide.mcu.externaltools.gnu-tools-for-stm32.13.3.rel1.win32_1.0.0.202411081344/tools/bin/../lib/gcc/arm-none-eabi/13.3.1/../../../../arm-none-eabi/lib/thumb/v6-m/nofp\libc_nano.a(libc_a-snprintf.o)
                              ./Core/Src/main.o (snprintf)
D:/ST/STM32CubeIDE_1.18.1/STM32CubeIDE/plugins/com.st.stm32cube.ide.mcu.externaltools.gnu-tools-for-stm32.13.3.rel1.win32_1.0.0.202411081344/tools/bin/../lib/gcc/arm-none-eabi/13.3.1/../../../../arm-none-eabi/lib/thumb/v6-m/nofp\libc_nano.a(libc_a-sscanf.o)
                              ./Modules/toNTN/toNTN.o (sscanf)
D:/ST/STM32CubeIDE_1.18.1/STM32CubeIDE/plugins/com.st.stm32cube.ide.mcu.externaltools.gnu-tools-for-stm32.13.3.rel1.win32_1.0.0.202411081344/tools/bin/../lib/gcc/arm-none-eabi/13.3.1/../../../../arm-none-eabi/lib/thumb/v6-m/nofp\libc_nano.a(libc_a-stdio.o)
[...]
Memory Configuration

Name             Origin             Length             Attributes
RAM              0x20000000         0x00002000         xrw
FLASH            0x08000000         0x00010000         xr
*default*        0x00000000         0xffffffff

Linker script and memory map

LOAD D:/ST/STM32CubeIDE_1.18.1/STM32CubeIDE/plugins/com.st.stm32cube.ide.mcu.externaltools.gnu-tools-for-stm32.13.3.rel1.win32_1.0.0.202411081344/tools/bin/../lib/gcc/arm-none-eabi/13.3.1/thumb/v6-m/nofp/crti.o
LOAD D:/ST/STM32CubeIDE_1.18.1/STM32CubeIDE/plugins/com.st.stm32cube.ide.mcu.externaltools.gnu-tools-for-stm32.13.3.rel1.win32_1.0.0.202411081344/tools/bin/../lib/gcc/arm-none-eabi/13.3.1/thumb/v6-m/nofp/crtbegin.o
LOAD D:/ST/STM32CubeIDE_1.18.1/STM32CubeIDE/plugins/com.st.stm32cube.ide.mcu.externaltools.gnu-tools-for-stm32.13.3.rel1.win32_1.0.0.202411081344/tools/bin/../lib/gcc/arm-none-eabi/13.3.1/../../../../arm-none-eabi/lib/thumb/v6-m/nofp/crt0.o
LOAD ./Core/LoraSDK/crc.o
LOAD ./Core/LoraSDK/radio.o
LOAD ./Core/LoraSDK/sx126x-board.o
LOAD ./Core/LoraSDK/sx126x.o
LOAD ./Core/Src/gpio.o
LOAD ./Core/Src/main.o
LOAD ./Core/Src/spi.o
LOAD ./Core/Src/stm32l0xx_hal_msp.o
LOAD ./Core/Src/stm32l0xx_it.o
LOAD ./Core/Src/syscalls.o
LOAD ./Core/Src/sysmem.o
LOAD ./Core/Src/system_stm32l0xx.o
LOAD ./Core/Src/usart.o
LOAD ./Core/Startup/startup_stm32l051c8tx.o
LOAD ./Drivers/STM32L0xx_HAL_Driver/Src/stm32l0xx_hal.o
LOAD ./Drivers/STM32L0xx_HAL_Driver/Src/stm32l0xx_hal_cortex.o
LOAD ./Drivers/STM32L0xx_HAL_Driver/Src/stm32l0xx_hal_dma.o
LOAD ./Drivers/STM32L0xx_HAL_Driver/Src/stm32l0xx_hal_exti.o
LOAD ./Drivers/STM32L0xx_HAL_Driver/Src/stm32l0xx_hal_flash.o
LOAD ./Drivers/STM32L0xx_HAL_Driver/Src/stm32l0xx_hal_flash_ex.o
LOAD ./Drivers/STM32L0xx_HAL_Driver/Src/stm32l0xx_hal_flash_ramfunc.o
LOAD ./Drivers/STM32L0xx_HAL_Driver/Src/stm32l0xx_hal_gpio.o
LOAD ./Drivers/STM32L0xx_HAL_Driver/Src/stm32l0xx_hal_i2c.o
LOAD ./Drivers/STM32L0xx_HAL_Driver/Src/stm32l0xx_hal_i2c_ex.o
LOAD ./Drivers/STM32L0xx_HAL_Driver/Src/stm32l0xx_hal_pwr.o
LOAD ./Drivers/STM32L0xx_HAL_Driver/Src/stm32l0xx_hal_pwr_ex.o
LOAD ./Drivers/STM32L0xx_HAL_Driver/Src/stm32l0xx_hal_rcc.o
LOAD ./Drivers/STM32L0xx_HAL_Driver/Src/stm32l0xx_hal_rcc_ex.o
LOAD ./Drivers/STM32L0xx_HAL_Driver/Src/stm32l0xx_hal_spi.o
LOAD ./Drivers/STM32L0xx_HAL_Driver/Src/stm32l0xx_hal_uart.o
LOAD ./Drivers/STM32L0xx_HAL_Driver/Src/stm32l0xx_hal_uart_ex.o
LOAD ./Modules/ExtFlash/crc16_ccitt.o
LOAD ./Modules/ExtFlash/extflash_w25q16.o
LOAD ./Modules/ExtFlash/lora_cfg.o
LOAD ./Modules/ExtFlash/ntn_config.o
LOAD ./Modules/Lora/lorarx.o
LOAD ./Modules/RS485/rs485.o
LOAD ./Modules/toNTN/debug.o
LOAD ./Modules/toNTN/toNTN.o
LOAD ./Modules/toNTN/toNTNsatellite.o
START GROUP
LOAD D:/ST/STM32CubeIDE_1.18.1/STM32CubeIDE/plugins/com.st.stm32cube.ide.mcu.externaltools.gnu-tools-for-stm32.13.3.rel1.win32_1.0.0.202411081344/tools/bin/../lib/gcc/arm-none-eabi/13.3.1/../../../../arm-none-eabi/lib/thumb/v6-m/nofp\libc_nano.a
LOAD D:/ST/STM32CubeIDE_1.18.1/STM32CubeIDE/plugins/com.st.stm32cube.ide.mcu.externaltools.gnu-tools-for-stm32.13.3.rel1.win32_1.0.0.202411081344/tools/bin/../lib/gcc/arm-none-eabi/13.3.1/../../../../arm-none-eabi/lib/thumb/v6-m/nofp\libm.a
END GROUP
START GROUP
LOAD D:/ST/STM32CubeIDE_1.18.1/STM32CubeIDE/plugins/com.st.stm32cube.ide.mcu.externaltools.gnu-tools-for-stm32.13.3.rel1.win32_1.0.0.202411081344/tools/bin/../lib/gcc/arm-none-eabi/13.3.1/thumb/v6-m/nofp\libgcc.a
LOAD D:/ST/STM32CubeIDE_1.18.1/STM32CubeIDE/plugins/com.st.stm32cube.ide.mcu.externaltools.gnu-tools-for-stm32.13.3.rel1.win32_1.0.0.202411081344/tools/bin/../lib/gcc/arm-none-eabi/13.3.1/../../../../arm-none-eabi/lib/thumb/v6-m/nofp\libc_nano.a
END GROUP
START GROUP
LOAD D:/ST/STM32CubeIDE_1.18.1/STM32CubeIDE/plugins/com.st.stm32cube.ide.mcu.externaltools.gnu-tools-for-stm32.13.3.rel1.win32_1.0.0.202411081344/tools/bin/../lib/gcc/arm-none-eabi/13.3.1/thumb/v6-m/nofp\libgcc.a
LOAD D:/ST/STM32CubeIDE_1.18.1/STM32CubeIDE/plugins/com.st.stm32cube.ide.mcu.externaltools.gnu-tools-for-stm32.13.3.rel1.win32_1.0.0.202411081344/tools/bin/../lib/gcc/arm-none-eabi/13.3.1/../../../../arm-none-eabi/lib/thumb/v6-m/nofp\libc_nano.a
LOAD D:/ST/STM32CubeIDE_1.18.1/STM32CubeIDE/plugins/com.st.stm32cube.ide.mcu.externaltools.gnu-tools-for-stm32.13.3.rel1.win32_1.0.0.202411081344/tools/bin/../lib/gcc/arm-none-eabi/13.3.1/../../../../arm-none-eabi/lib/thumb/v6-m/nofp\libnosys.a
END GROUP
START GROUP
LOAD D:/ST/STM32CubeIDE_1.18.1/STM32CubeIDE/plugins/com.st.stm32cube.ide.mcu.externaltools.gnu-tools-for-stm32.13.3.rel1.win32_1.0.0.202411081344/tools/bin/../lib/gcc/arm-none-eabi/13.3.1/thumb/v6-m/nofp\libgcc.a
LOAD D:/ST/STM32CubeIDE_1.18.1/STM32CubeIDE/plugins/com.st.stm32cube.ide.mcu.externaltools.gnu-tools-for-stm32.13.3.rel1.win32_1.0.0.202411081344/tools/bin/../lib/gcc/arm-none-eabi/13.3.1/../../../../arm-none-eabi/lib/thumb/v6-m/nofp\libc_nano.a
LOAD D:/ST/STM32CubeIDE_1.18.1/STM32CubeIDE/plugins/com.st.stm32cube.ide.mcu.externaltools.gnu-tools-for-stm32.13.3.rel1.win32_1.0.0.202411081344/tools/bin/../lib/gcc/arm-none-eabi/13.3.1/../../../../arm-none-eabi/lib/thumb/v6-m/nofp\libnosys.a
END GROUP
LOAD D:/ST/STM32CubeIDE_1.18.1/STM32CubeIDE/plugins/com.st.stm32cube.ide.mcu.externaltools.gnu-tools-for-stm32.13.3.rel1.win32_1.0.0.202411081344/tools/bin/../lib/gcc/arm-none-eabi/13.3.1/thumb/v6-m/nofp/crtend.o
LOAD D:/ST/STM32CubeIDE_1.18.1/STM32CubeIDE/plugins/com.st.stm32cube.ide.mcu.externaltools.gnu-tools-for-stm32.13.3.rel1.win32_1.0.0.202411081344/tools/bin/../lib/gcc/arm-none-eabi/13.3.1/thumb/v6-m/nofp/crtn.o
                0x20002000                        _estack = (ORIGIN (RAM) + LENGTH (RAM))
                0x00000200                        _Min_Heap_Size = 0x200
                0x00000400                        _Min_Stack_Size = 0x400

.isr_vector     0x08000000       0xc0
                0x08000000                        . = ALIGN (0x4)
 *(.isr_vector)
 .isr_vector    0x08000000       0xc0 ./Core/Startup/startup_stm32l051c8tx.o
                0x08000000                g_pfnVectors
                0x080000c0                        . = ALIGN (0x4)

.text           0x080000c0     0xaa04
                0x080000c0                        . = ALIGN (0x4)
 *(.text)
 .text          0x080000c0       0x48 D:/ST/STM32CubeIDE_1.18.1/STM32CubeIDE/plugins/com.st.stm32cube.ide.mcu.externaltools.gnu-tools-for-stm32.13.3.rel1.win32_1.0.0.202411081344/tools/bin/../lib/gcc/arm-none-eabi/13.3.1/thumb/v6-m/nofp/crtbegin.o
 .text          0x08000108       0x14 D:/ST/STM32CubeIDE_1.18.1/STM32CubeIDE/plugins/com.st.stm32cube.ide.mcu.externaltools.gnu-tools-for-stm32.13.3.rel1.win32_1.0.0.202411081344/tools/bin/../lib/gcc/arm-none-eabi/13.3.1/../../../../arm-none-eabi/lib/thumb/v6-m/nofp\libc_nano.a(libc_a-strcmp.o)
                0x08000108                strcmp
 .text          0x0800011c        0xe D:/ST/STM32CubeIDE_1.18.1/STM32CubeIDE/plugins/com.st.stm32cube.ide.mcu.externaltools.gnu-tools-for-stm32.13.3.rel1.win32_1.0.0.202411081344/tools/bin/../lib/gcc/arm-none-eabi/13.3.1/../../../../arm-none-eabi/lib/thumb/v6-m/nofp\libc_nano.a(libc_a-strlen.o)
                0x0800011c                strlen
 *fill*         0x0800012a        0x2 
 .text          0x0800012c       0x14 D:/ST/STM32CubeIDE_1.18.1/STM32CubeIDE/plugins/com.st.stm32cube.ide.mcu.externaltools.gnu-tools-for-stm32.13.3.rel1.win32_1.0.0.202411081344/tools/bin/../lib/gcc/arm-none-eabi/13.3.1/thumb/v6-m/nofp\libgcc.a(_thumb1_case_shi.o)
                0x0800012c                __gnu_thumb1_case_shi
 .text          0x08000140      0x114 D:/ST/STM32CubeIDE_1.18.1/STM32CubeIDE/plugins/com.st.stm32cube.ide.mcu.externaltools.gnu-tools-for-stm32.13.3.rel1.win32_1.0.0.202411081344/tools/bin/../lib/gcc/arm-none-eabi/13.3.1/thumb/v6-m/nofp\libgcc.a(_udivsi3.o)
                0x08000140                __aeabi_uidiv
                0x08000140                __udivsi3
                0x0800024c                __aeabi_uidivmod
 .text          0x08000254      0x1d4 D:/ST/STM32CubeIDE_1.18.1/STM32CubeIDE/plugins/com.st.stm32cube.ide.mcu.externaltools.gnu-tools-for-stm32.13.3.rel1.win32_1.0.0.202411081344/tools/bin/../lib/gcc/arm-none-eabi/13.3.1/thumb/v6-m/nofp\libgcc.a(_divsi3.o)
                0x08000254                __divsi3
                0x08000254                __aeabi_idiv
                0x08000420                __aeabi_idivmod
 .text          0x08000428        0x4 D:/ST/STM32CubeIDE_1.18.1/STM32CubeIDE/plugins/com.st.stm32cube.ide.mcu.externaltools.gnu-tools-for-stm32.13.3.rel1.win32_1.0.0.202411081344/tools/bin/../lib/gcc/arm-none-eabi/13.3.1/thumb/v6-m/nofp\libgcc.a(_dvmd_tls.o)
                0x08000428                __aeabi_idiv0
                0x08000428                __aeabi_ldiv0
 .text          0x0800042c       0x7c D:/ST/STM32CubeIDE_1.18.1/STM32CubeIDE/plugins/com.st.stm32cube.ide.mcu.externaltools.gnu-tools-for-stm32.13.3.rel1.win32_1.0.0.202411081344/tools/bin/../lib/gcc/arm-none-eabi/13.3.1/thumb/v6-m/nofp\libgcc.a(_arm_cmpdf2.o)
                0x0800042c                __aeabi_cdrcmple
                0x0800043c                __aeabi_cdcmple
                0x0800043c                __aeabi_cdcmpeq
                0x0800044c                __aeabi_dcmpeq
                0x08000458                __aeabi_dcmplt
                0x0800046c                __aeabi_dcmple
                0x08000480                __aeabi_dcmpgt
                0x08000494                __aeabi_dcmpge
 .text          0x080004a8       0x40 D:/ST/STM32CubeIDE_1.18.1/STM32CubeIDE/plugins/com.st.stm32cube.ide.mcu.externaltools.gnu-tools-for-stm32.13.3.rel1.win32_1.0.0.202411081344/tools/bin/../lib/gcc/arm-none-eabi/13.3.1/thumb/v6-m/nofp\libgcc.a(_aeabi_uldivmod.o)
                0x080004a8                __aeabi_uldivmod
 .text          0x080004e8       0x3c D:/ST/STM32CubeIDE_1.18.1/STM32CubeIDE/plugins/com.st.stm32cube.ide.mcu.externaltools.gnu-tools-for-stm32.13.3.rel1.win32_1.0.0.202411081344/tools/bin/../lib/gcc/arm-none-eabi/13.3.1/thumb/v6-m/nofp\libgcc.a(_fixunsdfsi.o)
                0x080004e8                __aeabi_d2uiz
                0x080004e8                __fixunsdfsi
 .text          0x08000524      0x198 D:/ST/STM32CubeIDE_1.18.1/STM32CubeIDE/plugins/com.st.stm32cube.ide.mcu.externaltools.gnu-tools-for-stm32.13.3.rel1.win32_1.0.0.202411081344/tools/bin/../lib/gcc/arm-none-eabi/13.3.1/thumb/v6-m/nofp\libgcc.a(_udivmoddi4.o)
                0x08000524                __udivmoddi4
 .text          0x080006bc      0x78c D:/ST/STM32CubeIDE_1.18.1/STM32CubeIDE/plugins/com.st.stm32cube.ide.mcu.externaltools.gnu-tools-for-stm32.13.3.rel1.win32_1.0.0.202411081344/tools/bin/../lib/gcc/arm-none-eabi/13.3.1/thumb/v6-m/nofp\libgcc.a(adddf3.o)
                0x080006bc                __aeabi_dadd
 .text          0x08000e48      0x630 D:/ST/STM32CubeIDE_1.18.1/STM32CubeIDE/plugins/com.st.stm32cube.ide.mcu.externaltools.gnu-tools-for-stm32.13.3.rel1.win32_1.0.0.202411081344/tools/bin/../lib/gcc/arm-none-eabi/13.3.1/thumb/v6-m/nofp\libgcc.a(divdf3.o)
                0x08000e48                __aeabi_ddiv
 .text          0x08001478       0x88 D:/ST/STM32CubeIDE_1.18.1/STM32CubeIDE/plugins/com.st.stm32cube.ide.mcu.externaltools.gnu-tools-for-stm32.13.3.rel1.win32_1.0.0.202411081344/tools/bin/../lib/gcc/arm-none-eabi/13.3.1/thumb/v6-m/nofp\libgcc.a(eqdf2.o)
                0x08001478                __nedf2
                0x08001478                __eqdf2
 .text          0x08001500       0xe0 D:/ST/STM32CubeIDE_1.18.1/STM32CubeIDE/plugins/com.st.stm32cube.ide.mcu.externaltools.gnu-tools-for-stm32.13.3.rel1.win32_1.0.0.202411081344/tools/bin/../lib/gcc/arm-none-eabi/13.3.1/thumb/v6-m/nofp\libgcc.a(gedf2.o)
                0x08001500                __gedf2
                0x08001500                __gtdf2
 .text          0x080015e0       0xdc D:/ST/STM32CubeIDE_1.18.1/STM32CubeIDE/plugins/com.st.stm32cube.ide.mcu.externaltools.gnu-tools-for-stm32.13.3.rel1.win32_1.0.0.202411081344/tools/bin/../lib/gcc/arm-none-eabi/13.3.1/thumb/v6-m/nofp\libgcc.a(ledf2.o)
                0x080015e0                __ledf2
                0x080015e0                __ltdf2
 .text          0x080016bc      0x5cc D:/ST/STM32CubeIDE_1.18.1/STM32CubeIDE/plugins/com.st.stm32cube.ide.mcu.externaltools.gnu-tools-for-stm32.13.3.rel1.win32_1.0.0.202411081344/tools/bin/../lib/gcc/arm-none-eabi/13.3.1/thumb/v6-m/nofp\libgcc.a(muldf3.o)
                0x080016bc                __aeabi_dmul
 .text          0x08001c88      0x814 D:/ST/STM32CubeIDE_1.18.1/STM32CubeIDE/plugins/com.st.stm32cube.ide.mcu.externaltools.gnu-tools-for-stm32.13.3.rel1.win32_1.0.0.202411081344/tools/bin/../lib/gcc/arm-none-eabi/13.3.1/thumb/v6-m/nofp\libgcc.a(subdf3.o)
                0x08001c88                __aeabi_dsub
 .text          0x0800249c       0x78 D:/ST/STM32CubeIDE_1.18.1/STM32CubeIDE/plugins/com.st.stm32cube.ide.mcu.externaltools.gnu-tools-for-stm32.13.3.rel1.win32_1.0.0.202411081344/tools/bin/../lib/gcc/arm-none-eabi/13.3.1/thumb/v6-m/nofp\libgcc.a(fixdfsi.o)
                0x0800249c                __aeabi_d2iz
 .text          0x08002514       0x5c D:/ST/STM32CubeIDE_1.18.1/STM32CubeIDE/plugins/com.st.stm32cube.ide.mcu.externaltools.gnu-tools-for-stm32.13.3.rel1.win32_1.0.0.202411081344/tools/bin/../lib/gcc/arm-none-eabi/13.3.1/thumb/v6-m/nofp\libgcc.a(floatsidf.o)
                0x08002514                __aeabi_i2d
 .text          0x08002570       0x48 D:/ST/STM32CubeIDE_1.18.1/STM32CubeIDE/plugins/com.st.stm32cube.ide.mcu.externaltools.gnu-tools-for-stm32.13.3.rel1.win32_1.0.0.202411081344/tools/bin/../lib/gcc/arm-none-eabi/13.3.1/thumb/v6-m/nofp\libgcc.a(floatunsidf.o)
                0x08002570                __aeabi_ui2d
 .text          0x080025b8       0x3c D:/ST/STM32CubeIDE_1.18.1/STM32CubeIDE/plugins/com.st.stm32cube.ide.mcu.externaltools.gnu-tools-for-stm32.13.3.rel1.win32_1.0.0.202411081344/tools/bin/../lib/gcc/arm-none-eabi/13.3.1/thumb/v6-m/nofp\libgcc.a(_clzsi2.o)
                0x080025b8                __clzsi2
 .text          0x080025f4       0x18 D:/ST/STM32CubeIDE_1.18.1/STM32CubeIDE/plugins/com.st.stm32cube.ide.mcu.externaltools.gnu-tools-for-stm32.13.3.rel1.win32_1.0.0.202411081344/tools/bin/../lib/gcc/arm-none-eabi/13.3.1/thumb/v6-m/nofp\libgcc.a(_clzdi2.o)
                0x080025f4                __clzdi2
 *(.text*)
 .text.RadioCheckRfFrequency
                0x0800260c        0x4 ./Core/LoraSDK/radio.o
                0x0800260c                RadioCheckRfFrequency
 .text.RadioGetWakeupTime
                0x08002610        0x4 ./Core/LoraSDK/radio.o
                0x08002610                RadioGetWakeupTime
 .text.RadioStandby
                0x08002614        0xa ./Core/LoraSDK/radio.o
                0x08002614                RadioStandby
 *fill*         0x0800261e        0x2 
 .text.RadioInit
                0x08002620       0x50 ./Core/LoraSDK/radio.o
                0x08002620                RadioInit
 .text.RadioGetStatus
                0x08002670       0x1a ./Core/LoraSDK/radio.o
                0x08002670                RadioGetStatus
 .text.RadioSetChannel
                0x0800268a        0x8 ./Core/LoraSDK/radio.o
                0x0800268a                RadioSetChannel
 .text.RadioRssi
                0x08002692        0x8 ./Core/LoraSDK/radio.o
                0x08002692                RadioRssi
 *fill*         0x0800269a        0x2 
 .text.RadioTimeOnAir
                0x0800269c      0x1a0 ./Core/LoraSDK/radio.o
                0x0800269c                RadioTimeOnAir
 .text.RadioSend
                0x0800283c       0x3c ./Core/LoraSDK/radio.o
                0x0800283c                RadioSend
 .text.RadioSleep
                0x08002878       0x10 ./Core/LoraSDK/radio.o
                0x08002878                RadioSleep
 .text.RadioSetRxDutyCycle
                0x08002888        0x8 ./Core/LoraSDK/radio.o
                0x08002888                RadioSetRxDutyCycle
 .text.RadioStartCad
                0x08002890        0x8 ./Core/LoraSDK/radio.o
                0x08002890                RadioStartCad
 .text.RadioSetTxContinuousWave
                0x08002898       0x14 ./Core/LoraSDK/radio.o
                0x08002898                RadioSetTxContinuousWave
 .text.RadioWrite
                0x080028ac        0x8 ./Core/LoraSDK/radio.o
                0x080028ac                RadioWrite
 .text.RadioRead
                0x080028b4        0x8 ./Core/LoraSDK/radio.o
                0x080028b4                RadioRead
 .text.RadioWriteBuffer
                0x080028bc        0x8 ./Core/LoraSDK/radio.o
                0x080028bc                RadioWriteBuffer
 .text.RadioReadBuffer
                0x080028c4        0x8 ./Core/LoraSDK/radio.o
                0x080028c4                RadioReadBuffer
 .text.RadioGetFskBandwidthRegValue
                0x080028cc       0x34 ./Core/LoraSDK/radio.o
 .text.RadioRx  0x08002900       0x30 ./Core/LoraSDK/radio.o
                0x08002900                RadioRx
 .text.RadioSetMaxPayloadLength
                0x08002930       0x2c ./Core/LoraSDK/radio.o
                0x08002930                RadioSetMaxPayloadLength
 .text.RadioRxBoosted
                0x0800295c       0x30 ./Core/LoraSDK/radio.o
                0x0800295c                RadioRxBoosted
 .text.RadioIrqProcess
                0x0800298c       0xf4 ./Core/LoraSDK/radio.o
                0x0800298c                RadioIrqProcess
 .text.RadioSetPublicNetwork
                0x08002a80       0x3c ./Core/LoraSDK/radio.o
                0x08002a80                RadioSetPublicNetwork
 .text.RadioSetModem.part.0
                0x08002abc       0x20 ./Core/LoraSDK/radio.o
 .text.RadioSetModem
                0x08002adc       0x20 ./Core/LoraSDK/radio.o
                0x08002adc                RadioSetModem
 .text.RadioIsChannelFree
                0x08002afc       0x22 ./Core/LoraSDK/radio.o
                0x08002afc                RadioIsChannelFree
 *fill*         0x08002b1e        0x2 
 .text.RadioSetRxConfig
                0x08002b20      0x1f0 ./Core/LoraSDK/radio.o
                0x08002b20                RadioSetRxConfig
 .text.RadioSetTxConfig
                0x08002d10      0x160 ./Core/LoraSDK/radio.o
                0x08002d10                RadioSetTxConfig
 .text.RadioRandom
                0x08002e70       0x30 ./Core/LoraSDK/radio.o
                0x08002e70                RadioRandom
 .text.RadioOnDioIrq
                0x08002ea0        0xc ./Core/LoraSDK/radio.o
                0x08002ea0                RadioOnDioIrq
 .text.NSS_L    0x08002eac       0x10 ./Core/LoraSDK/sx126x-board.o
 .text.NSS_H    0x08002ebc       0x10 ./Core/LoraSDK/sx126x-board.o
 .text.SpiReadWrite
                0x08002ecc       0x2c ./Core/LoraSDK/sx126x-board.o
 .text.SpiRead  0x08002ef8       0x18 ./Core/LoraSDK/sx126x-board.o
 .text.HAL_Delay_nMS
                0x08002f10        0x8 ./Core/LoraSDK/sx126x-board.o
                0x08002f10                HAL_Delay_nMS
 .text.SX126xReset
                0x08002f18       0x30 ./Core/LoraSDK/sx126x-board.o
                0x08002f18                SX126xReset
 .text.SX126xWaitOnBusy
                0x08002f48       0x2c ./Core/LoraSDK/sx126x-board.o
                0x08002f48                SX126xWaitOnBusy
 .text.SX126xWakeup
                0x08002f74       0x1c ./Core/LoraSDK/sx126x-board.o
                0x08002f74                SX126xWakeup
 .text.SX126xWriteCommand
                0x08002f90       0x3c ./Core/LoraSDK/sx126x-board.o
                0x08002f90                SX126xWriteCommand
 .text.SX126xReadCommand
                0x08002fcc       0x32 ./Core/LoraSDK/sx126x-board.o
                0x08002fcc                SX126xReadCommand
 *fill*         0x08002ffe        0x2 
 .text.SX126xWriteRegisters
                0x08003000       0x40 ./Core/LoraSDK/sx126x-board.o
                0x08003000                SX126xWriteRegisters
 .text.SX126xWriteRegister
                0x08003040       0x12 ./Core/LoraSDK/sx126x-board.o
                0x08003040                SX126xWriteRegister
 .text.SX126xReadRegisters
                0x08003052       0x3e ./Core/LoraSDK/sx126x-board.o
                0x08003052                SX126xReadRegisters
 .text.SX126xReadRegister
                0x08003090       0x18 ./Core/LoraSDK/sx126x-board.o
                0x08003090                SX126xReadRegister
 .text.SX126xWriteBuffer
                0x080030a8       0x38 ./Core/LoraSDK/sx126x-board.o
                0x080030a8                SX126xWriteBuffer
 .text.SX126xReadBuffer
                0x080030e0       0x34 ./Core/LoraSDK/sx126x-board.o
                0x080030e0                SX126xReadBuffer
 .text.SX126xSetRfTxPower
                0x08003114        0xa ./Core/LoraSDK/sx126x-board.o
                0x08003114                SX126xSetRfTxPower
 .text.SX126xGetPaSelect
                0x0800311e        0x4 ./Core/LoraSDK/sx126x-board.o
                0x0800311e                SX126xGetPaSelect
 .text.SX126xAntSwOn
                0x08003122        0x2 ./Core/LoraSDK/sx126x-board.o
                0x08003122                SX126xAntSwOn
 .text.SX126xAntSwOff
                0x08003124        0x2 ./Core/LoraSDK/sx126x-board.o
                0x08003124                SX126xAntSwOff
 *fill*         0x08003126        0x2 
 .text.SX126xGetOperatingMode
                0x08003128        0xc ./Core/LoraSDK/sx126x.o
                0x08003128                SX126xGetOperatingMode
 .text.SX126xCheckDeviceReady
                0x08003134       0x20 ./Core/LoraSDK/sx126x.o
                0x08003134                SX126xCheckDeviceReady
 .text.SX126xSetPayload
                0x08003154        0xe ./Core/LoraSDK/sx126x.o
                0x08003154                SX126xSetPayload
 .text.SX126xSetSyncWord
                0x08003162       0x12 ./Core/LoraSDK/sx126x.o
                0x08003162                SX126xSetSyncWord
 .text.SX126xSetCrcSeed
                0x08003174       0x24 ./Core/LoraSDK/sx126x.o
                0x08003174                SX126xSetCrcSeed
 .text.SX126xSetCrcPolynomial
                0x08003198       0x24 ./Core/LoraSDK/sx126x.o
                0x08003198                SX126xSetCrcPolynomial
 .text.SX126xSetWhiteningSeed
                0x080031bc       0x3c ./Core/LoraSDK/sx126x.o
                0x080031bc                SX126xSetWhiteningSeed
 .text.SX126xSetSleep
                0x080031f8       0x20 ./Core/LoraSDK/sx126x.o
                0x080031f8                SX126xSetSleep
 .text.SX126xSetStandby
                0x08003218       0x24 ./Core/LoraSDK/sx126x.o
                0x08003218                SX126xSetStandby
 .text.SX126xSetTx
                0x0800323c       0x24 ./Core/LoraSDK/sx126x.o
                0x0800323c                SX126xSetTx
 .text.SX126xSendPayload
                0x08003260       0x10 ./Core/LoraSDK/sx126x.o
                0x08003260                SX126xSendPayload
 .text.SX126xSetRx
                0x08003270       0x24 ./Core/LoraSDK/sx126x.o
                0x08003270                SX126xSetRx
 .text.SX126xSetRxBoosted
                0x08003294       0x30 ./Core/LoraSDK/sx126x.o
                0x08003294                SX126xSetRxBoosted
 .text.SX126xSetRxDutyCycle
                0x080032c4       0x2c ./Core/LoraSDK/sx126x.o
                0x080032c4                SX126xSetRxDutyCycle
 .text.SX126xSetCad
                0x080032f0       0x18 ./Core/LoraSDK/sx126x.o
                0x080032f0                SX126xSetCad
 .text.SX126xSetTxContinuousWave
                0x08003308        0xe ./Core/LoraSDK/sx126x.o
                0x08003308                SX126xSetTxContinuousWave
 .text.SX126xSetStopRxTimerOnPreambleDetect
                0x08003316       0x12 ./Core/LoraSDK/sx126x.o
                0x08003316                SX126xSetStopRxTimerOnPreambleDetect
 .text.SX126xSetLoRaSymbNumTimeout
                0x08003328       0x12 ./Core/LoraSDK/sx126x.o
                0x08003328                SX126xSetLoRaSymbNumTimeout
 .text.SX126xSetRegulatorMode
                0x0800333a       0x12 ./Core/LoraSDK/sx126x.o
                0x0800333a                SX126xSetRegulatorMode
 .text.SX126xCalibrate
                0x0800334c       0x10 ./Core/LoraSDK/sx126x.o
                0x0800334c                SX126xCalibrate
 .text.SX126xCalibrateImage
                0x0800335c       0x58 ./Core/LoraSDK/sx126x.o
                0x0800335c                SX126xCalibrateImage
 .text.SX126xSetPaConfig
                0x080033b4       0x18 ./Core/LoraSDK/sx126x.o
                0x080033b4                SX126xSetPaConfig
 .text.SX126xSetDioIrqParams
                0x080033cc       0x20 ./Core/LoraSDK/sx126x.o
                0x080033cc                SX126xSetDioIrqParams
 .text.SX126xGetIrqStatus
                0x080033ec       0x16 ./Core/LoraSDK/sx126x.o
                0x080033ec                SX126xGetIrqStatus
 .text.SX126xSetDio2AsRfSwitchCtrl
                0x08003402       0x12 ./Core/LoraSDK/sx126x.o
                0x08003402                SX126xSetDio2AsRfSwitchCtrl
 .text.SX126xSetDio3AsTcxoCtrl
                0x08003414       0x1e ./Core/LoraSDK/sx126x.o
                0x08003414                SX126xSetDio3AsTcxoCtrl
 *fill*         0x08003432        0x2 
 .text.SX126xInit
                0x08003434       0x48 ./Core/LoraSDK/sx126x.o
                0x08003434                SX126xInit
 .text.SX126xSetRfFrequency
                0x0800347c       0x40 ./Core/LoraSDK/sx126x.o
                0x0800347c                SX126xSetRfFrequency
 .text.SX126xSetPacketType
                0x080034bc       0x1c ./Core/LoraSDK/sx126x.o
                0x080034bc                SX126xSetPacketType
 .text.SX126xGetPacketType
                0x080034d8        0xc ./Core/LoraSDK/sx126x.o
                0x080034d8                SX126xGetPacketType
 .text.SX126xSetTxParams
                0x080034e4       0x74 ./Core/LoraSDK/sx126x.o
                0x080034e4                SX126xSetTxParams
 .text.SX126xSetModulationParams
                0x08003558       0x9c ./Core/LoraSDK/sx126x.o
                0x08003558                SX126xSetModulationParams
 .text.SX126xSetPacketParams
                0x080035f4       0xa0 ./Core/LoraSDK/sx126x.o
                0x080035f4                SX126xSetPacketParams
 .text.SX126xSetBufferBaseAddress
                0x08003694       0x14 ./Core/LoraSDK/sx126x.o
                0x08003694                SX126xSetBufferBaseAddress
 .text.SX126xGetRssiInst
                0x080036a8       0x16 ./Core/LoraSDK/sx126x.o
                0x080036a8                SX126xGetRssiInst
 *fill*         0x080036be        0x2 
 .text.SX126xGetRxBufferStatus
                0x080036c0       0x48 ./Core/LoraSDK/sx126x.o
                0x080036c0                SX126xGetRxBufferStatus
 .text.SX126xGetPayload
                0x08003708       0x28 ./Core/LoraSDK/sx126x.o
                0x08003708                SX126xGetPayload
 .text.SX126xGetPacketStatus
                0x08003730       0x7c ./Core/LoraSDK/sx126x.o
                0x08003730                SX126xGetPacketStatus
 .text.SX126xClearIrqStatus
                0x080037ac       0x12 ./Core/LoraSDK/sx126x.o
                0x080037ac                SX126xClearIrqStatus
 *fill*         0x080037be        0x2 
 .text.MX_GPIO_Init
                0x080037c0       0xf8 ./Core/Src/gpio.o
                0x080037c0                MX_GPIO_Init
 .text.NTN_Config_OnSaved
                0x080038b8       0x8c ./Core/Src/main.o
                0x080038b8                NTN_Config_OnSaved
 .text.SystemClock_Config
                0x08003944       0x90 ./Core/Src/main.o
                0x08003944                SystemClock_Config
 .text.startup.main
                0x080039d4      0x2c0 ./Core/Src/main.o
                0x080039d4                main
 .text.HAL_UART_RxCpltCallback
                0x08003c94      0x134 ./Core/Src/main.o
                0x08003c94                HAL_UART_RxCpltCallback
 .text.HAL_GPIO_EXTI_Callback
                0x08003dc8       0x10 ./Core/Src/main.o
                0x08003dc8                HAL_GPIO_EXTI_Callback
 .text.Error_Handler
                0x08003dd8        0x4 ./Core/Src/main.o
                0x08003dd8                Error_Handler
 .text.MX_SPI1_Init
                0x08003ddc       0x40 ./Core/Src/spi.o
                0x08003ddc                MX_SPI1_Init
 .text.MX_SPI2_Init
                0x08003e1c       0x40 ./Core/Src/spi.o
                0x08003e1c                MX_SPI2_Init
 .text.HAL_SPI_MspInit
                0x08003e5c       0xa8 ./Core/Src/spi.o
                0x08003e5c                HAL_SPI_MspInit
 .text.HAL_MspInit
                0x08003f04       0x1c ./Core/Src/stm32l0xx_hal_msp.o
                0x08003f04                HAL_MspInit
 .text.NMI_Handler
                0x08003f20        0x2 ./Core/Src/stm32l0xx_it.o
                0x08003f20                NMI_Handler
 .text.HardFault_Handler
                0x08003f22        0x2 ./Core/Src/stm32l0xx_it.o
                0x08003f22                HardFault_Handler
 .text.SVC_Handler
                0x08003f24        0x2 ./Core/Src/stm32l0xx_it.o
                0x08003f24                SVC_Handler
 .text.PendSV_Handler
                0x08003f26        0x2 ./Core/Src/stm32l0xx_it.o
                0x08003f26                PendSV_Handler
 .text.SysTick_Handler
                0x08003f28        0x8 ./Core/Src/stm32l0xx_it.o
                0x08003f28                SysTick_Handler
 .text.EXTI4_15_IRQHandler
                0x08003f30        0xc ./Core/Src/stm32l0xx_it.o
                0x08003f30                EXTI4_15_IRQHandler
 .text.SPI1_IRQHandler
                0x08003f3c       0x10 ./Core/Src/stm32l0xx_it.o
                0x08003f3c                SPI1_IRQHandler
 .text.USART1_IRQHandler
                0x08003f4c       0x10 ./Core/Src/stm32l0xx_it.o
                0x08003f4c                USART1_IRQHandler
 .text.USART2_IRQHandler
                0x08003f5c       0x10 ./Core/Src/stm32l0xx_it.o
                0x08003f5c                USART2_IRQHandler
 .text.LPUART1_IRQHandler
                0x08003f6c       0x10 ./Core/Src/stm32l0xx_it.o
                0x08003f6c                LPUART1_IRQHandler
 .text._read    0x08003f7c       0x1a ./Core/Src/syscalls.o
                0x08003f7c                _read
 .text._write   0x08003f96       0x1a ./Core/Src/syscalls.o
                0x08003f96                _write
 .text._close   0x08003fb0        0x6 ./Core/Src/syscalls.o
                0x08003fb0                _close
 .text._fstat   0x08003fb6        0xa ./Core/Src/syscalls.o
                0x08003fb6                _fstat
 .text._isatty  0x08003fc0        0x4 ./Core/Src/syscalls.o
                0x08003fc0                _isatty
 .text._lseek   0x08003fc4        0x4 ./Core/Src/syscalls.o
                0x08003fc4                _lseek
 .text._sbrk    0x08003fc8       0x40 ./Core/Src/sysmem.o
                0x08003fc8                _sbrk
 .text.SystemInit
                0x08004008        0x2 ./Core/Src/system_stm32l0xx.o
                0x08004008                SystemInit
 *fill*         0x0800400a        0x2 
 .text.MX_LPUART1_UART_Init
                0x0800400c       0x38 ./Core/Src/usart.o
                0x0800400c                MX_LPUART1_UART_Init
 .text.MX_USART1_UART_Init
                0x08004044       0x38 ./Core/Src/usart.o
                0x08004044                MX_USART1_UART_Init
 .text.MX_USART2_UART_Init
                0x0800407c       0x38 ./Core/Src/usart.o
                0x0800407c                MX_USART2_UART_Init
 .text.HAL_UART_MspInit
                0x080040b4      0x100 ./Core/Src/usart.o
                0x080040b4                HAL_UART_MspInit
 .text.HAL_UART_MspDeInit
                0x080041b4       0x80 ./Core/Src/usart.o
                0x080041b4                HAL_UART_MspDeInit
 .text.Reset_Handler
                0x08004234       0x50 ./Core/Startup/startup_stm32l051c8tx.o
                0x08004234                Reset_Handler
 .text.Default_Handler
                0x08004284        0x2 ./Core/Startup/startup_stm32l051c8tx.o
                0x08004284                ADC1_COMP_IRQHandler
                0x08004284                TIM6_IRQHandler
                0x08004284                PVD_IRQHandler
                0x08004284                I2C1_IRQHandler
                0x08004284                EXTI2_3_IRQHandler
                0x08004284                I2C2_IRQHandler
                0x08004284                RTC_IRQHandler
                0x08004284                DMA1_Channel4_5_6_7_IRQHandler
                0x08004284                RCC_IRQHandler
                0x08004284                DMA1_Channel1_IRQHandler
                0x08004284                Default_Handler
                0x08004284                TIM22_IRQHandler
                0x08004284                EXTI0_1_IRQHandler
                0x08004284                SPI2_IRQHandler
                0x08004284                TIM21_IRQHandler
                0x08004284                WWDG_IRQHandler
                0x08004284                TIM2_IRQHandler
                0x08004284                DMA1_Channel2_3_IRQHandler
                0x08004284                FLASH_IRQHandler
                0x08004284                LPTIM1_IRQHandler
 *fill*         0x08004286        0x2 
 .text.HAL_InitTick
                0x08004288       0x48 ./Drivers/STM32L0xx_HAL_Driver/Src/stm32l0xx_hal.o
                0x08004288                HAL_InitTick
 .text.HAL_Init
                0x080042d0       0x28 ./Drivers/STM32L0xx_HAL_Driver/Src/stm32l0xx_hal.o
                0x080042d0                HAL_Init
 .text.HAL_IncTick
                0x080042f8       0x18 ./Drivers/STM32L0xx_HAL_Driver/Src/stm32l0xx_hal.o
                0x080042f8                HAL_IncTick
 .text.HAL_GetTick
                0x08004310        0xc ./Drivers/STM32L0xx_HAL_Driver/Src/stm32l0xx_hal.o
                0x08004310                HAL_GetTick
 .text.HAL_Delay
                0x0800431c       0x24 ./Drivers/STM32L0xx_HAL_Driver/Src/stm32l0xx_hal.o
                0x0800431c                HAL_Delay
 .text.HAL_NVIC_SetPriority
                0x08004340       0x54 ./Drivers/STM32L0xx_HAL_Driver/Src/stm32l0xx_hal_cortex.o
                0x08004340                HAL_NVIC_SetPriority
 .text.HAL_NVIC_EnableIRQ
                0x08004394       0x18 ./Drivers/STM32L0xx_HAL_Driver/Src/stm32l0xx_hal_cortex.o
                0x08004394                HAL_NVIC_EnableIRQ
 .text.HAL_NVIC_DisableIRQ
                0x080043ac       0x20 ./Drivers/STM32L0xx_HAL_Driver/Src/stm32l0xx_hal_cortex.o
                0x080043ac                HAL_NVIC_DisableIRQ
 .text.HAL_SYSTICK_Config
                0x080043cc       0x34 ./Drivers/STM32L0xx_HAL_Driver/Src/stm32l0xx_hal_cortex.o
                0x080043cc                HAL_SYSTICK_Config
 .text.HAL_DMA_Abort
                0x08004400       0x40 ./Drivers/STM32L0xx_HAL_Driver/Src/stm32l0xx_hal_dma.o
                0x08004400                HAL_DMA_Abort
 .text.HAL_DMA_Abort_IT
                0x08004440       0x46 ./Drivers/STM32L0xx_HAL_Driver/Src/stm32l0xx_hal_dma.o
                0x08004440                HAL_DMA_Abort_IT
 .text.HAL_DMA_GetError
                0x08004486        0x4 ./Drivers/STM32L0xx_HAL_Driver/Src/stm32l0xx_hal_dma.o
                0x08004486                HAL_DMA_GetError
 *fill*         0x0800448a        0x2 
 .text.HAL_GPIO_Init
                0x0800448c      0x174 ./Drivers/STM32L0xx_HAL_Driver/Src/stm32l0xx_hal_gpio.o
                0x0800448c                HAL_GPIO_Init
 .text.HAL_GPIO_DeInit
                0x08004600       0xe8 ./Drivers/STM32L0xx_HAL_Driver/Src/stm32l0xx_hal_gpio.o
                0x08004600                HAL_GPIO_DeInit
 .text.HAL_GPIO_ReadPin
                0x080046e8        0xc ./Drivers/STM32L0xx_HAL_Driver/Src/stm32l0xx_hal_gpio.o
                0x080046e8                HAL_GPIO_ReadPin
 .text.HAL_GPIO_WritePin
                0x080046f4        0xc ./Drivers/STM32L0xx_HAL_Driver/Src/stm32l0xx_hal_gpio.o
                0x080046f4                HAL_GPIO_WritePin
 .text.HAL_GPIO_EXTI_IRQHandler
                0x08004700       0x18 ./Drivers/STM32L0xx_HAL_Driver/Src/stm32l0xx_hal_gpio.o
                0x08004700                HAL_GPIO_EXTI_IRQHandler
 .text.HAL_RCC_GetSysClockFreq
                0x08004718       0x84 ./Drivers/STM32L0xx_HAL_Driver/Src/stm32l0xx_hal_rcc.o
                0x08004718                HAL_RCC_GetSysClockFreq
 .text.HAL_RCC_OscConfig
                0x0800479c      0x48c ./Drivers/STM32L0xx_HAL_Driver/Src/stm32l0xx_hal_rcc.o
                0x0800479c                HAL_RCC_OscConfig
 .text.HAL_RCC_ClockConfig
                0x08004c28      0x19c ./Drivers/STM32L0xx_HAL_Driver/Src/stm32l0xx_hal_rcc.o
                0x08004c28                HAL_RCC_ClockConfig
 .text.HAL_RCC_GetPCLK1Freq
                0x08004dc4       0x20 ./Drivers/STM32L0xx_HAL_Driver/Src/stm32l0xx_hal_rcc.o
                0x08004dc4                HAL_RCC_GetPCLK1Freq
 .text.HAL_RCC_GetPCLK2Freq
                0x08004de4       0x20 ./Drivers/STM32L0xx_HAL_Driver/Src/stm32l0xx_hal_rcc.o
                0x08004de4                HAL_RCC_GetPCLK2Freq
 .text.HAL_RCCEx_PeriphCLKConfig
                0x08004e04      0x190 ./Drivers/STM32L0xx_HAL_Driver/Src/stm32l0xx_hal_rcc_ex.o
                0x08004e04                HAL_RCCEx_PeriphCLKConfig
 .text.SPI_WaitFlagStateUntilTimeout
                0x08004f94       0xc0 ./Drivers/STM32L0xx_HAL_Driver/Src/stm32l0xx_hal_spi.o
 .text.SPI_EndRxTxTransaction
                0x08005054       0x7c ./Drivers/STM32L0xx_HAL_Driver/Src/stm32l0xx_hal_spi.o
 .text.SPI_EndRxTransaction
                0x080050d0       0x62 ./Drivers/STM32L0xx_HAL_Driver/Src/stm32l0xx_hal_spi.o
 *fill*         0x08005132        0x2 
 .text.HAL_SPI_Init
                0x08005134       0xc4 ./Drivers/STM32L0xx_HAL_Driver/Src/stm32l0xx_hal_spi.o
                0x08005134                HAL_SPI_Init
 .text.HAL_SPI_Transmit
                0x080051f8      0x184 ./Drivers/STM32L0xx_HAL_Driver/Src/stm32l0xx_hal_spi.o
                0x080051f8                HAL_SPI_Transmit
 .text.HAL_SPI_TransmitReceive
                0x0800537c      0x210 ./Drivers/STM32L0xx_HAL_Driver/Src/stm32l0xx_hal_spi.o
                0x0800537c                HAL_SPI_TransmitReceive
 .text.HAL_SPI_Receive
                0x0800558c      0x150 ./Drivers/STM32L0xx_HAL_Driver/Src/stm32l0xx_hal_spi.o
                0x0800558c                HAL_SPI_Receive
 .text.HAL_SPI_ErrorCallback
                0x080056dc        0x2 ./Drivers/STM32L0xx_HAL_Driver/Src/stm32l0xx_hal_spi.o
                0x080056dc                HAL_SPI_ErrorCallback
 *fill*         0x080056de        0x2 
 .text.HAL_SPI_IRQHandler
                0x080056e0      0x118 ./Drivers/STM32L0xx_HAL_Driver/Src/stm32l0xx_hal_spi.o
                0x080056e0                HAL_SPI_IRQHandler
 .text.SPI_DMAAbortOnError
                0x080057f8       0x10 ./Drivers/STM32L0xx_HAL_Driver/Src/stm32l0xx_hal_spi.o
 .text.UART_EndRxTransfer
                0x08005808       0x5c ./Drivers/STM32L0xx_HAL_Driver/Src/stm32l0xx_hal_uart.o
 .text.HAL_UART_DeInit
                0x08005864       0x3c ./Drivers/STM32L0xx_HAL_Driver/Src/stm32l0xx_hal_uart.o
                0x08005864                HAL_UART_DeInit
 .text.HAL_UART_AbortReceive
                0x080058a0       0xb8 ./Drivers/STM32L0xx_HAL_Driver/Src/stm32l0xx_hal_uart.o
                0x080058a0                HAL_UART_AbortReceive
 .text.HAL_UART_TxCpltCallback
                0x08005958        0x2 ./Drivers/STM32L0xx_HAL_Driver/Src/stm32l0xx_hal_uart.o
                0x08005958                HAL_UART_TxCpltCallback
 .text.HAL_UART_ErrorCallback
                0x0800595a        0x2 ./Drivers/STM32L0xx_HAL_Driver/Src/stm32l0xx_hal_uart.o
                0x0800595a                HAL_UART_ErrorCallback
 .text.UART_DMAAbortOnError
                0x0800595c       0x12 ./Drivers/STM32L0xx_HAL_Driver/Src/stm32l0xx_hal_uart.o
 .text.HAL_UARTEx_RxEventCallback
                0x0800596e        0x2 ./Drivers/STM32L0xx_HAL_Driver/Src/stm32l0xx_hal_uart.o
                0x0800596e                HAL_UARTEx_RxEventCallback
 .text.HAL_UART_IRQHandler
                0x08005970      0x2d0 ./Drivers/STM32L0xx_HAL_Driver/Src/stm32l0xx_hal_uart.o
                0x08005970                HAL_UART_IRQHandler
 .text.UART_RxISR_8BIT
                0x08005c40       0xe0 ./Drivers/STM32L0xx_HAL_Driver/Src/stm32l0xx_hal_uart.o
 .text.UART_RxISR_16BIT
                0x08005d20       0xdc ./Drivers/STM32L0xx_HAL_Driver/Src/stm32l0xx_hal_uart.o
 .text.UART_SetConfig
                0x08005dfc      0x1f0 ./Drivers/STM32L0xx_HAL_Driver/Src/stm32l0xx_hal_uart.o
                0x08005dfc                UART_SetConfig
 .text.UART_AdvFeatureConfig
                0x08005fec       0xd0 ./Drivers/STM32L0xx_HAL_Driver/Src/stm32l0xx_hal_uart.o
                0x08005fec                UART_AdvFeatureConfig
 .text.UART_WaitOnFlagUntilTimeout
                0x080060bc       0x90 ./Drivers/STM32L0xx_HAL_Driver/Src/stm32l0xx_hal_uart.o
                0x080060bc                UART_WaitOnFlagUntilTimeout
 .text.HAL_UART_Transmit
                0x0800614c       0xcc ./Drivers/STM32L0xx_HAL_Driver/Src/stm32l0xx_hal_uart.o
                0x0800614c                HAL_UART_Transmit
 .text.UART_CheckIdleState
                0x08006218       0xc0 ./Drivers/STM32L0xx_HAL_Driver/Src/stm32l0xx_hal_uart.o
                0x08006218                UART_CheckIdleState
 .text.HAL_UART_Init
                0x080062d8       0x64 ./Drivers/STM32L0xx_HAL_Driver/Src/stm32l0xx_hal_uart.o
                0x080062d8                HAL_UART_Init
 .text.UART_Start_Receive_IT
                0x0800633c       0xc4 ./Drivers/STM32L0xx_HAL_Driver/Src/stm32l0xx_hal_uart.o
                0x0800633c                UART_Start_Receive_IT
 .text.HAL_UART_Receive_IT
                0x08006400       0x68 ./Drivers/STM32L0xx_HAL_Driver/Src/stm32l0xx_hal_uart.o
                0x08006400                HAL_UART_Receive_IT
 .text.HAL_UARTEx_WakeupCallback
                0x08006468        0x2 ./Drivers/STM32L0xx_HAL_Driver/Src/stm32l0xx_hal_uart_ex.o
                0x08006468                HAL_UARTEx_WakeupCallback
 *fill*         0x0800646a        0x2 
 .text.crc16_ccitt
                0x0800646c       0x38 ./Modules/ExtFlash/crc16_ccitt.o
                0x0800646c                crc16_ccitt
 .text.CS_L     0x080064a4        0xe ./Modules/ExtFlash/extflash_w25q16.o
 .text.CS_H     0x080064b2        0xe ./Modules/ExtFlash/extflash_w25q16.o
 .text.ExtFlash_Init
                0x080064c0       0x36 ./Modules/ExtFlash/extflash_w25q16.o
                0x080064c0                ExtFlash_Init
 .text.ExtFlash_ReadSR1
                0x080064f6       0x3c ./Modules/ExtFlash/extflash_w25q16.o
                0x080064f6                ExtFlash_ReadSR1
 .text.WriteEnable
                0x08006532       0x3c ./Modules/ExtFlash/extflash_w25q16.o
 .text.ExtFlash_WaitReady
                0x0800656e       0x32 ./Modules/ExtFlash/extflash_w25q16.o
                0x0800656e                ExtFlash_WaitReady
 .text.ExtFlash_Read
                0x080065a0       0x50 ./Modules/ExtFlash/extflash_w25q16.o
                0x080065a0                ExtFlash_Read
 .text.ExtFlash_Erase4K
                0x080065f0       0x62 ./Modules/ExtFlash/extflash_w25q16.o
                0x080065f0                ExtFlash_Erase4K
 .text.ExtFlash_Write
                0x08006652       0xa0 ./Modules/ExtFlash/extflash_w25q16.o
                0x08006652                ExtFlash_Write
 .text.LoraCfg_SetDefault
                0x080066f2       0x4a ./Modules/ExtFlash/lora_cfg.o
                0x080066f2                LoraCfg_SetDefault
 .text.LoraCfg_Validate
                0x0800673c       0x5c ./Modules/ExtFlash/lora_cfg.o
                0x0800673c                LoraCfg_Validate
 .text.LoraCfg_Save
                0x08006798       0x60 ./Modules/ExtFlash/lora_cfg.o
                0x08006798                LoraCfg_Save
 .text.LoraCfg_Load
                0x080067f8       0x34 ./Modules/ExtFlash/lora_cfg.o
                0x080067f8                LoraCfg_Load
 .text.strieq   0x0800682c       0x44 ./Modules/ExtFlash/ntn_config.o
 .text.skip_word
                0x08006870       0x30 ./Modules/ExtFlash/ntn_config.o
 .text.calc_crc
                0x080068a0       0x10 ./Modules/ExtFlash/ntn_config.o
 .text.default_cfg.constprop.0
                0x080068b0       0x68 ./Modules/ExtFlash/ntn_config.o
 .text.NTN_Config_Init
                0x08006918       0x94 ./Modules/ExtFlash/ntn_config.o
                0x08006918                NTN_Config_Init
 .text.NTN_Config_ResetDefault
                0x080069ac       0x20 ./Modules/ExtFlash/ntn_config.o
                0x080069ac                NTN_Config_ResetDefault
 .text.NTN_Config_Save
                0x080069cc       0x9c ./Modules/ExtFlash/ntn_config.o
                0x080069cc                NTN_Config_Save
 .text.NTN_Config_ProcessLine
                0x08006a68      0x520 ./Modules/ExtFlash/ntn_config.o
                0x08006a68                NTN_Config_ProcessLine
 .text.OnRxError
                0x08006f88       0x1c ./Modules/Lora/lorarx.o
 .text.OnRxTimeout
                0x08006fa4       0x1c ./Modules/Lora/lorarx.o
 .text.OnRxDone
                0x08006fc0       0x68 ./Modules/Lora/lorarx.o
 .text.LoraRx_IrqNotify
                0x08007028        0xc ./Modules/Lora/lorarx.o
                0x08007028                LoraRx_IrqNotify
 .text.LoraRx_Init
                0x08007034       0x80 ./Modules/Lora/lorarx.o
                0x08007034                LoraRx_Init
 .text.LoraRx_Process
                0x080070b4       0x24 ./Modules/Lora/lorarx.o
                0x080070b4                LoraRx_Process
 .text.Radio_ApplyLoraConfig
                0x080070d8       0x70 ./Modules/Lora/lorarx.o
                0x080070d8                Radio_ApplyLoraConfig
 .text.RS485_UART_Init
                0x08007148       0x2c ./Modules/RS485/rs485.o
                0x08007148                RS485_UART_Init
 .text.RS485_WindQuery_Start
                0x08007174      0x124 ./Modules/RS485/rs485.o
                0x08007174                RS485_WindQuery_Start
 .text.RS485_UART_RxHandler
                0x08007298       0x3c ./Modules/RS485/rs485.o
                0x08007298                RS485_UART_RxHandler
 .text.RS485_WindQuery_Poll
                0x080072d4      0x128 ./Modules/RS485/rs485.o
                0x080072d4                RS485_WindQuery_Poll
 .text.Simple_Print
                0x080073fc       0x20 ./Modules/toNTN/debug.o
                0x080073fc                Simple_Print
 .text.__io_putchar
                0x0800741c       0x1c ./Modules/toNTN/debug.o
                0x0800741c                __io_putchar
 .text.hex_val  0x08007438       0x28 ./Modules/toNTN/toNTN.o
 .text.NTN_RxTerminateSafe
                0x08007460       0x30 ./Modules/toNTN/toNTN.o
 .text.Gate_Print
                0x08007490       0x1c ./Modules/toNTN/toNTN.o
 .text.NTN_CloseSocket
                0x080074ac       0x40 ./Modules/toNTN/toNTN.o
 .text.NTN_DropUdpSock
                0x080074ec       0x50 ./Modules/toNTN/toNTN.o
 .text.NTN_Gate_SendWait
                0x0800753c       0xb4 ./Modules/toNTN/toNTN.o
 .text.NTN_BytesToHex_Into.constprop.0
                0x080075f0       0x4c ./Modules/toNTN/toNTN.o
 .text.NTN_Invalidate_UserSock_AndCfg
                0x0800763c       0x60 ./Modules/toNTN/toNTN.o
                0x0800763c                NTN_Invalidate_UserSock_AndCfg
 .text.NTN_EnqueueLoRa
                0x0800769c       0x7c ./Modules/toNTN/toNTN.o
                0x0800769c                NTN_EnqueueLoRa
 .text.NTN_SendCfgQuery
                0x08007718       0x98 ./Modules/toNTN/toNTN.o
                0x08007718                NTN_SendCfgQuery
 .text.NTN_SendTest
                0x080077b0      0xb24 ./Modules/toNTN/toNTN.o
                0x080077b0                NTN_SendTest
 .text.NTN_EnsureConfigReady
                0x080082d4       0x5c ./Modules/toNTN/toNTN.o
                0x080082d4                NTN_EnsureConfigReady
 .text.NTN_SendPayloadUsingCfg
                0x08008330      0x58c ./Modules/toNTN/toNTN.o
                0x08008330                NTN_SendPayloadUsingCfg
 .text.NTN_Send_Payload_WithSrc
                0x080088bc       0x44 ./Modules/toNTN/toNTN.o
                0x080088bc                NTN_Send_Payload_WithSrc
 .text.NTN_FlushLoRaQueue
                0x08008900       0x5c ./Modules/toNTN/toNTN.o
                0x08008900                NTN_FlushLoRaQueue
 .text.NTN_SendHelloUsingCfg
                0x0800895c       0x1c ./Modules/toNTN/toNTN.o
                0x0800895c                NTN_SendHelloUsingCfg
 .text.atoi     0x08008978        0xc D:/ST/STM32CubeIDE_1.18.1/STM32CubeIDE/plugins/com.st.stm32cube.ide.mcu.externaltools.gnu-tools-for-stm32.13.3.rel1.win32_1.0.0.202411081344/tools/bin/../lib/gcc/arm-none-eabi/13.3.1/../../../../arm-none-eabi/lib/thumb/v6-m/nofp\libc_nano.a(libc_a-atoi.o)
                0x08008978                atoi
 .text._strtol_l.isra.0
                0x08008984      0x114 D:/ST/STM32CubeIDE_1.18.1/STM32CubeIDE/plugins/com.st.stm32cube.ide.mcu.externaltools.gnu-tools-for-stm32.13.3.rel1.win32_1.0.0.202411081344/tools/bin/../lib/gcc/arm-none-eabi/13.3.1/../../../../arm-none-eabi/lib/thumb/v6-m/nofp\libc_nano.a(libc_a-strtol.o)
 .text._strtol_r
                0x08008a98        0x8 D:/ST/STM32CubeIDE_1.18.1/STM32CubeIDE/plugins/com.st.stm32cube.ide.mcu.externaltools.gnu-tools-for-stm32.13.3.rel1.win32_1.0.0.202411081344/tools/bin/../lib/gcc/arm-none-eabi/13.3.1/../../../../arm-none-eabi/lib/thumb/v6-m/nofp\libc_nano.a(libc_a-strtol.o)
                0x08008a98                _strtol_r
 .text.strtol   0x08008aa0       0x18 D:/ST/STM32CubeIDE_1.18.1/STM32CubeIDE/plugins/com.st.stm32cube.ide.mcu.externaltools.gnu-tools-for-stm32.13.3.rel1.win32_1.0.0.202411081344/tools/bin/../lib/gcc/arm-none-eabi/13.3.1/../../../../arm-none-eabi/lib/thumb/v6-m/nofp\libc_nano.a(libc_a-strtol.o)
                0x08008aa0                strtol
 .text._strtoul_l.isra.0
                0x08008ab8      0x104 D:/ST/STM32CubeIDE_1.18.1/STM32CubeIDE/plugins/com.st.stm32cube.ide.mcu.externaltools.gnu-tools-for-stm32.13.3.rel1.win32_1.0.0.202411081344/tools/bin/../lib/gcc/arm-none-eabi/13.3.1/../../../../arm-none-eabi/lib/thumb/v6-m/nofp\libc_nano.a(libc_a-strtoul.o)
 .text._strtoul_r
                0x08008bbc        0x8 D:/ST/STM32CubeIDE_1.18.1/STM32CubeIDE/plugins/com.st.stm32cube.ide.mcu.externaltools.gnu-tools-for-stm32.13.3.rel1.win32_1.0.0.202411081344/tools/bin/../lib/gcc/arm-none-eabi/13.3.1/../../../../arm-none-eabi/lib/thumb/v6-m/nofp\libc_nano.a(libc_a-strtoul.o)
                0x08008bbc                _strtoul_r
 .text.strtoul  0x08008bc4       0x18 D:/ST/STM32CubeIDE_1.18.1/STM32CubeIDE/plugins/com.st.stm32cube.ide.mcu.externaltools.gnu-tools-for-stm32.13.3.rel1.win32_1.0.0.202411081344/tools/bin/../lib/gcc/arm-none-eabi/13.3.1/../../../../arm-none-eabi/lib/thumb/v6-m/nofp\libc_nano.a(libc_a-strtoul.o)
                0x08008bc4                strtoul
 .text.std      0x08008bdc       0x6c D:/ST/STM32CubeIDE_1.18.1/STM32CubeIDE/plugins/com.st.stm32cube.ide.mcu.externaltools.gnu-tools-for-stm32.13.3.rel1.win32_1.0.0.202411081344/tools/bin/../lib/gcc/arm-none-eabi/13.3.1/../../../../arm-none-eabi/lib/thumb/v6-m/nofp\libc_nano.a(libc_a-findfp.o)
 .text.stdio_exit_handler
                0x08008c48       0x1c D:/ST/STM32CubeIDE_1.18.1/STM32CubeIDE/plugins/com.st.stm32cube.ide.mcu.externaltools.gnu-tools-for-stm32.13.3.rel1.win32_1.0.0.202411081344/tools/bin/../lib/gcc/arm-none-eabi/13.3.1/../../../../arm-none-eabi/lib/thumb/v6-m/nofp\libc_nano.a(libc_a-findfp.o)
 .text.cleanup_stdio
                0x08008c64       0x3c D:/ST/STM32CubeIDE_1.18.1/STM32CubeIDE/plugins/com.st.stm32cube.ide.mcu.externaltools.gnu-tools-for-stm32.13.3.rel1.win32_1.0.0.202411081344/tools/bin/../lib/gcc/arm-none-eabi/13.3.1/../../../../arm-none-eabi/lib/thumb/v6-m/nofp\libc_nano.a(libc_a-findfp.o)
 .text.global_stdio_init.part.0
                0x08008ca0       0x3c D:/ST/STM32CubeIDE_1.18.1/STM32CubeIDE/plugins/com.st.stm32cube.ide.mcu.externaltools.gnu-tools-for-stm32.13.3.rel1.win32_1.0.0.202411081344/tools/bin/../lib/gcc/arm-none-eabi/13.3.1/../../../../arm-none-eabi/lib/thumb/v6-m/nofp\libc_nano.a(libc_a-findfp.o)
 .text.__sfp_lock_acquire
                0x08008cdc       0x10 D:/ST/STM32CubeIDE_1.18.1/STM32CubeIDE/plugins/com.st.stm32cube.ide.mcu.externaltools.gnu-tools-for-stm32.13.3.rel1.win32_1.0.0.202411081344/tools/bin/../lib/gcc/arm-none-eabi/13.3.1/../../../../arm-none-eabi/lib/thumb/v6-m/nofp\libc_nano.a(libc_a-findfp.o)
                0x08008cdc                __sfp_lock_acquire
 .text.__sfp_lock_release
                0x08008cec       0x10 D:/ST/STM32CubeIDE_1.18.1/STM32CubeIDE/plugins/com.st.stm32cube.ide.mcu.externaltools.gnu-tools-for-stm32.13.3.rel1.win32_1.0.0.202411081344/tools/bin/../lib/gcc/arm-none-eabi/13.3.1/../../../../arm-none-eabi/lib/thumb/v6-m/nofp\libc_nano.a(libc_a-findfp.o)
                0x08008cec                __sfp_lock_release
 .text.__sinit  0x08008cfc       0x30 D:/ST/STM32CubeIDE_1.18.1/STM32CubeIDE/plugins/com.st.stm32cube.ide.mcu.externaltools.gnu-tools-for-stm32.13.3.rel1.win32_1.0.0.202411081344/tools/bin/../lib/gcc/arm-none-eabi/13.3.1/../../../../arm-none-eabi/lib/thumb/v6-m/nofp\libc_nano.a(libc_a-findfp.o)
                0x08008cfc                __sinit
 .text._fwalk_sglue
                0x08008d2c       0x38 D:/ST/STM32CubeIDE_1.18.1/STM32CubeIDE/plugins/com.st.stm32cube.ide.mcu.externaltools.gnu-tools-for-stm32.13.3.rel1.win32_1.0.0.202411081344/tools/bin/../lib/gcc/arm-none-eabi/13.3.1/../../../../arm-none-eabi/lib/thumb/v6-m/nofp\libc_nano.a(libc_a-fwalk.o)
                0x08008d2c                _fwalk_sglue
 .text.printf   0x08008d64       0x20 D:/ST/STM32CubeIDE_1.18.1/STM32CubeIDE/plugins/com.st.stm32cube.ide.mcu.externaltools.gnu-tools-for-stm32.13.3.rel1.win32_1.0.0.202411081344/tools/bin/../lib/gcc/arm-none-eabi/13.3.1/../../../../arm-none-eabi/lib/thumb/v6-m/nofp\libc_nano.a(libc_a-printf.o)
                0x08008d64                iprintf
                0x08008d64                printf
 .text._puts_r  0x08008d84       0xac D:/ST/STM32CubeIDE_1.18.1/STM32CubeIDE/plugins/com.st.stm32cube.ide.mcu.externaltools.gnu-tools-for-stm32.13.3.rel1.win32_1.0.0.202411081344/tools/bin/../lib/gcc/arm-none-eabi/13.3.1/../../../../arm-none-eabi/lib/thumb/v6-m/nofp\libc_nano.a(libc_a-puts.o)
                0x08008d84                _puts_r
 .text.puts     0x08008e30       0x14 D:/ST/STM32CubeIDE_1.18.1/STM32CubeIDE/plugins/com.st.stm32cube.ide.mcu.externaltools.gnu-tools-for-stm32.13.3.rel1.win32_1.0.0.202411081344/tools/bin/../lib/gcc/arm-none-eabi/13.3.1/../../../../arm-none-eabi/lib/thumb/v6-m/nofp\libc_nano.a(libc_a-puts.o)
                0x08008e30                puts
 .text.snprintf
                0x08008e44       0x6c D:/ST/STM32CubeIDE_1.18.1/STM32CubeIDE/plugins/com.st.stm32cube.ide.mcu.externaltools.gnu-tools-for-stm32.13.3.rel1.win32_1.0.0.202411081344/tools/bin/../lib/gcc/arm-none-eabi/13.3.1/../../../../arm-none-eabi/lib/thumb/v6-m/nofp\libc_nano.a(libc_a-snprintf.o)
                0x08008e44                sniprintf
                0x08008e44                snprintf
 .text.sscanf   0x08008eb0       0x54 D:/ST/STM32CubeIDE_1.18.1/STM32CubeIDE/plugins/com.st.stm32cube.ide.mcu.externaltools.gnu-tools-for-stm32.13.3.rel1.win32_1.0.0.202411081344/tools/bin/../lib/gcc/arm-none-eabi/13.3.1/../../../../arm-none-eabi/lib/thumb/v6-m/nofp\libc_nano.a(libc_a-sscanf.o)
                0x08008eb0                siscanf
                0x08008eb0                sscanf
 .text.__sread  0x08008f04       0x28 D:/ST/STM32CubeIDE_1.18.1/STM32CubeIDE/plugins/com.st.stm32cube.ide.mcu.externaltools.gnu-tools-for-stm32.13.3.rel1.win32_1.0.0.202411081344/tools/bin/../lib/gcc/arm-none-eabi/13.3.1/../../../../arm-none-eabi/lib/thumb/v6-m/nofp\libc_nano.a(libc_a-stdio.o)
                0x08008f04                __sread
 .text.__seofread
                0x08008f2c        0x4 D:/ST/STM32CubeIDE_1.18.1/STM32CubeIDE/plugins/com.st.stm32cube.ide.mcu.externaltools.gnu-tools-for-stm32.13.3.rel1.win32_1.0.0.202411081344/tools/bin/../lib/gcc/arm-none-eabi/13.3.1/../../../../arm-none-eabi/lib/thumb/v6-m/nofp\libc_nano.a(libc_a-stdio.o)
                0x08008f2c                __seofread
 .text.__swrite
                0x08008f30       0x38 D:/ST/STM32CubeIDE_1.18.1/STM32CubeIDE/plugins/com.st.stm32cube.ide.mcu.externaltools.gnu-tools-for-stm32.13.3.rel1.win32_1.0.0.202411081344/tools/bin/../lib/gcc/arm-none-eabi/13.3.1/../../../../arm-none-eabi/lib/thumb/v6-m/nofp\libc_nano.a(libc_a-stdio.o)
                0x08008f30                __swrite
 .text.__sseek  0x08008f68       0x2c D:/ST/STM32CubeIDE_1.18.1/STM32CubeIDE/plugins/com.st.stm32cube.ide.mcu.externaltools.gnu-tools-for-stm32.13.3.rel1.win32_1.0.0.202411081344/tools/bin/../lib/gcc/arm-none-eabi/13.3.1/../../../../arm-none-eabi/lib/thumb/v6-m/nofp\libc_nano.a(libc_a-stdio.o)
                0x08008f68                __sseek
 .text.__sclose
                0x08008f94        0xc D:/ST/STM32CubeIDE_1.18.1/STM32CubeIDE/plugins/com.st.stm32cube.ide.mcu.externaltools.gnu-tools-for-stm32.13.3.rel1.win32_1.0.0.202411081344/tools/bin/../lib/gcc/arm-none-eabi/13.3.1/../../../../arm-none-eabi/lib/thumb/v6-m/nofp\libc_nano.a(libc_a-stdio.o)
                0x08008f94                __sclose
 .text.__swbuf_r
                0x08008fa0       0x84 D:/ST/STM32CubeIDE_1.18.1/STM32CubeIDE/plugins/com.st.stm32cube.ide.mcu.externaltools.gnu-tools-for-stm32.13.3.rel1.win32_1.0.0.202411081344/tools/bin/../lib/gcc/arm-none-eabi/13.3.1/../../../../arm-none-eabi/lib/thumb/v6-m/nofp\libc_nano.a(libc_a-wbuf.o)
                0x08008fa0                __swbuf_r
 .text.__swsetup_r
                0x08009024       0xbc D:/ST/STM32CubeIDE_1.18.1/STM32CubeIDE/plugins/com.st.stm32cube.ide.mcu.externaltools.gnu-tools-for-stm32.13.3.rel1.win32_1.0.0.202411081344/tools/bin/../lib/gcc/arm-none-eabi/13.3.1/../../../../arm-none-eabi/lib/thumb/v6-m/nofp\libc_nano.a(libc_a-wsetup.o)
                0x08009024                __swsetup_r
 .text.memcmp   0x080090e0       0x1c D:/ST/STM32CubeIDE_1.18.1/STM32CubeIDE/plugins/com.st.stm32cube.ide.mcu.externaltools.gnu-tools-for-stm32.13.3.rel1.win32_1.0.0.202411081344/tools/bin/../lib/gcc/arm-none-eabi/13.3.1/../../../../arm-none-eabi/lib/thumb/v6-m/nofp\libc_nano.a(libc_a-memcmp.o)
                0x080090e0                memcmp
 .text.memmove  0x080090fc       0x24 D:/ST/STM32CubeIDE_1.18.1/STM32CubeIDE/plugins/com.st.stm32cube.ide.mcu.externaltools.gnu-tools-for-stm32.13.3.rel1.win32_1.0.0.202411081344/tools/bin/../lib/gcc/arm-none-eabi/13.3.1/../../../../arm-none-eabi/lib/thumb/v6-m/nofp\libc_nano.a(libc_a-memmove.o)
                0x080090fc                memmove
 .text.memset   0x08009120       0x10 D:/ST/STM32CubeIDE_1.18.1/STM32CubeIDE/plugins/com.st.stm32cube.ide.mcu.externaltools.gnu-tools-for-stm32.13.3.rel1.win32_1.0.0.202411081344/tools/bin/../lib/gcc/arm-none-eabi/13.3.1/../../../../arm-none-eabi/lib/thumb/v6-m/nofp\libc_nano.a(libc_a-memset.o)
                0x08009120                memset
 .text.strchr   0x08009130       0x1c D:/ST/STM32CubeIDE_1.18.1/STM32CubeIDE/plugins/com.st.stm32cube.ide.mcu.externaltools.gnu-tools-for-stm32.13.3.rel1.win32_1.0.0.202411081344/tools/bin/../lib/gcc/arm-none-eabi/13.3.1/../../../../arm-none-eabi/lib/thumb/v6-m/nofp\libc_nano.a(libc_a-strchr.o)
                0x08009130                strchr
 .text.strncasecmp
                0x0800914c       0x48 D:/ST/STM32CubeIDE_1.18.1/STM32CubeIDE/plugins/com.st.stm32cube.ide.mcu.externaltools.gnu-tools-for-stm32.13.3.rel1.win32_1.0.0.202411081344/tools/bin/../lib/gcc/arm-none-eabi/13.3.1/../../../../arm-none-eabi/lib/thumb/v6-m/nofp\libc_nano.a(libc_a-strncasecmp.o)
                0x0800914c                strncasecmp
 .text.strncpy  0x08009194       0x28 D:/ST/STM32CubeIDE_1.18.1/STM32CubeIDE/plugins/com.st.stm32cube.ide.mcu.externaltools.gnu-tools-for-stm32.13.3.rel1.win32_1.0.0.202411081344/tools/bin/../lib/gcc/arm-none-eabi/13.3.1/../../../../arm-none-eabi/lib/thumb/v6-m/nofp\libc_nano.a(libc_a-strncpy.o)
                0x08009194                strncpy
 .text.strpbrk  0x080091bc       0x20 D:/ST/STM32CubeIDE_1.18.1/STM32CubeIDE/plugins/com.st.stm32cube.ide.mcu.externaltools.gnu-tools-for-stm32.13.3.rel1.win32_1.0.0.202411081344/tools/bin/../lib/gcc/arm-none-eabi/13.3.1/../../../../arm-none-eabi/lib/thumb/v6-m/nofp\libc_nano.a(libc_a-strpbrk.o)
                0x080091bc                strpbrk
 .text.strstr   0x080091dc       0x2c D:/ST/STM32CubeIDE_1.18.1/STM32CubeIDE/plugins/com.st.stm32cube.ide.mcu.externaltools.gnu-tools-for-stm32.13.3.rel1.win32_1.0.0.202411081344/tools/bin/../lib/gcc/arm-none-eabi/13.3.1/../../../../arm-none-eabi/lib/thumb/v6-m/nofp\libc_nano.a(libc_a-strstr.o)
                0x080091dc                strstr
 .text._close_r
                0x08009208       0x24 D:/ST/STM32CubeIDE_1.18.1/STM32CubeIDE/plugins/com.st.stm32cube.ide.mcu.externaltools.gnu-tools-for-stm32.13.3.rel1.win32_1.0.0.202411081344/tools/bin/../lib/gcc/arm-none-eabi/13.3.1/../../../../arm-none-eabi/lib/thumb/v6-m/nofp\libc_nano.a(libc_a-closer.o)
                0x08009208                _close_r
 .text._lseek_r
                0x0800922c       0x28 D:/ST/STM32CubeIDE_1.18.1/STM32CubeIDE/plugins/com.st.stm32cube.ide.mcu.externaltools.gnu-tools-for-stm32.13.3.rel1.win32_1.0.0.202411081344/tools/bin/../lib/gcc/arm-none-eabi/13.3.1/../../../../arm-none-eabi/lib/thumb/v6-m/nofp\libc_nano.a(libc_a-lseekr.o)
                0x0800922c                _lseek_r
 .text._read_r  0x08009254       0x28 D:/ST/STM32CubeIDE_1.18.1/STM32CubeIDE/plugins/com.st.stm32cube.ide.mcu.externaltools.gnu-tools-for-stm32.13.3.rel1.win32_1.0.0.202411081344/tools/bin/../lib/gcc/arm-none-eabi/13.3.1/../../../../arm-none-eabi/lib/thumb/v6-m/nofp\libc_nano.a(libc_a-readr.o)
                0x08009254                _read_r
 .text._write_r
                0x0800927c       0x28 D:/ST/STM32CubeIDE_1.18.1/STM32CubeIDE/plugins/com.st.stm32cube.ide.mcu.externaltools.gnu-tools-for-stm32.13.3.rel1.win32_1.0.0.202411081344/tools/bin/../lib/gcc/arm-none-eabi/13.3.1/../../../../arm-none-eabi/lib/thumb/v6-m/nofp\libc_nano.a(libc_a-writer.o)
                0x0800927c                _write_r
 .text.__errno  0x080092a4        0xc D:/ST/STM32CubeIDE_1.18.1/STM32CubeIDE/plugins/com.st.stm32cube.ide.mcu.externaltools.gnu-tools-for-stm32.13.3.rel1.win32_1.0.0.202411081344/tools/bin/../lib/gcc/arm-none-eabi/13.3.1/../../../../arm-none-eabi/lib/thumb/v6-m/nofp\libc_nano.a(libc_a-errno.o)
                0x080092a4                __errno
 .text.__libc_init_array
                0x080092b0       0x48 D:/ST/STM32CubeIDE_1.18.1/STM32CubeIDE/plugins/com.st.stm32cube.ide.mcu.externaltools.gnu-tools-for-stm32.13.3.rel1.win32_1.0.0.202411081344/tools/bin/../lib/gcc/arm-none-eabi/13.3.1/../../../../arm-none-eabi/lib/thumb/v6-m/nofp\libc_nano.a(libc_a-init.o)
                0x080092b0                __libc_init_array
 .text.__retarget_lock_init_recursive
                0x080092f8        0x2 D:/ST/STM32CubeIDE_1.18.1/STM32CubeIDE/plugins/com.st.stm32cube.ide.mcu.externaltools.gnu-tools-for-stm32.13.3.rel1.win32_1.0.0.202411081344/tools/bin/../lib/gcc/arm-none-eabi/13.3.1/../../../../arm-none-eabi/lib/thumb/v6-m/nofp\libc_nano.a(libc_a-lock.o)
                0x080092f8                __retarget_lock_init_recursive
 .text.__retarget_lock_acquire_recursive
                0x080092fa        0x2 D:/ST/STM32CubeIDE_1.18.1/STM32CubeIDE/plugins/com.st.stm32cube.ide.mcu.externaltools.gnu-tools-for-stm32.13.3.rel1.win32_1.0.0.202411081344/tools/bin/../lib/gcc/arm-none-eabi/13.3.1/../../../../arm-none-eabi/lib/thumb/v6-m/nofp\libc_nano.a(libc_a-lock.o)
                0x080092fa                __retarget_lock_acquire_recursive
 .text.__retarget_lock_release_recursive
                0x080092fc        0x2 D:/ST/STM32CubeIDE_1.18.1/STM32CubeIDE/plugins/com.st.stm32cube.ide.mcu.externaltools.gnu-tools-for-stm32.13.3.rel1.win32_1.0.0.202411081344/tools/bin/../lib/gcc/arm-none-eabi/13.3.1/../../../../arm-none-eabi/lib/thumb/v6-m/nofp\libc_nano.a(libc_a-lock.o)
                0x080092fc                __retarget_lock_release_recursive
 .text.strcpy   0x080092fe       0x10 D:/ST/STM32CubeIDE_1.18.1/STM32CubeIDE/plugins/com.st.stm32cube.ide.mcu.externaltools.gnu-tools-for-stm32.13.3.rel1.win32_1.0.0.202411081344/tools/bin/../lib/gcc/arm-none-eabi/13.3.1/../../../../arm-none-eabi/lib/thumb/v6-m/nofp\libc_nano.a(libc_a-strcpy.o)
                0x080092fe                strcpy
 .text.memcpy   0x0800930e       0x12 D:/ST/STM32CubeIDE_1.18.1/STM32CubeIDE/plugins/com.st.stm32cube.ide.mcu.externaltools.gnu-tools-for-stm32.13.3.rel1.win32_1.0.0.202411081344/tools/bin/../lib/gcc/arm-none-eabi/13.3.1/../../../../arm-none-eabi/lib/thumb/v6-m/nofp\libc_nano.a(libc_a-memcpy-stub.o)
                0x0800930e                memcpy
 .text._free_r  0x08009320       0x94 D:/ST/STM32CubeIDE_1.18.1/STM32CubeIDE/plugins/com.st.stm32cube.ide.mcu.externaltools.gnu-tools-for-stm32.13.3.rel1.win32_1.0.0.202411081344/tools/bin/../lib/gcc/arm-none-eabi/13.3.1/../../../../arm-none-eabi/lib/thumb/v6-m/nofp\libc_nano.a(libc_a-freer.o)
                0x08009320                _free_r
 .text.sbrk_aligned
                0x080093b4       0x44 D:/ST/STM32CubeIDE_1.18.1/STM32CubeIDE/plugins/com.st.stm32cube.ide.mcu.externaltools.gnu-tools-for-stm32.13.3.rel1.win32_1.0.0.202411081344/tools/bin/../lib/gcc/arm-none-eabi/13.3.1/../../../../arm-none-eabi/lib/thumb/v6-m/nofp\libc_nano.a(libc_a-mallocr.o)
 .text._malloc_r
                0x080093f8      0x100 D:/ST/STM32CubeIDE_1.18.1/STM32CubeIDE/plugins/com.st.stm32cube.ide.mcu.externaltools.gnu-tools-for-stm32.13.3.rel1.win32_1.0.0.202411081344/tools/bin/../lib/gcc/arm-none-eabi/13.3.1/../../../../arm-none-eabi/lib/thumb/v6-m/nofp\libc_nano.a(libc_a-mallocr.o)
                0x080093f8                _malloc_r
 .text.__malloc_lock
                0x080094f8       0x10 D:/ST/STM32CubeIDE_1.18.1/STM32CubeIDE/plugins/com.st.stm32cube.ide.mcu.externaltools.gnu-tools-for-stm32.13.3.rel1.win32_1.0.0.202411081344/tools/bin/../lib/gcc/arm-none-eabi/13.3.1/../../../../arm-none-eabi/lib/thumb/v6-m/nofp\libc_nano.a(libc_a-mlock.o)
                0x080094f8                __malloc_lock
 .text.__malloc_unlock
                0x08009508       0x10 D:/ST/STM32CubeIDE_1.18.1/STM32CubeIDE/plugins/com.st.stm32cube.ide.mcu.externaltools.gnu-tools-for-stm32.13.3.rel1.win32_1.0.0.202411081344/tools/bin/../lib/gcc/arm-none-eabi/13.3.1/../../../../arm-none-eabi/lib/thumb/v6-m/nofp\libc_nano.a(libc_a-mlock.o)
                0x08009508                __malloc_unlock
 .text.__ssputs_r
                0x08009518       0xc0 D:/ST/STM32CubeIDE_1.18.1/STM32CubeIDE/plugins/com.st.stm32cube.ide.mcu.externaltools.gnu-tools-for-stm32.13.3.rel1.win32_1.0.0.202411081344/tools/bin/../lib/gcc/arm-none-eabi/13.3.1/../../../../arm-none-eabi/lib/thumb/v6-m/nofp\libc_nano.a(libc_a-nano-svfprintf.o)
                0x08009518                __ssputs_r
 .text._svfprintf_r
                0x080095d8      0x1fc D:/ST/STM32CubeIDE_1.18.1/STM32CubeIDE/plugins/com.st.stm32cube.ide.mcu.externaltools.gnu-tools-for-stm32.13.3.rel1.win32_1.0.0.202411081344/tools/bin/../lib/gcc/arm-none-eabi/13.3.1/../../../../arm-none-eabi/lib/thumb/v6-m/nofp\libc_nano.a(libc_a-nano-svfprintf.o)
                0x080095d8                _svfiprintf_r
                0x080095d8                _svfprintf_r
 .text._sungetc_r
                0x080097d4       0x78 D:/ST/STM32CubeIDE_1.18.1/STM32CubeIDE/plugins/com.st.stm32cube.ide.mcu.externaltools.gnu-tools-for-stm32.13.3.rel1.win32_1.0.0.202411081344/tools/bin/../lib/gcc/arm-none-eabi/13.3.1/../../../../arm-none-eabi/lib/thumb/v6-m/nofp\libc_nano.a(libc_a-nano-svfscanf.o)
                0x080097d4                _sungetc_r
 .text.__ssrefill_r
                0x0800984c       0x3e D:/ST/STM32CubeIDE_1.18.1/STM32CubeIDE/plugins/com.st.stm32cube.ide.mcu.externaltools.gnu-tools-for-stm32.13.3.rel1.win32_1.0.0.202411081344/tools/bin/../lib/gcc/arm-none-eabi/13.3.1/../../../../arm-none-eabi/lib/thumb/v6-m/nofp\libc_nano.a(libc_a-nano-svfscanf.o)
                0x0800984c                __ssrefill_r
 *fill*         0x0800988a        0x2 
 .text.__ssvfscanf_r
                0x0800988c      0x2c8 D:/ST/STM32CubeIDE_1.18.1/STM32CubeIDE/plugins/com.st.stm32cube.ide.mcu.externaltools.gnu-tools-for-stm32.13.3.rel1.win32_1.0.0.202411081344/tools/bin/../lib/gcc/arm-none-eabi/13.3.1/../../../../arm-none-eabi/lib/thumb/v6-m/nofp\libc_nano.a(libc_a-nano-svfscanf.o)
                0x0800988c                __ssvfiscanf_r
                0x0800988c                __ssvfscanf_r
 .text.__sfputc_r
                0x08009b54       0x2a D:/ST/STM32CubeIDE_1.18.1/STM32CubeIDE/plugins/com.st.stm32cube.ide.mcu.externaltools.gnu-tools-for-stm32.13.3.rel1.win32_1.0.0.202411081344/tools/bin/../lib/gcc/arm-none-eabi/13.3.1/../../../../arm-none-eabi/lib/thumb/v6-m/nofp\libc_nano.a(libc_a-nano-vfprintf.o)
 .text.__sfputs_r
                0x08009b7e       0x24 D:/ST/STM32CubeIDE_1.18.1/STM32CubeIDE/plugins/com.st.stm32cube.ide.mcu.externaltools.gnu-tools-for-stm32.13.3.rel1.win32_1.0.0.202411081344/tools/bin/../lib/gcc/arm-none-eabi/13.3.1/../../../../arm-none-eabi/lib/thumb/v6-m/nofp\libc_nano.a(libc_a-nano-vfprintf.o)
                0x08009b7e                __sfputs_r
 *fill*         0x08009ba2        0x2 
 .text._vfprintf_r
                0x08009ba4      0x238 D:/ST/STM32CubeIDE_1.18.1/STM32CubeIDE/plugins/com.st.stm32cube.ide.mcu.externaltools.gnu-tools-for-stm32.13.3.rel1.win32_1.0.0.202411081344/tools/bin/../lib/gcc/arm-none-eabi/13.3.1/../../../../arm-none-eabi/lib/thumb/v6-m/nofp\libc_nano.a(libc_a-nano-vfprintf.o)
                0x08009ba4                _vfprintf_r
                0x08009ba4                _vfiprintf_r
 .text._printf_common
                0x08009ddc       0xde D:/ST/STM32CubeIDE_1.18.1/STM32CubeIDE/plugins/com.st.stm32cube.ide.mcu.externaltools.gnu-tools-for-stm32.13.3.rel1.win32_1.0.0.202411081344/tools/bin/../lib/gcc/arm-none-eabi/13.3.1/../../../../arm-none-eabi/lib/thumb/v6-m/nofp\libc_nano.a(libc_a-nano-vfprintf_i.o)
                0x08009ddc                _printf_common
 *fill*         0x08009eba        0x2 
 .text._printf_i
                0x08009ebc      0x218 D:/ST/STM32CubeIDE_1.18.1/STM32CubeIDE/plugins/com.st.stm32cube.ide.mcu.externaltools.gnu-tools-for-stm32.13.3.rel1.win32_1.0.0.202411081344/tools/bin/../lib/gcc/arm-none-eabi/13.3.1/../../../../arm-none-eabi/lib/thumb/v6-m/nofp\libc_nano.a(libc_a-nano-vfprintf_i.o)
                0x08009ebc                _printf_i
 .text._scanf_chars
                0x0800a0d4       0xc0 D:/ST/STM32CubeIDE_1.18.1/STM32CubeIDE/plugins/com.st.stm32cube.ide.mcu.externaltools.gnu-tools-for-stm32.13.3.rel1.win32_1.0.0.202411081344/tools/bin/../lib/gcc/arm-none-eabi/13.3.1/../../../../arm-none-eabi/lib/thumb/v6-m/nofp\libc_nano.a(libc_a-nano-vfscanf_i.o)
                0x0800a0d4                _scanf_chars
 .text._scanf_i
                0x0800a194      0x200 D:/ST/STM32CubeIDE_1.18.1/STM32CubeIDE/plugins/com.st.stm32cube.ide.mcu.externaltools.gnu-tools-for-stm32.13.3.rel1.win32_1.0.0.202411081344/tools/bin/../lib/gcc/arm-none-eabi/13.3.1/../../../../arm-none-eabi/lib/thumb/v6-m/nofp\libc_nano.a(libc_a-nano-vfscanf_i.o)
                0x0800a194                _scanf_i
 .text.__sflush_r
                0x0800a394      0x10c D:/ST/STM32CubeIDE_1.18.1/STM32CubeIDE/plugins/com.st.stm32cube.ide.mcu.externaltools.gnu-tools-for-stm32.13.3.rel1.win32_1.0.0.202411081344/tools/bin/../lib/gcc/arm-none-eabi/13.3.1/../../../../arm-none-eabi/lib/thumb/v6-m/nofp\libc_nano.a(libc_a-fflush.o)
                0x0800a394                __sflush_r
 .text._fflush_r
                0x0800a4a0       0x56 D:/ST/STM32CubeIDE_1.18.1/STM32CubeIDE/plugins/com.st.stm32cube.ide.mcu.externaltools.gnu-tools-for-stm32.13.3.rel1.win32_1.0.0.202411081344/tools/bin/../lib/gcc/arm-none-eabi/13.3.1/../../../../arm-none-eabi/lib/thumb/v6-m/nofp\libc_nano.a(libc_a-fflush.o)
                0x0800a4a0                _fflush_r
 *fill*         0x0800a4f6        0x2 
 .text.__swhatbuf_r
                0x0800a4f8       0x54 D:/ST/STM32CubeIDE_1.18.1/STM32CubeIDE/plugins/com.st.stm32cube.ide.mcu.externaltools.gnu-tools-for-stm32.13.3.rel1.win32_1.0.0.202411081344/tools/bin/../lib/gcc/arm-none-eabi/13.3.1/../../../../arm-none-eabi/lib/thumb/v6-m/nofp\libc_nano.a(libc_a-makebuf.o)
                0x0800a4f8                __swhatbuf_r
 .text.__smakebuf_r
                0x0800a54c       0x82 D:/ST/STM32CubeIDE_1.18.1/STM32CubeIDE/plugins/com.st.stm32cube.ide.mcu.externaltools.gnu-tools-for-stm32.13.3.rel1.win32_1.0.0.202411081344/tools/bin/../lib/gcc/arm-none-eabi/13.3.1/../../../../arm-none-eabi/lib/thumb/v6-m/nofp\libc_nano.a(libc_a-makebuf.o)
                0x0800a54c                __smakebuf_r
 .text.__sccl   0x0800a5ce       0x72 D:/ST/STM32CubeIDE_1.18.1/STM32CubeIDE/plugins/com.st.stm32cube.ide.mcu.externaltools.gnu-tools-for-stm32.13.3.rel1.win32_1.0.0.202411081344/tools/bin/../lib/gcc/arm-none-eabi/13.3.1/../../../../arm-none-eabi/lib/thumb/v6-m/nofp\libc_nano.a(libc_a-sccl.o)
                0x0800a5ce                __sccl
 .text.__submore
                0x0800a640       0x7c D:/ST/STM32CubeIDE_1.18.1/STM32CubeIDE/plugins/com.st.stm32cube.ide.mcu.externaltools.gnu-tools-for-stm32.13.3.rel1.win32_1.0.0.202411081344/tools/bin/../lib/gcc/arm-none-eabi/13.3.1/../../../../arm-none-eabi/lib/thumb/v6-m/nofp\libc_nano.a(libc_a-ungetc.o)
                0x0800a640                __submore
 .text._fstat_r
                0x0800a6bc       0x24 D:/ST/STM32CubeIDE_1.18.1/STM32CubeIDE/plugins/com.st.stm32cube.ide.mcu.externaltools.gnu-tools-for-stm32.13.3.rel1.win32_1.0.0.202411081344/tools/bin/../lib/gcc/arm-none-eabi/13.3.1/../../../../arm-none-eabi/lib/thumb/v6-m/nofp\libc_nano.a(libc_a-fstatr.o)
                0x0800a6bc                _fstat_r
 .text._isatty_r
                0x0800a6e0       0x24 D:/ST/STM32CubeIDE_1.18.1/STM32CubeIDE/plugins/com.st.stm32cube.ide.mcu.externaltools.gnu-tools-for-stm32.13.3.rel1.win32_1.0.0.202411081344/tools/bin/../lib/gcc/arm-none-eabi/13.3.1/../../../../arm-none-eabi/lib/thumb/v6-m/nofp\libc_nano.a(libc_a-isattyr.o)
                0x0800a6e0                _isatty_r
 .text._sbrk_r  0x0800a704       0x24 D:/ST/STM32CubeIDE_1.18.1/STM32CubeIDE/plugins/com.st.stm32cube.ide.mcu.externaltools.gnu-tools-for-stm32.13.3.rel1.win32_1.0.0.202411081344/tools/bin/../lib/gcc/arm-none-eabi/13.3.1/../../../../arm-none-eabi/lib/thumb/v6-m/nofp\libc_nano.a(libc_a-sbrkr.o)
                0x0800a704                _sbrk_r
 .text.memchr   0x0800a728       0x16 D:/ST/STM32CubeIDE_1.18.1/STM32CubeIDE/plugins/com.st.stm32cube.ide.mcu.externaltools.gnu-tools-for-stm32.13.3.rel1.win32_1.0.0.202411081344/tools/bin/../lib/gcc/arm-none-eabi/13.3.1/../../../../arm-none-eabi/lib/thumb/v6-m/nofp\libc_nano.a(libc_a-memchr-stub.o)
                0x0800a728                memchr
 .text._realloc_r
                0x0800a73e       0x60 D:/ST/STM32CubeIDE_1.18.1/STM32CubeIDE/plugins/com.st.stm32cube.ide.mcu.externaltools.gnu-tools-for-stm32.13.3.rel1.win32_1.0.0.202411081344/tools/bin/../lib/gcc/arm-none-eabi/13.3.1/../../../../arm-none-eabi/lib/thumb/v6-m/nofp\libc_nano.a(libc_a-reallocr.o)
                0x0800a73e                _realloc_r
 .text._malloc_usable_size_r
                0x0800a79e       0x10 D:/ST/STM32CubeIDE_1.18.1/STM32CubeIDE/plugins/com.st.stm32cube.ide.mcu.externaltools.gnu-tools-for-stm32.13.3.rel1.win32_1.0.0.202411081344/tools/bin/../lib/gcc/arm-none-eabi/13.3.1/../../../../arm-none-eabi/lib/thumb/v6-m/nofp\libc_nano.a(libc_a-msizer.o)
                0x0800a79e                _malloc_usable_size_r
 *fill*         0x0800a7ae        0x2 
 .text.ceil     0x0800a7b0       0xf0 D:/ST/STM32CubeIDE_1.18.1/STM32CubeIDE/plugins/com.st.stm32cube.ide.mcu.externaltools.gnu-tools-for-stm32.13.3.rel1.win32_1.0.0.202411081344/tools/bin/../lib/gcc/arm-none-eabi/13.3.1/../../../../arm-none-eabi/lib/thumb/v6-m/nofp\libm.a(libm_a-s_ceil.o)
                0x0800a7b0                ceil
 .text.floor    0x0800a8a0       0xf8 D:/ST/STM32CubeIDE_1.18.1/STM32CubeIDE/plugins/com.st.stm32cube.ide.mcu.externaltools.gnu-tools-for-stm32.13.3.rel1.win32_1.0.0.202411081344/tools/bin/../lib/gcc/arm-none-eabi/13.3.1/../../../../arm-none-eabi/lib/thumb/v6-m/nofp\libm.a(libm_a-s_floor.o)
                0x0800a8a0                floor
 .text.rint     0x0800a998      0x114 D:/ST/STM32CubeIDE_1.18.1/STM32CubeIDE/plugins/com.st.stm32cube.ide.mcu.externaltools.gnu-tools-for-stm32.13.3.rel1.win32_1.0.0.202411081344/tools/bin/../lib/gcc/arm-none-eabi/13.3.1/../../../../arm-none-eabi/lib/thumb/v6-m/nofp\libm.a(libm_a-s_rint.o)
                0x0800a998                rint
 *(.glue_7)
 .glue_7        0x0800aaac        0x0 linker stubs
 *(.glue_7t)
 .glue_7t       0x0800aaac        0x0 linker stubs
 *(.eh_frame)
 .eh_frame      0x0800aaac        0x0 D:/ST/STM32CubeIDE_1.18.1/STM32CubeIDE/plugins/com.st.stm32cube.ide.mcu.externaltools.gnu-tools-for-stm32.13.3.rel1.win32_1.0.0.202411081344/tools/bin/../lib/gcc/arm-none-eabi/13.3.1/thumb/v6-m/nofp/crtbegin.o
 *(.init)
 .init          0x0800aaac        0x4 D:/ST/STM32CubeIDE_1.18.1/STM32CubeIDE/plugins/com.st.stm32cube.ide.mcu.externaltools.gnu-tools-for-stm32.13.3.rel1.win32_1.0.0.202411081344/tools/bin/../lib/gcc/arm-none-eabi/13.3.1/thumb/v6-m/nofp/crti.o
                0x0800aaac                _init
 .init          0x0800aab0        0x8 D:/ST/STM32CubeIDE_1.18.1/STM32CubeIDE/plugins/com.st.stm32cube.ide.mcu.externaltools.gnu-tools-for-stm32.13.3.rel1.win32_1.0.0.202411081344/tools/bin/../lib/gcc/arm-none-eabi/13.3.1/thumb/v6-m/nofp/crtn.o
 *(.fini)
 .fini          0x0800aab8        0x4 D:/ST/STM32CubeIDE_1.18.1/STM32CubeIDE/plugins/com.st.stm32cube.ide.mcu.externaltools.gnu-tools-for-stm32.13.3.rel1.win32_1.0.0.202411081344/tools/bin/../lib/gcc/arm-none-eabi/13.3.1/thumb/v6-m/nofp/crti.o
                0x0800aab8                _fini
 .fini          0x0800aabc        0x8 D:/ST/STM32CubeIDE_1.18.1/STM32CubeIDE/plugins/com.st.stm32cube.ide.mcu.externaltools.gnu-tools-for-stm32.13.3.rel1.win32_1.0.0.202411081344/tools/bin/../lib/gcc/arm-none-eabi/13.3.1/thumb/v6-m/nofp/crtn.o
                0x0800aac4                        . = ALIGN (0x4)
                0x0800aac4                        _etext = .

.vfp11_veneer   0x0800aac4        0x0
 .vfp11_veneer  0x0800aac4        0x0 linker stubs

.v4_bx          0x0800aac4        0x0
 .v4_bx         0x0800aac4        0x0 linker stubs

.iplt           0x0800aac4        0x0
 .iplt          0x0800aac4        0x0 D:/ST/STM32CubeIDE_1.18.1/STM32CubeIDE/plugins/com.st.stm32cube.ide.mcu.externaltools.gnu-tools-for-stm32.13.3.rel1.win32_1.0.0.202411081344/tools/bin/../lib/gcc/arm-none-eabi/13.3.1/thumb/v6-m/nofp/crtbegin.o

.rodata         0x0800aac8      0xec8
                0x0800aac8                        . = ALIGN (0x4)
 *(.rodata)
 .rodata        0x0800aac8        0xc D:/ST/STM32CubeIDE_1.18.1/STM32CubeIDE/plugins/com.st.stm32cube.ide.mcu.externaltools.gnu-tools-for-stm32.13.3.rel1.win32_1.0.0.202411081344/tools/bin/../lib/gcc/arm-none-eabi/13.3.1/../../../../arm-none-eabi/lib/thumb/v6-m/nofp\libc_nano.a(libc_a-nano-vfscanf_i.o)
 .rodata        0x0800aad4       0x40 D:/ST/STM32CubeIDE_1.18.1/STM32CubeIDE/plugins/com.st.stm32cube.ide.mcu.externaltools.gnu-tools-for-stm32.13.3.rel1.win32_1.0.0.202411081344/tools/bin/../lib/gcc/arm-none-eabi/13.3.1/thumb/v6-m/nofp\libgcc.a(divdf3.o)
 *(.rodata*)
 *fill*         0x0800ab14        0x4 
 .rodata.RadioLoRaSymbTime
                0x0800ab18       0xc0 ./Core/LoraSDK/radio.o
 .rodata.Bandwidths
                0x0800abd8        0x4 ./Core/LoraSDK/radio.o
                0x0800abd8                Bandwidths
 .rodata.FskBandwidths
                0x0800abdc       0xb0 ./Core/LoraSDK/radio.o
                0x0800abdc                FskBandwidths
 .rodata.Radio  0x0800ac8c       0x6c ./Core/LoraSDK/radio.o
                0x0800ac8c                Radio
 .rodata.SX126xSetTxParams.cst1
                0x0800acf8        0x1 ./Core/LoraSDK/sx126x.o
 .rodata.NTN_Config_OnSaved.str1.1
                0x0800acf9      0xada ./Core/Src/main.o
                                 0x20 (size before relaxing)
 .rodata.main.str1.1
                0x0800b7d3      0x102 ./Core/Src/main.o
 .rodata.HAL_UART_RxCpltCallback.str1.1
                0x0800b7d3       0x23 ./Core/Src/main.o
 .rodata.PLLMulTable
                0x0800b7d3        0x9 ./Core/Src/system_stm32l0xx.o
                0x0800b7d3                PLLMulTable
 .rodata.APBPrescTable
                0x0800b7dc        0x8 ./Core/Src/system_stm32l0xx.o
                0x0800b7dc                APBPrescTable
 .rodata.AHBPrescTable
                0x0800b7e4       0x10 ./Core/Src/system_stm32l0xx.o
                0x0800b7e4                AHBPrescTable
 .rodata.default_cfg.constprop.0.str1.1
                0x0800b7f4        0xd ./Modules/ExtFlash/ntn_config.o
 .rodata.NTN_Config_ProcessLine.str1.1
                0x0800b7f4      0x19d ./Modules/ExtFlash/ntn_config.o
 .rodata.str1.1
                0x0800b7f4       0x10 ./Modules/ExtFlash/ntn_config.o
 .rodata.CSWTCH.18
                0x0800b7f4       0x10 ./Modules/ExtFlash/ntn_config.o
 .rodata.CSWTCH.16
                0x0800b804        0x6 ./Modules/ExtFlash/ntn_config.o
 .rodata.OnRxError.str1.1
                0x0800b80a       0x12 ./Modules/Lora/lorarx.o
 .rodata.OnRxTimeout.str1.1
                0x0800b80a       0x14 ./Modules/Lora/lorarx.o
 .rodata.OnRxDone.str1.1
                0x0800b80a       0x2d ./Modules/Lora/lorarx.o
 .rodata.LoraRx_Init.str1.1
                0x0800b80a       0x28 ./Modules/Lora/lorarx.o
 .rodata.RS485_UART_Init.str1.1
                0x0800b80a       0x14 ./Modules/RS485/rs485.o
 .rodata.RS485_WindQuery_Poll.str1.1
                0x0800b80a       0xbf ./Modules/RS485/rs485.o
 .rodata.str1.1
                0x0800b80a       0x4f ./Modules/RS485/rs485.o
 *fill*         0x0800b80a        0x2 
 .rodata.CSWTCH.40
                0x0800b80c       0x2c ./Modules/RS485/rs485.o
 .rodata.CMD_WIND_DIR
                0x0800b838        0x8 ./Modules/RS485/rs485.o
 .rodata.CMD_WIND_SPEED
                0x0800b840        0x8 ./Modules/RS485/rs485.o
 .rodata.NTN_CloseSocket.str1.1
                0x0800b848        0xe ./Modules/toNTN/toNTN.o
 .rodata.NTN_DropUdpSock.str1.1
                0x0800b848        0x3 ./Modules/toNTN/toNTN.o
 .rodata.NTN_Gate_SendWait.str1.1
                0x0800b848       0x14 ./Modules/toNTN/toNTN.o
 .rodata.NTN_Invalidate_UserSock_AndCfg.str1.1
                0x0800b848       0x22 ./Modules/toNTN/toNTN.o
 .rodata.NTN_SendHttpGet.str1.1
                0x0800b848       0x5d ./Modules/toNTN/toNTN.o
 .rodata.NTN_SendCfgQuery.str1.1
                0x0800b848        0x6 ./Modules/toNTN/toNTN.o
 .rodata.NTN_SendTest.str1.1
                0x0800b848      0x30d ./Modules/toNTN/toNTN.o
 .rodata.NTN_EnsureConfigReady.str1.1
                0x0800b848       0x24 ./Modules/toNTN/toNTN.o
 .rodata.NTN_SendPayloadUsingCfg.str1.1
                0x0800b848      0x237 ./Modules/toNTN/toNTN.o
 .rodata.NTN_Send_Payload_WithSrc.str1.1
                0x0800b848       0x2e ./Modules/toNTN/toNTN.o
 .rodata.NTN_SendHelloUsingCfg.str1.1
                0x0800b848        0x6 ./Modules/toNTN/toNTN.o
 .rodata.hex_tab.2
                0x0800b848       0x11 ./Modules/toNTN/toNTN.o
 .rodata.G_FAIL
                0x0800b859        0xc ./Modules/toNTN/toNTN.o
 .rodata.G_PASS
                0x0800b865        0xc ./Modules/toNTN/toNTN.o
 .rodata.G_BEG  0x0800b871        0xd ./Modules/toNTN/toNTN.o
 .rodata._ctype_
                0x0800b87e      0x101 D:/ST/STM32CubeIDE_1.18.1/STM32CubeIDE/plugins/com.st.stm32cube.ide.mcu.externaltools.gnu-tools-for-stm32.13.3.rel1.win32_1.0.0.202411081344/tools/bin/../lib/gcc/arm-none-eabi/13.3.1/../../../../arm-none-eabi/lib/thumb/v6-m/nofp\libc_nano.a(libc_a-ctype_.o)
                0x0800b87e                _ctype_
 .rodata._svfprintf_r.str1.1
                0x0800b97f       0x11 D:/ST/STM32CubeIDE_1.18.1/STM32CubeIDE/plugins/com.st.stm32cube.ide.mcu.externaltools.gnu-tools-for-stm32.13.3.rel1.win32_1.0.0.202411081344/tools/bin/../lib/gcc/arm-none-eabi/13.3.1/../../../../arm-none-eabi/lib/thumb/v6-m/nofp\libc_nano.a(libc_a-nano-svfprintf.o)
 .rodata.__ssvfscanf_r.str1.1
                0x0800b97f        0x4 D:/ST/STM32CubeIDE_1.18.1/STM32CubeIDE/plugins/com.st.stm32cube.ide.mcu.externaltools.gnu-tools-for-stm32.13.3.rel1.win32_1.0.0.202411081344/tools/bin/../lib/gcc/arm-none-eabi/13.3.1/../../../../arm-none-eabi/lib/thumb/v6-m/nofp\libc_nano.a(libc_a-nano-svfscanf.o)
 .rodata._vfprintf_r.str1.1
                0x0800b97f       0x11 D:/ST/STM32CubeIDE_1.18.1/STM32CubeIDE/plugins/com.st.stm32cube.ide.mcu.externaltools.gnu-tools-for-stm32.13.3.rel1.win32_1.0.0.202411081344/tools/bin/../lib/gcc/arm-none-eabi/13.3.1/../../../../arm-none-eabi/lib/thumb/v6-m/nofp\libc_nano.a(libc_a-nano-vfprintf.o)
 .rodata._printf_i.str1.1
                0x0800b97f       0x22 D:/ST/STM32CubeIDE_1.18.1/STM32CubeIDE/plugins/com.st.stm32cube.ide.mcu.externaltools.gnu-tools-for-stm32.13.3.rel1.win32_1.0.0.202411081344/tools/bin/../lib/gcc/arm-none-eabi/13.3.1/../../../../arm-none-eabi/lib/thumb/v6-m/nofp\libc_nano.a(libc_a-nano-vfprintf_i.o)
 .rodata._scanf_i.str1.1
                0x0800b97f       0x12 D:/ST/STM32CubeIDE_1.18.1/STM32CubeIDE/plugins/com.st.stm32cube.ide.mcu.externaltools.gnu-tools-for-stm32.13.3.rel1.win32_1.0.0.202411081344/tools/bin/../lib/gcc/arm-none-eabi/13.3.1/../../../../arm-none-eabi/lib/thumb/v6-m/nofp\libc_nano.a(libc_a-nano-vfscanf_i.o)
 .rodata.str1.1
                0x0800b97f        0x9 D:/ST/STM32CubeIDE_1.18.1/STM32CubeIDE/plugins/com.st.stm32cube.ide.mcu.externaltools.gnu-tools-for-stm32.13.3.rel1.win32_1.0.0.202411081344/tools/bin/../lib/gcc/arm-none-eabi/13.3.1/../../../../arm-none-eabi/lib/thumb/v6-m/nofp\libc_nano.a(libc_a-nano-vfscanf_i.o)
 *fill*         0x0800b97f        0x1 
 .rodata.TWO52  0x0800b980       0x10 D:/ST/STM32CubeIDE_1.18.1/STM32CubeIDE/plugins/com.st.stm32cube.ide.mcu.externaltools.gnu-tools-for-stm32.13.3.rel1.win32_1.0.0.202411081344/tools/bin/../lib/gcc/arm-none-eabi/13.3.1/../../../../arm-none-eabi/lib/thumb/v6-m/nofp\libm.a(libm_a-s_rint.o)
                0x0800b990                        . = ALIGN (0x4)

.ARM.extab      0x0800b990        0x0
                0x0800b990                        . = ALIGN (0x4)
 *(.ARM.extab* .gnu.linkonce.armextab.*)
                0x0800b990                        . = ALIGN (0x4)

.ARM            0x0800b990        0x8
                0x0800b990                        . = ALIGN (0x4)
                0x0800b990                        __exidx_start = .
 *(.ARM.exidx*)
 .ARM.exidx     0x0800b990        0x8 D:/ST/STM32CubeIDE_1.18.1/STM32CubeIDE/plugins/com.st.stm32cube.ide.mcu.externaltools.gnu-tools-for-stm32.13.3.rel1.win32_1.0.0.202411081344/tools/bin/../lib/gcc/arm-none-eabi/13.3.1/thumb/v6-m/nofp\libgcc.a(_udivmoddi4.o)
                0x0800b998                        __exidx_end = .
                0x0800b998                        . = ALIGN (0x4)

.preinit_array  0x0800b998        0x0
                0x0800b998                        . = ALIGN (0x4)
                0x0800b998                        PROVIDE (__preinit_array_start = .)
 *(.preinit_array*)
                0x0800b998                        PROVIDE (__preinit_array_end = .)
                0x0800b998                        . = ALIGN (0x4)

.init_array     0x0800b998        0x4
                0x0800b998                        . = ALIGN (0x4)
                0x0800b998                        PROVIDE (__init_array_start = .)
 *(SORT_BY_NAME(.init_array.*))
 *(.init_array*)
 .init_array    0x0800b998        0x4 D:/ST/STM32CubeIDE_1.18.1/STM32CubeIDE/plugins/com.st.stm32cube.ide.mcu.externaltools.gnu-tools-for-stm32.13.3.rel1.win32_1.0.0.202411081344/tools/bin/../lib/gcc/arm-none-eabi/13.3.1/thumb/v6-m/nofp/crtbegin.o
                0x0800b99c                        PROVIDE (__init_array_end = .)
                0x0800b99c                        . = ALIGN (0x4)

.fini_array     0x0800b99c        0x4
                0x0800b99c                        . = ALIGN (0x4)
                [!provide]                        PROVIDE (__fini_array_start = .)
 *(SORT_BY_NAME(.fini_array.*))
 *(.fini_array*)
 .fini_array    0x0800b99c        0x4 D:/ST/STM32CubeIDE_1.18.1/STM32CubeIDE/plugins/com.st.stm32cube.ide.mcu.externaltools.gnu-tools-for-stm32.13.3.rel1.win32_1.0.0.202411081344/tools/bin/../lib/gcc/arm-none-eabi/13.3.1/thumb/v6-m/nofp/crtbegin.o
                [!provide]                        PROVIDE (__fini_array_end = .)
                0x0800b9a0                        . = ALIGN (0x4)
                0x0800b9a0                        _sidata = LOADADDR (.data)

.rel.dyn        0x0800b9a0        0x0
 .rel.iplt      0x0800b9a0        0x0 D:/ST/STM32CubeIDE_1.18.1/STM32CubeIDE/plugins/com.st.stm32cube.ide.mcu.externaltools.gnu-tools-for-stm32.13.3.rel1.win32_1.0.0.202411081344/tools/bin/../lib/gcc/arm-none-eabi/13.3.1/thumb/v6-m/nofp/crtbegin.o

.data           0x20000000       0x80 load address 0x0800b9a0
                0x20000000                        . = ALIGN (0x4)
                0x20000000                        _sdata = .
 *(.data)
 *(.data*)
 .data.syncWord
                0x20000000        0x8 ./Core/LoraSDK/radio.o
                0x20000000                syncWord
 .data.MaxPayloadLength
                0x20000008        0x1 ./Core/LoraSDK/radio.o
                0x20000008                MaxPayloadLength
 .data.regulatorMode
                0x20000009        0x1 ./Core/LoraSDK/radio.o
                0x20000009                regulatorMode
 *fill*         0x2000000a        0x2 
 .data.SystemCoreClock
                0x2000000c        0x4 ./Core/Src/system_stm32l0xx.o
                0x2000000c                SystemCoreClock
 .data.uwTickFreq
                0x20000010        0x1 ./Drivers/STM32L0xx_HAL_Driver/Src/stm32l0xx_hal.o
                0x20000010                uwTickFreq
 *fill*         0x20000011        0x3 
 .data.uwTickPrio
                0x20000014        0x4 ./Drivers/STM32L0xx_HAL_Driver/Src/stm32l0xx_hal.o
                0x20000014                uwTickPrio
 .data.ntn_socket_id
                0x20000018        0x4 ./Modules/toNTN/toNTN.o
                0x20000018                ntn_socket_id
 .data.g_udp_sock
                0x2000001c        0x4 ./Modules/toNTN/toNTN.o
 .data.g_user_sock
                0x20000020        0x4 ./Modules/toNTN/toNTN.o
                0x20000020                g_user_sock
 .data.__sglue  0x20000024        0xc D:/ST/STM32CubeIDE_1.18.1/STM32CubeIDE/plugins/com.st.stm32cube.ide.mcu.externaltools.gnu-tools-for-stm32.13.3.rel1.win32_1.0.0.202411081344/tools/bin/../lib/gcc/arm-none-eabi/13.3.1/../../../../arm-none-eabi/lib/thumb/v6-m/nofp\libc_nano.a(libc_a-findfp.o)
                0x20000024                __sglue
 .data._impure_ptr
                0x20000030        0x4 D:/ST/STM32CubeIDE_1.18.1/STM32CubeIDE/plugins/com.st.stm32cube.ide.mcu.externaltools.gnu-tools-for-stm32.13.3.rel1.win32_1.0.0.202411081344/tools/bin/../lib/gcc/arm-none-eabi/13.3.1/../../../../arm-none-eabi/lib/thumb/v6-m/nofp\libc_nano.a(libc_a-impure.o)
                0x20000030                _impure_ptr
 .data._impure_data
                0x20000034       0x4c D:/ST/STM32CubeIDE_1.18.1/STM32CubeIDE/plugins/com.st.stm32cube.ide.mcu.externaltools.gnu-tools-for-stm32.13.3.rel1.win32_1.0.0.202411081344/tools/bin/../lib/gcc/arm-none-eabi/13.3.1/../../../../arm-none-eabi/lib/thumb/v6-m/nofp\libc_nano.a(libc_a-impure.o)
                0x20000034                _impure_data
 *(.RamFunc)
 *(.RamFunc*)
                0x20000080                        . = ALIGN (0x4)
                0x20000080                        _edata = .

.igot.plt       0x20000080        0x0 load address 0x0800ba20
 .igot.plt      0x20000080        0x0 D:/ST/STM32CubeIDE_1.18.1/STM32CubeIDE/plugins/com.st.stm32cube.ide.mcu.externaltools.gnu-tools-for-stm32.13.3.rel1.win32_1.0.0.202411081344/tools/bin/../lib/gcc/arm-none-eabi/13.3.1/thumb/v6-m/nofp/crtbegin.o
                0x20000080                        . = ALIGN (0x4)

.bss            0x20000080     0x1658 load address 0x0800ba20
                0x20000080                        _sbss = .
                0x20000080                        __bss_start__ = _sbss
 *(.bss)
 .bss           0x20000080       0x1c D:/ST/STM32CubeIDE_1.18.1/STM32CubeIDE/plugins/com.st.stm32cube.ide.mcu.externaltools.gnu-tools-for-stm32.13.3.rel1.win32_1.0.0.202411081344/tools/bin/../lib/gcc/arm-none-eabi/13.3.1/thumb/v6-m/nofp/crtbegin.o
 *(.bss*)
 .bss.SX126x    0x2000009c       0x3c ./Core/LoraSDK/radio.o
                0x2000009c                SX126x
 .bss.RadioEvents
                0x200000d8        0x4 ./Core/LoraSDK/radio.o
 .bss.RadioPublicNetwork
                0x200000dc        0x2 ./Core/LoraSDK/radio.o
 .bss.IrqFired  0x200000de        0x1 ./Core/LoraSDK/radio.o
                0x200000de                IrqFired
 .bss.RadioRxPayload
                0x200000df       0xff ./Core/LoraSDK/radio.o
                0x200000df                RadioRxPayload
 *fill*         0x200001de        0x2 
 .bss.RadioPktStatus
                0x200001e0       0x14 ./Core/LoraSDK/radio.o
                0x200001e0                RadioPktStatus
 .bss.RxContinuous
                0x200001f4        0x1 ./Core/LoraSDK/radio.o
                0x200001f4                RxContinuous
 *fill*         0x200001f5        0x3 
 .bss.RxTimeout
                0x200001f8        0x4 ./Core/LoraSDK/radio.o
                0x200001f8                RxTimeout
 .bss.TxTimeout
                0x200001fc        0x4 ./Core/LoraSDK/radio.o
                0x200001fc                TxTimeout
 .bss.isTxcoModule
                0x20000200        0x1 ./Core/LoraSDK/sx126x.o
 .bss.ImageCalibrated
                0x20000201        0x1 ./Core/LoraSDK/sx126x.o
 *fill*         0x20000202        0x2 