../Core/LoraSDK/radio.c:821:6:RadioCheckRfFrequency	0	static
../Core/LoraSDK/radio.c:1055:10:RadioGetWakeupTime	0	static
../Core/LoraSDK/radio.c:898:6:RadioStandby	8	static
../Core/LoraSDK/radio.c:500:6:RadioInit	8	static
../Core/LoraSDK/radio.c:518:14:RadioGetStatus	8	static
../Core/LoraSDK/radio.c:556:6:RadioSetChannel	8	static
../Core/LoraSDK/radio.c:984:9:RadioRssi	8	static
../Core/LoraSDK/radio.c:826:10:RadioTimeOnAir	48	static
../Core/LoraSDK/radio.c:866:6:RadioSend	16	static
../Core/LoraSDK/radio.c:888:6:RadioSleep	8	static
../Core/LoraSDK/radio.c:959:6:RadioSetRxDutyCycle	8	static
../Core/LoraSDK/radio.c:964:6:RadioStartCad	8	static
../Core/LoraSDK/radio.c:974:6:RadioSetTxContinuousWave	8	static
../Core/LoraSDK/radio.c:989:6:RadioWrite	8	static
../Core/LoraSDK/radio.c:994:9:RadioRead	8	static
../Core/LoraSDK/radio.c:999:6:RadioWriteBuffer	8	static
../Core/LoraSDK/radio.c:1004:6:RadioReadBuffer	8	static
../Core/LoraSDK/radio.c:477:16:RadioGetFskBandwidthRegValue	8	static
../Core/LoraSDK/radio.c:903:6:RadioRx	8	static
../Core/LoraSDK/radio.c:1019:6:RadioSetMaxPayloadLength	8	static
../Core/LoraSDK/radio.c:936:6:RadioRxBoosted	8	static
../Core/LoraSDK/radio.c:1081:6:RadioIrqProcess	40	static
../Core/LoraSDK/radio.c:1036:6:RadioSetPublicNetwork	8	static
../Core/LoraSDK/radio.c:533:6:RadioSetModem.part.0	8	static
../Core/LoraSDK/radio.c:533:6:RadioSetModem	8	static
../Core/LoraSDK/radio.c:561:6:RadioIsChannelFree	8	static
../Core/LoraSDK/radio.c:618:6:RadioSetRxConfig	56	static
../Core/LoraSDK/radio.c:729:6:RadioSetTxConfig	40	static
../Core/LoraSDK/radio.c:592:10:RadioRandom	16	static
../Core/LoraSDK/radio.c:496:6:RadioSetregulatorMode	0	static
../Core/LoraSDK/radio.c:969:6:RadioTx	8	static
../Core/LoraSDK/radio.c:1009:6:RadioWriteFifo	8	static
../Core/LoraSDK/radio.c:1014:6:RadioReadFifo	8	static
../Core/LoraSDK/radio.c:1060:6:RadioOnTxTimeoutIrq	8	static
../Core/LoraSDK/radio.c:1068:6:RadioOnRxTimeoutIrq	8	static
../Core/LoraSDK/radio.c:1076:6:RadioOnDioIrq	0	static
