../Core/LoraSDK/sx126x-board.c:18:20:NSS_L	8	static
../Core/LoraSDK/sx126x-board.c:19:20:NSS_H	8	static
../Core/LoraSDK/sx126x-board.c:21:6:HAL_Delay_nMS	16	static
../Core/LoraSDK/sx126x-board.c:26:16:SpiReadWrite	40	static
../Core/LoraSDK/sx126x-board.c:33:13:SpiWrite	24	static
../Core/LoraSDK/sx126x-board.c:38:13:SpiRead	32	static
../Core/LoraSDK/sx126x-board.c:47:6:SX126xReset	8	static
../Core/LoraSDK/sx126x-board.c:56:6:SX126xWaitOnBusy	16	static
../Core/LoraSDK/sx126x-board.c:65:6:SX126xWakeup	8	static
../Core/LoraSDK/sx126x-board.c:74:6:SX126xWriteCommand	16	static
../Core/LoraSDK/sx126x-board.c:88:6:SX126xReadCommand	16	static
../Core/LoraSDK/sx126x-board.c:99:6:SX126xWriteRegisters	16	static
../Core/LoraSDK/sx126x-board.c:111:6:SX126xWriteRegister	16	static
../Core/LoraSDK/sx126x-board.c:116:6:SX126xReadRegisters	16	static
../Core/LoraSDK/sx126x-board.c:129:9:SX126xReadRegister	32	static
../Core/LoraSDK/sx126x-board.c:136:6:SX126xWriteBuffer	16	static
../Core/LoraSDK/sx126x-board.c:147:6:SX126xReadBuffer	16	static
../Core/LoraSDK/sx126x-board.c:159:6:SX126xSetRfTxPower	16	static
../Core/LoraSDK/sx126x-board.c:164:9:SX126xGetPaSelect	16	static
../Core/LoraSDK/sx126x-board.c:170:6:SX126xAntSwOn	8	static
../Core/LoraSDK/sx126x-board.c:171:6:SX126xAntSwOff	8	static
../Core/LoraSDK/sx126x-board.c:173:6:SX126xCheckRfFrequency	16	static
