../Core/LoraSDK/sx126x.c:83:6:SX126xEnableTxco	0	static
../Core/LoraSDK/sx126x.c:105:23:SX126xGetOperatingMode	0	static
../Core/LoraSDK/sx126x.c:110:6:SX126xCheckDeviceReady	8	static
../Core/LoraSDK/sx126x.c:121:6:SX126xSetPayload	8	static
../Core/LoraSDK/sx126x.c:145:9:SX126xSetSyncWord	8	static
../Core/LoraSDK/sx126x.c:151:6:SX126xSetCrcSeed	16	static
../Core/LoraSDK/sx126x.c:169:6:SX126xSetCrcPolynomial	16	static
../Core/LoraSDK/sx126x.c:187:6:SX126xSetWhiteningSeed	8	static
../Core/LoraSDK/sx126x.c:221:6:SX126xSetSleep	16	static
../Core/LoraSDK/sx126x.c:229:6:SX126xSetStandby	16	static
../Core/LoraSDK/sx126x.c:242:6:SX126xSetFs	8	static
../Core/LoraSDK/sx126x.c:248:6:SX126xSetTx	16	static
../Core/LoraSDK/sx126x.c:139:6:SX126xSendPayload	8	static
../Core/LoraSDK/sx126x.c:260:6:SX126xSetRx	16	static
../Core/LoraSDK/sx126x.c:205:10:SX126xGetRandom	16	static
../Core/LoraSDK/sx126x.c:272:6:SX126xSetRxBoosted	16	static
../Core/LoraSDK/sx126x.c:286:6:SX126xSetRxDutyCycle	16	static
../Core/LoraSDK/sx126x.c:300:6:SX126xSetCad	8	static
../Core/LoraSDK/sx126x.c:306:6:SX126xSetTxContinuousWave	8	static
../Core/LoraSDK/sx126x.c:311:6:SX126xSetTxInfinitePreamble	8	static
../Core/LoraSDK/sx126x.c:316:6:SX126xSetStopRxTimerOnPreambleDetect	16	static
../Core/LoraSDK/sx126x.c:321:6:SX126xSetLoRaSymbNumTimeout	16	static
../Core/LoraSDK/sx126x.c:326:6:SX126xSetRegulatorMode	16	static
../Core/LoraSDK/sx126x.c:331:6:SX126xCalibrate	16	static
../Core/LoraSDK/sx126x.c:336:6:SX126xCalibrateImage	16	static
../Core/LoraSDK/sx126x.c:373:6:SX126xSetPaConfig	16	static
../Core/LoraSDK/sx126x.c:384:6:SX126xSetRxTxFallbackMode	16	static
../Core/LoraSDK/sx126x.c:389:6:SX126xSetDioIrqParams	16	static
../Core/LoraSDK/sx126x.c:404:10:SX126xGetIrqStatus	16	static
../Core/LoraSDK/sx126x.c:412:6:SX126xSetDio2AsRfSwitchCtrl	16	static
../Core/LoraSDK/sx126x.c:417:6:SX126xSetDio3AsTcxoCtrl	16	static
../Core/LoraSDK/sx126x.c:87:6:SX126xInit	8	static
../Core/LoraSDK/sx126x.c:429:6:SX126xSetRfFrequency	24	static
../Core/LoraSDK/sx126x.c:448:6:SX126xSetPacketType	16	static
../Core/LoraSDK/sx126x.c:455:20:SX126xGetPacketType	0	static
../Core/LoraSDK/sx126x.c:460:6:SX126xSetTxParams	32	static
../Core/LoraSDK/sx126x.c:502:6:SX126xSetModulationParams	16	static
../Core/LoraSDK/sx126x.c:547:6:SX126xSetPacketParams	32	static
../Core/LoraSDK/sx126x.c:606:6:SX126xSetCadParams	24	static
../Core/LoraSDK/sx126x.c:621:6:SX126xSetBufferBaseAddress	16	static
../Core/LoraSDK/sx126x.c:630:15:SX126xGetStatus	16	static
../Core/LoraSDK/sx126x.c:640:8:SX126xGetRssiInst	16	static
../Core/LoraSDK/sx126x.c:650:6:SX126xGetRxBufferStatus	24	static
../Core/LoraSDK/sx126x.c:126:9:SX126xGetPayload	32	static
../Core/LoraSDK/sx126x.c:669:6:SX126xGetPacketStatus	24	static
../Core/LoraSDK/sx126x.c:702:14:SX126xGetDeviceErrors	16	static
../Core/LoraSDK/sx126x.c:710:6:SX126xClearDeviceErrors	16	static
../Core/LoraSDK/sx126x.c:716:6:SX126xClearIrqStatus	16	static
