../Modules/toNTN/toNTN.c:100:12:hex_val	0	static
../Modules/toNTN/toNTN.c:215:20:NTN_RxTerminateSafe	0	static,ignoring_inline_asm
../Modules/toNTN/toNTN.c:969:13:Gate_Print	8	static
../Modules/toNTN/toNTN.c:329:13:NTN_CloseSocket	16	static
../Modules/toNTN/toNTN.c:336:13:NTN_DropUdpSock	16	static
../Modules/toNTN/toNTN.c:975:12:NTN_Gate_SendWait	24	static
../Modules/toNTN/toNTN.c:311:12:NTN_BytesToHex_Into.constprop	20	static
../Modules/toNTN/toNTN.c:61:6:NTN_Invalidate_UserSock_AndCfg	16	static
../Modules/toNTN/toNTN.c:408:5:NTN_EnqueueLoRa	24	static,ignoring_inline_asm
../Modules/toNTN/toNTN.c:447:5:NTN_ParseConfigJson	16	static
../Modules/toNTN/toNTN.c:848:6:NTN_SendHttpGet	40	static
../Modules/toNTN/toNTN.c:880:6:NTN_SendCfgQuery	40	static
../Modules/toNTN/toNTN.c:1167:6:NTN_SendTest	96	static
../Modules/toNTN/toNTN.c:533:5:NTN_EnsureConfigReady	32	static
../Modules/toNTN/toNTN.c:559:5:NTN_SendPayloadUsingCfg	64	static
../Modules/toNTN/toNTN.c:821:5:NTN_Send_Payload_WithSrc	16	static
../Modules/toNTN/toNTN.c:429:6:NTN_FlushLoRaQueue	16	static,ignoring_inline_asm
../Modules/toNTN/toNTN.c:841:5:NTN_SendHelloUsingCfg	16	static
