../Modules/toNTN/toNTN.c:50:6:NTN_Invalidate_UserSock_AndCfg	16	static
../Modules/toNTN/toNTN.c:78:13:JsonStream_Reset	8	static
../Modules/toNTN/toNTN.c:86:12:hex_val	16	static
../Modules/toNTN/toNTN.c:95:12:JsonStream_FeedHex	32	static
../Modules/toNTN/toNTN.c:147:19:NTN_SnapshotRxLen	16	static,ignoring_inline_asm
../Modules/toNTN/toNTN.c:158:20:NTN_RxTerminateSafe	16	static
../Modules/toNTN/toNTN.c:165:12:NTN_BytesToHex_Into	40	static
../Modules/toNTN/toNTN.c:183:13:NTN_CloseSocket	24	static
../Modules/toNTN/toNTN.c:191:12:NTN_LoraQ_IsFull	16	static
../Modules/toNTN/toNTN.c:197:12:NTN_LoraQ_IsEmpty	8	static
../Modules/toNTN/toNTN.c:202:5:NTN_EnqueueLoRa	32	static,ignoring_inline_asm
../Modules/toNTN/toNTN.c:223:6:NTN_FlushLoRaQueue	16	static,ignoring_inline_asm
../Modules/toNTN/toNTN.c:241:5:NTN_ParseConfigJson	24	static
../Modules/toNTN/toNTN.c:274:13:NTN_CommitCfgFromJson	88	static
../Modules/toNTN/toNTN.c:300:5:NTN_EnsureConfigReady	24	static
../Modules/toNTN/toNTN.c:326:5:NTN_SendPayloadUsingCfg	88	static
../Modules/toNTN/toNTN.c:589:5:NTN_Send_Payload_WithSrc	32	static
../Modules/toNTN/toNTN.c:609:5:NTN_SendHelloUsingCfg	16	static
../Modules/toNTN/toNTN.c:616:6:NTN_SendHttpGet	64	static
../Modules/toNTN/toNTN.c:650:12:NTN_ParseNsorfLine	56	static
../Modules/toNTN/toNTN.c:707:6:NTN_SendTest	96	static
../Modules/toNTN/toNTN.c:917:13:NTN_TryFetchConfigOnce	8	static
