../Modules/ExtFlash/extflash_w25q16.c:20:20:CS_L	8	static
../Modules/ExtFlash/extflash_w25q16.c:21:20:CS_H	8	static
../Modules/ExtFlash/extflash_w25q16.c:23:6:ExtFlash_Init	24	static
../Modules/ExtFlash/extflash_w25q16.c:40:9:ExtFlash_ReadSR1	24	static
../Modules/ExtFlash/extflash_w25q16.c:52:12:WriteEnable	24	static
../Modules/ExtFlash/extflash_w25q16.c:64:5:ExtFlash_WaitReady	24	static
../Modules/ExtFlash/extflash_w25q16.c:77:5:ExtFlash_ReadJedecId	32	static
../Modules/ExtFlash/extflash_w25q16.c:93:5:ExtFlash_Read	32	static
../Modules/ExtFlash/extflash_w25q16.c:108:5:ExtFlash_Erase4K	32	static
../Modules/ExtFlash/extflash_w25q16.c:147:5:ExtFlash_Write	48	static
