../Modules/ExtFlash/ntn_config.c:35:13:default_cfg	16	static
../Modules/ExtFlash/ntn_config.c:50:17:calc_crc	16	static
../Modules/ExtFlash/ntn_config.c:56:12:cfg_valid	32	static
../Modules/ExtFlash/ntn_config.c:69:28:NTN_Config_OnSaved	16	static
../Modules/ExtFlash/ntn_config.c:74:6:NTN_Config_Init	80	static
../Modules/ExtFlash/ntn_config.c:103:18:NTN_Config_Get	8	static
../Modules/ExtFlash/ntn_config.c:108:6:NTN_Config_ResetDefault	8	static
../Modules/ExtFlash/ntn_config.c:114:5:NTN_Config_Save	168	static
../Modules/ExtFlash/ntn_config.c:146:12:strieq	24	static
../Modules/ExtFlash/ntn_config.c:157:13:trim_space	24	static
../Modules/ExtFlash/ntn_config.c:169:20:skip_word	16	static
../Modules/ExtFlash/ntn_config.c:178:17:bw_to_khz	16	static
../Modules/ExtFlash/ntn_config.c:189:20:cr_to_str	16	static
../Modules/ExtFlash/ntn_config.c:203:20:onoff	16	static
../Modules/ExtFlash/ntn_config.c:208:20:pubnet_str	16	static
../Modules/ExtFlash/ntn_config.c:215:5:NTN_Config_ProcessLine	640	static
