../Modules/ExtFlash/ntn_config.c:146:12:strieq	16	static
../Modules/ExtFlash/ntn_config.c:169:20:skip_word	0	static
../Modules/ExtFlash/ntn_config.c:50:17:calc_crc	8	static
../Modules/ExtFlash/ntn_config.c:35:13:default_cfg.constprop	16	static
../Modules/ExtFlash/ntn_config.c:69:28:NTN_Config_OnSaved	0	static
../Modules/ExtFlash/ntn_config.c:74:6:NTN_Config_Init	88	static
../Modules/ExtFlash/ntn_config.c:103:18:NTN_Config_Get	0	static
../Modules/ExtFlash/ntn_config.c:108:6:NTN_Config_ResetDefault	8	static
../Modules/ExtFlash/ntn_config.c:114:5:NTN_Config_Save	168	static
../Modules/ExtFlash/ntn_config.c:215:5:NTN_Config_ProcessLine	592	static
